{"timestamp":"2026-06-14T15:52:44.135810Z","level":"info","event":"DAG bundles loaded: dags-folder","logger":"airflow.dag_processing.bundles.manager.DagBundlesManager","filename":"manager.py","lineno":209}
{"timestamp":"2026-06-14T15:52:44.137878Z","level":"info","event":"Filling up the DagBag from /opt/airflow/dags/reporting_dag.py","logger":"airflow.dag_processing.dagbag.BundleDagBag","filename":"dagbag.py","lineno":469}
{"timestamp":"2026-06-14T15:52:46.330342Z","level":"info","event":"\u001b[0m15:52:46  Running with dbt=1.11.11","logger":"task.stdout"}
{"timestamp":"2026-06-14T15:52:48.744160Z","level":"info","event":"\u001b[0m15:52:48  Registered adapter: databricks=1.12.1","logger":"task.stdout"}
{"timestamp":"2026-06-14T15:52:52.124303Z","level":"info","event":"\u001b[0m15:52:52  Found 9 models, 30 data tests, 6 sources, 1145 macros","logger":"task.stdout"}
{"timestamp":"2026-06-14T15:52:52.138943Z","level":"info","event":"\u001b[0m15:52:52","logger":"task.stdout"}
{"timestamp":"2026-06-14T15:52:52.140606Z","level":"info","event":"\u001b[0m15:52:52  Concurrency: 1 threads (target='dev')","logger":"task.stdout"}
{"timestamp":"2026-06-14T15:52:52.146842Z","level":"info","event":"\u001b[0m15:52:52","logger":"task.stdout"}
{"timestamp":"2026-06-14T15:52:58.235291Z","level":"info","event":"\u001b[0m15:52:58  1 of 3 START sql table model reporting.agg_ritten_per_bureau ................... [RUN]","logger":"task.stdout"}
{"timestamp":"2026-06-14T15:53:03.281533Z","level":"info","event":"\u001b[0m15:53:03  1 of 3 OK created sql table model reporting.agg_ritten_per_bureau .............. [\u001b[32mOK\u001b[0m in 5.04s]","logger":"task.stdout"}
{"timestamp":"2026-06-14T15:53:03.285364Z","level":"info","event":"\u001b[0m15:53:03  2 of 3 START sql table model reporting.agg_ritten_per_dag ...................... [RUN]","logger":"task.stdout"}
{"timestamp":"2026-06-14T15:53:07.282808Z","level":"info","event":"\u001b[0m15:53:07  2 of 3 OK created sql table model reporting.agg_ritten_per_dag ................. [\u001b[32mOK\u001b[0m in 3.99s]","logger":"task.stdout"}
{"timestamp":"2026-06-14T15:53:07.287473Z","level":"info","event":"\u001b[0m15:53:07  3 of 3 START sql table model reporting.agg_ritten_per_route .................... [RUN]","logger":"task.stdout"}
{"timestamp":"2026-06-14T15:53:12.003717Z","level":"info","event":"\u001b[0m15:53:12  3 of 3 OK created sql table model reporting.agg_ritten_per_route ............... [\u001b[32mOK\u001b[0m in 4.71s]","logger":"task.stdout"}
{"timestamp":"2026-06-14T15:53:12.020222Z","level":"info","event":"\u001b[0m15:53:12","logger":"task.stdout"}
{"timestamp":"2026-06-14T15:53:12.022751Z","level":"info","event":"\u001b[0m15:53:12  Finished running 3 table models in 0 hours 0 minutes and 19.87 seconds (19.87s).","logger":"task.stdout"}
{"timestamp":"2026-06-14T15:53:12.312901Z","level":"info","event":"\u001b[0m15:53:12","logger":"task.stdout"}
{"timestamp":"2026-06-14T15:53:12.314366Z","level":"info","event":"\u001b[0m15:53:12  \u001b[32mCompleted successfully\u001b[0m","logger":"task.stdout"}
{"timestamp":"2026-06-14T15:53:12.317157Z","level":"info","event":"\u001b[0m15:53:12","logger":"task.stdout"}
{"timestamp":"2026-06-14T15:53:12.318453Z","level":"info","event":"\u001b[0m15:53:12  Done. PASS=3 WARN=0 ERROR=0 SKIP=0 NO-OP=0 TOTAL=3","logger":"task.stdout"}
{"timestamp":"2026-06-14T15:53:13.564321Z","level":"info","event":"Done. Returned value was: None","logger":"airflow.task.operators.airflow.providers.standard.decorators.python._PythonDecoratedOperator","filename":"python.py","lineno":229}
