{"timestamp":"2026-06-14T16:50:08.688944Z","level":"info","event":"DAG bundles loaded: dags-folder","logger":"airflow.dag_processing.bundles.manager.DagBundlesManager","filename":"manager.py","lineno":209}
{"timestamp":"2026-06-14T16:50:08.690797Z","level":"info","event":"Filling up the DagBag from /opt/airflow/dags/reporting_dag.py","logger":"airflow.dag_processing.dagbag.BundleDagBag","filename":"dagbag.py","lineno":469}
{"timestamp":"2026-06-14T16:50:10.507756Z","level":"info","event":"\u001b[0m16:50:10  Running with dbt=1.11.11","logger":"task.stdout"}
{"timestamp":"2026-06-14T16:50:12.366740Z","level":"info","event":"\u001b[0m16:50:12  Registered adapter: databricks=1.12.1","logger":"task.stdout"}
{"timestamp":"2026-06-14T16:50:14.888673Z","level":"info","event":"\u001b[0m16:50:14  Found 9 models, 41 data tests, 6 sources, 1145 macros","logger":"task.stdout"}
{"timestamp":"2026-06-14T16:50:14.904750Z","level":"info","event":"\u001b[0m16:50:14","logger":"task.stdout"}
{"timestamp":"2026-06-14T16:50:14.906016Z","level":"info","event":"\u001b[0m16:50:14  Concurrency: 1 threads (target='dev')","logger":"task.stdout"}
{"timestamp":"2026-06-14T16:50:14.907195Z","level":"info","event":"\u001b[0m16:50:14","logger":"task.stdout"}
{"timestamp":"2026-06-14T16:50:20.749993Z","level":"info","event":"\u001b[0m16:50:20  1 of 3 START sql table model reporting.agg_ritten_per_bureau ................... [RUN]","logger":"task.stdout"}
{"timestamp":"2026-06-14T16:50:25.019661Z","level":"info","event":"\u001b[0m16:50:25  1 of 3 OK created sql table model reporting.agg_ritten_per_bureau .............. [\u001b[32mOK\u001b[0m in 4.26s]","logger":"task.stdout"}
{"timestamp":"2026-06-14T16:50:25.036776Z","level":"info","event":"\u001b[0m16:50:25  2 of 3 START sql table model reporting.agg_ritten_per_dag ...................... [RUN]","logger":"task.stdout"}
{"timestamp":"2026-06-14T16:50:29.319951Z","level":"info","event":"\u001b[0m16:50:29  2 of 3 OK created sql table model reporting.agg_ritten_per_dag ................. [\u001b[32mOK\u001b[0m in 4.29s]","logger":"task.stdout"}
{"timestamp":"2026-06-14T16:50:29.328806Z","level":"info","event":"\u001b[0m16:50:29  3 of 3 START sql table model reporting.agg_ritten_per_route .................... [RUN]","logger":"task.stdout"}
{"timestamp":"2026-06-14T16:50:33.884583Z","level":"info","event":"\u001b[0m16:50:33  3 of 3 OK created sql table model reporting.agg_ritten_per_route ............... [\u001b[32mOK\u001b[0m in 4.55s]","logger":"task.stdout"}
{"timestamp":"2026-06-14T16:50:33.902232Z","level":"info","event":"\u001b[0m16:50:33","logger":"task.stdout"}
{"timestamp":"2026-06-14T16:50:33.903043Z","level":"info","event":"\u001b[0m16:50:33  Finished running 3 table models in 0 hours 0 minutes and 18.99 seconds (18.99s).","logger":"task.stdout"}
{"timestamp":"2026-06-14T16:50:34.124403Z","level":"info","event":"\u001b[0m16:50:34","logger":"task.stdout"}
{"timestamp":"2026-06-14T16:50:34.125438Z","level":"info","event":"\u001b[0m16:50:34  \u001b[32mCompleted successfully\u001b[0m","logger":"task.stdout"}
{"timestamp":"2026-06-14T16:50:34.126374Z","level":"info","event":"\u001b[0m16:50:34","logger":"task.stdout"}
{"timestamp":"2026-06-14T16:50:34.127234Z","level":"info","event":"\u001b[0m16:50:34  Done. PASS=3 WARN=0 ERROR=0 SKIP=0 NO-OP=0 TOTAL=3","logger":"task.stdout"}
{"timestamp":"2026-06-14T16:50:35.240227Z","level":"info","event":"Done. Returned value was: None","logger":"airflow.task.operators.airflow.providers.standard.decorators.python._PythonDecoratedOperator","filename":"python.py","lineno":229}
