{"timestamp":"2026-06-14T16:10:10.289338Z","level":"info","event":"DAG bundles loaded: dags-folder","logger":"airflow.dag_processing.bundles.manager.DagBundlesManager","filename":"manager.py","lineno":209}
{"timestamp":"2026-06-14T16:10:10.292337Z","level":"info","event":"Filling up the DagBag from /opt/airflow/dags/reporting_dag.py","logger":"airflow.dag_processing.dagbag.BundleDagBag","filename":"dagbag.py","lineno":469}
{"timestamp":"2026-06-14T16:10:12.591636Z","level":"info","event":"\u001b[0m16:10:12  Running with dbt=1.11.11","logger":"task.stdout"}
{"timestamp":"2026-06-14T16:10:15.412347Z","level":"info","event":"\u001b[0m16:10:15  Registered adapter: databricks=1.12.1","logger":"task.stdout"}
{"timestamp":"2026-06-14T16:10:18.699663Z","level":"info","event":"\u001b[0m16:10:18  Found 9 models, 30 data tests, 6 sources, 1145 macros","logger":"task.stdout"}
{"timestamp":"2026-06-14T16:10:18.707995Z","level":"info","event":"\u001b[0m16:10:18","logger":"task.stdout"}
{"timestamp":"2026-06-14T16:10:18.709658Z","level":"info","event":"\u001b[0m16:10:18  Concurrency: 1 threads (target='dev')","logger":"task.stdout"}
{"timestamp":"2026-06-14T16:10:18.711174Z","level":"info","event":"\u001b[0m16:10:18","logger":"task.stdout"}
{"timestamp":"2026-06-14T16:10:24.416982Z","level":"info","event":"\u001b[0m16:10:24  1 of 3 START sql table model reporting.agg_ritten_per_bureau ................... [RUN]","logger":"task.stdout"}
{"timestamp":"2026-06-14T16:10:28.525631Z","level":"info","event":"\u001b[0m16:10:28  1 of 3 OK created sql table model reporting.agg_ritten_per_bureau .............. [\u001b[32mOK\u001b[0m in 4.10s]","logger":"task.stdout"}
{"timestamp":"2026-06-14T16:10:28.530597Z","level":"info","event":"\u001b[0m16:10:28  2 of 3 START sql table model reporting.agg_ritten_per_dag ...................... [RUN]","logger":"task.stdout"}
{"timestamp":"2026-06-14T16:10:32.567023Z","level":"info","event":"\u001b[0m16:10:32  2 of 3 OK created sql table model reporting.agg_ritten_per_dag ................. [\u001b[32mOK\u001b[0m in 4.03s]","logger":"task.stdout"}
{"timestamp":"2026-06-14T16:10:32.595184Z","level":"info","event":"\u001b[0m16:10:32  3 of 3 START sql table model reporting.agg_ritten_per_route .................... [RUN]","logger":"task.stdout"}
{"timestamp":"2026-06-14T16:10:36.689009Z","level":"info","event":"\u001b[0m16:10:36  3 of 3 OK created sql table model reporting.agg_ritten_per_route ............... [\u001b[32mOK\u001b[0m in 4.11s]","logger":"task.stdout"}
{"timestamp":"2026-06-14T16:10:36.696891Z","level":"info","event":"\u001b[0m16:10:36","logger":"task.stdout"}
{"timestamp":"2026-06-14T16:10:36.698962Z","level":"info","event":"\u001b[0m16:10:36  Finished running 3 table models in 0 hours 0 minutes and 17.98 seconds (17.98s).","logger":"task.stdout"}
{"timestamp":"2026-06-14T16:10:37.085616Z","level":"info","event":"\u001b[0m16:10:37","logger":"task.stdout"}
{"timestamp":"2026-06-14T16:10:37.086968Z","level":"info","event":"\u001b[0m16:10:37  \u001b[32mCompleted successfully\u001b[0m","logger":"task.stdout"}
{"timestamp":"2026-06-14T16:10:37.088637Z","level":"info","event":"\u001b[0m16:10:37","logger":"task.stdout"}
{"timestamp":"2026-06-14T16:10:37.089959Z","level":"info","event":"\u001b[0m16:10:37  Done. PASS=3 WARN=0 ERROR=0 SKIP=0 NO-OP=0 TOTAL=3","logger":"task.stdout"}
{"timestamp":"2026-06-14T16:10:38.295478Z","level":"info","event":"Done. Returned value was: None","logger":"airflow.task.operators.airflow.providers.standard.decorators.python._PythonDecoratedOperator","filename":"python.py","lineno":229}
