{"timestamp":"2026-06-12T14:40:44.740176Z","level":"info","event":"DAG bundles loaded: dags-folder","logger":"airflow.dag_processing.bundles.manager.DagBundlesManager","filename":"manager.py","lineno":209}
{"timestamp":"2026-06-12T14:40:44.800669Z","level":"info","event":"Filling up the DagBag from /opt/airflow/dags/reporting_dag.py","logger":"airflow.dag_processing.dagbag.BundleDagBag","filename":"dagbag.py","lineno":469}
{"timestamp":"2026-06-12T14:40:46.724075Z","level":"info","event":"\u001b[0m14:40:46  Running with dbt=1.11.11","logger":"task.stdout"}
{"timestamp":"2026-06-12T14:40:48.380139Z","level":"info","event":"\u001b[0m14:40:48  Registered adapter: databricks=1.12.1","logger":"task.stdout"}
{"timestamp":"2026-06-12T14:40:50.928748Z","level":"info","event":"\u001b[0m14:40:50  Found 10 models, 30 data tests, 6 sources, 1145 macros","logger":"task.stdout"}
{"timestamp":"2026-06-12T14:40:50.942630Z","level":"info","event":"\u001b[0m14:40:50","logger":"task.stdout"}
{"timestamp":"2026-06-12T14:40:50.943658Z","level":"info","event":"\u001b[0m14:40:50  Concurrency: 1 threads (target='dev')","logger":"task.stdout"}
{"timestamp":"2026-06-12T14:40:50.944690Z","level":"info","event":"\u001b[0m14:40:50","logger":"task.stdout"}
{"timestamp":"2026-06-12T14:40:59.710615Z","level":"info","event":"\u001b[0m14:40:59  1 of 4 START sql table model reporting.agg_ritten_per_bureau ................... [RUN]","logger":"task.stdout"}
{"timestamp":"2026-06-12T14:41:05.728436Z","level":"info","event":"\u001b[0m14:41:05  1 of 4 OK created sql table model reporting.agg_ritten_per_bureau .............. [\u001b[32mOK\u001b[0m in 6.01s]","logger":"task.stdout"}
{"timestamp":"2026-06-12T14:41:05.732973Z","level":"info","event":"\u001b[0m14:41:05  2 of 4 START sql table model reporting.agg_ritten_per_dag ...................... [RUN]","logger":"task.stdout"}
{"timestamp":"2026-06-12T14:41:10.324017Z","level":"info","event":"\u001b[0m14:41:10  2 of 4 OK created sql table model reporting.agg_ritten_per_dag ................. [\u001b[32mOK\u001b[0m in 4.59s]","logger":"task.stdout"}
{"timestamp":"2026-06-12T14:41:10.337196Z","level":"info","event":"\u001b[0m14:41:10  3 of 4 START sql table model reporting.agg_ritten_per_route .................... [RUN]","logger":"task.stdout"}
{"timestamp":"2026-06-12T14:41:15.792059Z","level":"info","event":"\u001b[0m14:41:15  3 of 4 OK created sql table model reporting.agg_ritten_per_route ............... [\u001b[32mOK\u001b[0m in 5.46s]","logger":"task.stdout"}
{"timestamp":"2026-06-12T14:41:15.795426Z","level":"info","event":"\u001b[0m14:41:15  4 of 4 START sql table model reporting.agg_rituitval ........................... [RUN]","logger":"task.stdout"}
{"timestamp":"2026-06-12T14:41:21.613925Z","level":"info","event":"\u001b[0m14:41:21  4 of 4 OK created sql table model reporting.agg_rituitval ...................... [\u001b[32mOK\u001b[0m in 5.82s]","logger":"task.stdout"}
{"timestamp":"2026-06-12T14:41:21.620837Z","level":"info","event":"\u001b[0m14:41:21","logger":"task.stdout"}
{"timestamp":"2026-06-12T14:41:21.622225Z","level":"info","event":"\u001b[0m14:41:21  Finished running 4 table models in 0 hours 0 minutes and 30.68 seconds (30.68s).","logger":"task.stdout"}
{"timestamp":"2026-06-12T14:41:21.804499Z","level":"info","event":"\u001b[0m14:41:21","logger":"task.stdout"}
{"timestamp":"2026-06-12T14:41:21.805746Z","level":"info","event":"\u001b[0m14:41:21  \u001b[32mCompleted successfully\u001b[0m","logger":"task.stdout"}
{"timestamp":"2026-06-12T14:41:21.806840Z","level":"info","event":"\u001b[0m14:41:21","logger":"task.stdout"}
{"timestamp":"2026-06-12T14:41:21.808571Z","level":"info","event":"\u001b[0m14:41:21  Done. PASS=4 WARN=0 ERROR=0 SKIP=0 NO-OP=0 TOTAL=4","logger":"task.stdout"}
{"timestamp":"2026-06-12T14:41:23.514992Z","level":"info","event":"Done. Returned value was: None","logger":"airflow.task.operators.airflow.providers.standard.decorators.python._PythonDecoratedOperator","filename":"python.py","lineno":229}
