{"timestamp":"2026-06-12T13:34:08.116190Z","level":"info","event":"Filling up the DagBag from /opt/airflow/dags/reporting_dag.py","logger":"airflow.dag_processing.dagbag.BundleDagBag","filename":"dagbag.py","lineno":469}
{"timestamp":"2026-06-12T13:34:08.476876Z","level":"warning","event":"The `airflow.decorators.dag` attribute is deprecated. Please use `'airflow.sdk.dag'`.","category":"UserWarning","filename":"/opt/airflow/dags/reporting_dag.py","lineno":1,"logger":"py.warnings"}
{"timestamp":"2026-06-12T13:34:08.477323Z","level":"warning","event":"The `airflow.decorators.task` attribute is deprecated. Please use `'airflow.sdk.task'`.","category":"UserWarning","filename":"/opt/airflow/dags/reporting_dag.py","lineno":1,"logger":"py.warnings"}
{"timestamp":"2026-06-12T13:34:08.477426Z","level":"warning","event":"Import 'Dataset' directly from the airflow module is deprecated and will be removed in the future. Please import it from 'airflow.sdk.Asset'.","category":"UserWarning","filename":"/opt/airflow/dags/assets.py","lineno":1,"logger":"py.warnings"}
{"timestamp":"2026-06-12T13:34:39.423642Z","level":"info","event":"Filling up the DagBag from /opt/airflow/dags/reporting_dag.py","logger":"airflow.dag_processing.dagbag.BundleDagBag","filename":"dagbag.py","lineno":469}
{"timestamp":"2026-06-12T13:34:39.476308Z","level":"warning","event":"The `airflow.decorators.dag` attribute is deprecated. Please use `'airflow.sdk.dag'`.","category":"UserWarning","filename":"/opt/airflow/dags/reporting_dag.py","lineno":1,"logger":"py.warnings"}
{"timestamp":"2026-06-12T13:34:39.476488Z","level":"warning","event":"The `airflow.decorators.task` attribute is deprecated. Please use `'airflow.sdk.task'`.","category":"UserWarning","filename":"/opt/airflow/dags/reporting_dag.py","lineno":1,"logger":"py.warnings"}
{"timestamp":"2026-06-12T13:34:39.476580Z","level":"warning","event":"Import 'Dataset' directly from the airflow module is deprecated and will be removed in the future. Please import it from 'airflow.sdk.Asset'.","category":"UserWarning","filename":"/opt/airflow/dags/assets.py","lineno":1,"logger":"py.warnings"}
{"timestamp":"2026-06-12T13:35:09.874787Z","level":"info","event":"Filling up the DagBag from /opt/airflow/dags/reporting_dag.py","logger":"airflow.dag_processing.dagbag.BundleDagBag","filename":"dagbag.py","lineno":469}
{"timestamp":"2026-06-12T13:35:10.022510Z","level":"warning","event":"The `airflow.decorators.dag` attribute is deprecated. Please use `'airflow.sdk.dag'`.","category":"UserWarning","filename":"/opt/airflow/dags/reporting_dag.py","lineno":1,"logger":"py.warnings"}
{"timestamp":"2026-06-12T13:35:10.022656Z","level":"warning","event":"The `airflow.decorators.task` attribute is deprecated. Please use `'airflow.sdk.task'`.","category":"UserWarning","filename":"/opt/airflow/dags/reporting_dag.py","lineno":1,"logger":"py.warnings"}
{"timestamp":"2026-06-12T13:35:10.022744Z","level":"warning","event":"Import 'Dataset' directly from the airflow module is deprecated and will be removed in the future. Please import it from 'airflow.sdk.Asset'.","category":"UserWarning","filename":"/opt/airflow/dags/assets.py","lineno":1,"logger":"py.warnings"}
{"timestamp":"2026-06-12T13:35:40.477258Z","level":"info","event":"Filling up the DagBag from /opt/airflow/dags/reporting_dag.py","logger":"airflow.dag_processing.dagbag.BundleDagBag","filename":"dagbag.py","lineno":469}
{"timestamp":"2026-06-12T13:35:40.528812Z","level":"warning","event":"The `airflow.decorators.dag` attribute is deprecated. Please use `'airflow.sdk.dag'`.","category":"UserWarning","filename":"/opt/airflow/dags/reporting_dag.py","lineno":1,"logger":"py.warnings"}
{"timestamp":"2026-06-12T13:35:40.528971Z","level":"warning","event":"The `airflow.decorators.task` attribute is deprecated. Please use `'airflow.sdk.task'`.","category":"UserWarning","filename":"/opt/airflow/dags/reporting_dag.py","lineno":1,"logger":"py.warnings"}
{"timestamp":"2026-06-12T13:35:40.529049Z","level":"warning","event":"Import 'Dataset' directly from the airflow module is deprecated and will be removed in the future. Please import it from 'airflow.sdk.Asset'.","category":"UserWarning","filename":"/opt/airflow/dags/assets.py","lineno":1,"logger":"py.warnings"}
{"timestamp":"2026-06-12T13:36:10.883492Z","level":"info","event":"Filling up the DagBag from /opt/airflow/dags/reporting_dag.py","logger":"airflow.dag_processing.dagbag.BundleDagBag","filename":"dagbag.py","lineno":469}
{"timestamp":"2026-06-12T13:36:10.933072Z","level":"warning","event":"The `airflow.decorators.dag` attribute is deprecated. Please use `'airflow.sdk.dag'`.","category":"UserWarning","filename":"/opt/airflow/dags/reporting_dag.py","lineno":1,"logger":"py.warnings"}
{"timestamp":"2026-06-12T13:36:10.933217Z","level":"warning","event":"The `airflow.decorators.task` attribute is deprecated. Please use `'airflow.sdk.task'`.","category":"UserWarning","filename":"/opt/airflow/dags/reporting_dag.py","lineno":1,"logger":"py.warnings"}
{"timestamp":"2026-06-12T13:36:10.933302Z","level":"warning","event":"Import 'Dataset' directly from the airflow module is deprecated and will be removed in the future. Please import it from 'airflow.sdk.Asset'.","category":"UserWarning","filename":"/opt/airflow/dags/assets.py","lineno":1,"logger":"py.warnings"}
{"timestamp":"2026-06-12T13:36:41.418945Z","level":"info","event":"Filling up the DagBag from /opt/airflow/dags/reporting_dag.py","logger":"airflow.dag_processing.dagbag.BundleDagBag","filename":"dagbag.py","lineno":469}
{"timestamp":"2026-06-12T13:36:41.484555Z","level":"warning","event":"The `airflow.decorators.dag` attribute is deprecated. Please use `'airflow.sdk.dag'`.","category":"UserWarning","filename":"/opt/airflow/dags/reporting_dag.py","lineno":1,"logger":"py.warnings"}
{"timestamp":"2026-06-12T13:36:41.484719Z","level":"warning","event":"The `airflow.decorators.task` attribute is deprecated. Please use `'airflow.sdk.task'`.","category":"UserWarning","filename":"/opt/airflow/dags/reporting_dag.py","lineno":1,"logger":"py.warnings"}
{"timestamp":"2026-06-12T13:36:41.484808Z","level":"warning","event":"Import 'Dataset' directly from the airflow module is deprecated and will be removed in the future. Please import it from 'airflow.sdk.Asset'.","category":"UserWarning","filename":"/opt/airflow/dags/assets.py","lineno":1,"logger":"py.warnings"}
{"timestamp":"2026-06-12T13:37:11.882433Z","level":"info","event":"Filling up the DagBag from /opt/airflow/dags/reporting_dag.py","logger":"airflow.dag_processing.dagbag.BundleDagBag","filename":"dagbag.py","lineno":469}
{"timestamp":"2026-06-12T13:37:12.049453Z","level":"warning","event":"The `airflow.decorators.dag` attribute is deprecated. Please use `'airflow.sdk.dag'`.","category":"UserWarning","filename":"/opt/airflow/dags/reporting_dag.py","lineno":1,"logger":"py.warnings"}
{"timestamp":"2026-06-12T13:37:12.049614Z","level":"warning","event":"The `airflow.decorators.task` attribute is deprecated. Please use `'airflow.sdk.task'`.","category":"UserWarning","filename":"/opt/airflow/dags/reporting_dag.py","lineno":1,"logger":"py.warnings"}
{"timestamp":"2026-06-12T13:37:12.049692Z","level":"warning","event":"Import 'Dataset' directly from the airflow module is deprecated and will be removed in the future. Please import it from 'airflow.sdk.Asset'.","category":"UserWarning","filename":"/opt/airflow/dags/assets.py","lineno":1,"logger":"py.warnings"}
{"timestamp":"2026-06-12T13:37:42.542726Z","level":"info","event":"Filling up the DagBag from /opt/airflow/dags/reporting_dag.py","logger":"airflow.dag_processing.dagbag.BundleDagBag","filename":"dagbag.py","lineno":469}
{"timestamp":"2026-06-12T13:37:42.603834Z","level":"warning","event":"The `airflow.decorators.dag` attribute is deprecated. Please use `'airflow.sdk.dag'`.","category":"UserWarning","filename":"/opt/airflow/dags/reporting_dag.py","lineno":1,"logger":"py.warnings"}
{"timestamp":"2026-06-12T13:37:42.604007Z","level":"warning","event":"The `airflow.decorators.task` attribute is deprecated. Please use `'airflow.sdk.task'`.","category":"UserWarning","filename":"/opt/airflow/dags/reporting_dag.py","lineno":1,"logger":"py.warnings"}
{"timestamp":"2026-06-12T13:37:42.604092Z","level":"warning","event":"Import 'Dataset' directly from the airflow module is deprecated and will be removed in the future. Please import it from 'airflow.sdk.Asset'.","category":"UserWarning","filename":"/opt/airflow/dags/assets.py","lineno":1,"logger":"py.warnings"}
{"timestamp":"2026-06-12T13:38:13.009739Z","level":"info","event":"Filling up the DagBag from /opt/airflow/dags/reporting_dag.py","logger":"airflow.dag_processing.dagbag.BundleDagBag","filename":"dagbag.py","lineno":469}
{"timestamp":"2026-06-12T13:38:13.072259Z","level":"warning","event":"The `airflow.decorators.dag` attribute is deprecated. Please use `'airflow.sdk.dag'`.","category":"UserWarning","filename":"/opt/airflow/dags/reporting_dag.py","lineno":1,"logger":"py.warnings"}
{"timestamp":"2026-06-12T13:38:13.072405Z","level":"warning","event":"The `airflow.decorators.task` attribute is deprecated. Please use `'airflow.sdk.task'`.","category":"UserWarning","filename":"/opt/airflow/dags/reporting_dag.py","lineno":1,"logger":"py.warnings"}
{"timestamp":"2026-06-12T13:38:13.072491Z","level":"warning","event":"Import 'Dataset' directly from the airflow module is deprecated and will be removed in the future. Please import it from 'airflow.sdk.Asset'.","category":"UserWarning","filename":"/opt/airflow/dags/assets.py","lineno":1,"logger":"py.warnings"}
{"timestamp":"2026-06-12T13:38:43.436021Z","level":"info","event":"Filling up the DagBag from /opt/airflow/dags/reporting_dag.py","logger":"airflow.dag_processing.dagbag.BundleDagBag","filename":"dagbag.py","lineno":469}
{"timestamp":"2026-06-12T13:38:43.489599Z","level":"warning","event":"The `airflow.decorators.dag` attribute is deprecated. Please use `'airflow.sdk.dag'`.","category":"UserWarning","filename":"/opt/airflow/dags/reporting_dag.py","lineno":1,"logger":"py.warnings"}
{"timestamp":"2026-06-12T13:38:43.489744Z","level":"warning","event":"The `airflow.decorators.task` attribute is deprecated. Please use `'airflow.sdk.task'`.","category":"UserWarning","filename":"/opt/airflow/dags/reporting_dag.py","lineno":1,"logger":"py.warnings"}
{"timestamp":"2026-06-12T13:38:43.489828Z","level":"warning","event":"Import 'Dataset' directly from the airflow module is deprecated and will be removed in the future. Please import it from 'airflow.sdk.Asset'.","category":"UserWarning","filename":"/opt/airflow/dags/assets.py","lineno":1,"logger":"py.warnings"}
{"timestamp":"2026-06-12T13:39:14.321322Z","level":"info","event":"Filling up the DagBag from /opt/airflow/dags/reporting_dag.py","logger":"airflow.dag_processing.dagbag.BundleDagBag","filename":"dagbag.py","lineno":469}
{"timestamp":"2026-06-12T13:39:14.370505Z","level":"warning","event":"The `airflow.decorators.dag` attribute is deprecated. Please use `'airflow.sdk.dag'`.","category":"UserWarning","filename":"/opt/airflow/dags/reporting_dag.py","lineno":1,"logger":"py.warnings"}
{"timestamp":"2026-06-12T13:39:14.370672Z","level":"warning","event":"The `airflow.decorators.task` attribute is deprecated. Please use `'airflow.sdk.task'`.","category":"UserWarning","filename":"/opt/airflow/dags/reporting_dag.py","lineno":1,"logger":"py.warnings"}
{"timestamp":"2026-06-12T13:39:14.370762Z","level":"warning","event":"Import 'Dataset' directly from the airflow module is deprecated and will be removed in the future. Please import it from 'airflow.sdk.Asset'.","category":"UserWarning","filename":"/opt/airflow/dags/assets.py","lineno":1,"logger":"py.warnings"}
{"timestamp":"2026-06-12T13:39:44.512788Z","level":"info","event":"Filling up the DagBag from /opt/airflow/dags/reporting_dag.py","logger":"airflow.dag_processing.dagbag.BundleDagBag","filename":"dagbag.py","lineno":469}
{"timestamp":"2026-06-12T13:39:44.566011Z","level":"warning","event":"The `airflow.decorators.dag` attribute is deprecated. Please use `'airflow.sdk.dag'`.","category":"UserWarning","filename":"/opt/airflow/dags/reporting_dag.py","lineno":1,"logger":"py.warnings"}
{"timestamp":"2026-06-12T13:39:44.566169Z","level":"warning","event":"The `airflow.decorators.task` attribute is deprecated. Please use `'airflow.sdk.task'`.","category":"UserWarning","filename":"/opt/airflow/dags/reporting_dag.py","lineno":1,"logger":"py.warnings"}
{"timestamp":"2026-06-12T13:39:44.566261Z","level":"warning","event":"Import 'Dataset' directly from the airflow module is deprecated and will be removed in the future. Please import it from 'airflow.sdk.Asset'.","category":"UserWarning","filename":"/opt/airflow/dags/assets.py","lineno":1,"logger":"py.warnings"}
{"timestamp":"2026-06-12T13:40:15.165303Z","level":"info","event":"Filling up the DagBag from /opt/airflow/dags/reporting_dag.py","logger":"airflow.dag_processing.dagbag.BundleDagBag","filename":"dagbag.py","lineno":469}
{"timestamp":"2026-06-12T13:40:15.218043Z","level":"warning","event":"The `airflow.decorators.dag` attribute is deprecated. Please use `'airflow.sdk.dag'`.","category":"UserWarning","filename":"/opt/airflow/dags/reporting_dag.py","lineno":1,"logger":"py.warnings"}
{"timestamp":"2026-06-12T13:40:15.218210Z","level":"warning","event":"The `airflow.decorators.task` attribute is deprecated. Please use `'airflow.sdk.task'`.","category":"UserWarning","filename":"/opt/airflow/dags/reporting_dag.py","lineno":1,"logger":"py.warnings"}
{"timestamp":"2026-06-12T13:40:15.218313Z","level":"warning","event":"Import 'Dataset' directly from the airflow module is deprecated and will be removed in the future. Please import it from 'airflow.sdk.Asset'.","category":"UserWarning","filename":"/opt/airflow/dags/assets.py","lineno":1,"logger":"py.warnings"}
{"timestamp":"2026-06-12T13:40:45.780061Z","level":"info","event":"Filling up the DagBag from /opt/airflow/dags/reporting_dag.py","logger":"airflow.dag_processing.dagbag.BundleDagBag","filename":"dagbag.py","lineno":469}
{"timestamp":"2026-06-12T13:40:45.828598Z","level":"warning","event":"The `airflow.decorators.dag` attribute is deprecated. Please use `'airflow.sdk.dag'`.","category":"UserWarning","filename":"/opt/airflow/dags/reporting_dag.py","lineno":1,"logger":"py.warnings"}
{"timestamp":"2026-06-12T13:40:45.828777Z","level":"warning","event":"The `airflow.decorators.task` attribute is deprecated. Please use `'airflow.sdk.task'`.","category":"UserWarning","filename":"/opt/airflow/dags/reporting_dag.py","lineno":1,"logger":"py.warnings"}
{"timestamp":"2026-06-12T13:40:45.828860Z","level":"warning","event":"Import 'Dataset' directly from the airflow module is deprecated and will be removed in the future. Please import it from 'airflow.sdk.Asset'.","category":"UserWarning","filename":"/opt/airflow/dags/assets.py","lineno":1,"logger":"py.warnings"}
{"timestamp":"2026-06-12T13:41:16.078588Z","level":"info","event":"Filling up the DagBag from /opt/airflow/dags/reporting_dag.py","logger":"airflow.dag_processing.dagbag.BundleDagBag","filename":"dagbag.py","lineno":469}
{"timestamp":"2026-06-12T13:41:16.139382Z","level":"warning","event":"The `airflow.decorators.dag` attribute is deprecated. Please use `'airflow.sdk.dag'`.","category":"UserWarning","filename":"/opt/airflow/dags/reporting_dag.py","lineno":1,"logger":"py.warnings"}
{"timestamp":"2026-06-12T13:41:16.139588Z","level":"warning","event":"The `airflow.decorators.task` attribute is deprecated. Please use `'airflow.sdk.task'`.","category":"UserWarning","filename":"/opt/airflow/dags/reporting_dag.py","lineno":1,"logger":"py.warnings"}
{"timestamp":"2026-06-12T13:41:16.139686Z","level":"warning","event":"Import 'Dataset' directly from the airflow module is deprecated and will be removed in the future. Please import it from 'airflow.sdk.Asset'.","category":"UserWarning","filename":"/opt/airflow/dags/assets.py","lineno":1,"logger":"py.warnings"}
{"timestamp":"2026-06-12T13:41:49.599369Z","level":"info","event":"Filling up the DagBag from /opt/airflow/dags/reporting_dag.py","logger":"airflow.dag_processing.dagbag.BundleDagBag","filename":"dagbag.py","lineno":469}
{"timestamp":"2026-06-12T13:41:49.668079Z","level":"warning","event":"The `airflow.decorators.dag` attribute is deprecated. Please use `'airflow.sdk.dag'`.","category":"UserWarning","filename":"/opt/airflow/dags/reporting_dag.py","lineno":1,"logger":"py.warnings"}
{"timestamp":"2026-06-12T13:41:49.668269Z","level":"warning","event":"The `airflow.decorators.task` attribute is deprecated. Please use `'airflow.sdk.task'`.","category":"UserWarning","filename":"/opt/airflow/dags/reporting_dag.py","lineno":1,"logger":"py.warnings"}
{"timestamp":"2026-06-12T13:41:49.668358Z","level":"warning","event":"Import 'Dataset' directly from the airflow module is deprecated and will be removed in the future. Please import it from 'airflow.sdk.Asset'.","category":"UserWarning","filename":"/opt/airflow/dags/assets.py","lineno":1,"logger":"py.warnings"}
{"timestamp":"2026-06-12T13:42:19.779051Z","level":"info","event":"Filling up the DagBag from /opt/airflow/dags/reporting_dag.py","logger":"airflow.dag_processing.dagbag.BundleDagBag","filename":"dagbag.py","lineno":469}
{"timestamp":"2026-06-12T13:42:19.841709Z","level":"warning","event":"The `airflow.decorators.dag` attribute is deprecated. Please use `'airflow.sdk.dag'`.","category":"UserWarning","filename":"/opt/airflow/dags/reporting_dag.py","lineno":1,"logger":"py.warnings"}
{"timestamp":"2026-06-12T13:42:19.841875Z","level":"warning","event":"The `airflow.decorators.task` attribute is deprecated. Please use `'airflow.sdk.task'`.","category":"UserWarning","filename":"/opt/airflow/dags/reporting_dag.py","lineno":1,"logger":"py.warnings"}
{"timestamp":"2026-06-12T13:42:19.841959Z","level":"warning","event":"Import 'Dataset' directly from the airflow module is deprecated and will be removed in the future. Please import it from 'airflow.sdk.Asset'.","category":"UserWarning","filename":"/opt/airflow/dags/assets.py","lineno":1,"logger":"py.warnings"}
{"timestamp":"2026-06-12T13:42:52.560639Z","level":"info","event":"Filling up the DagBag from /opt/airflow/dags/reporting_dag.py","logger":"airflow.dag_processing.dagbag.BundleDagBag","filename":"dagbag.py","lineno":469}
{"timestamp":"2026-06-12T13:42:52.613255Z","level":"warning","event":"The `airflow.decorators.dag` attribute is deprecated. Please use `'airflow.sdk.dag'`.","category":"UserWarning","filename":"/opt/airflow/dags/reporting_dag.py","lineno":1,"logger":"py.warnings"}
{"timestamp":"2026-06-12T13:42:52.613419Z","level":"warning","event":"The `airflow.decorators.task` attribute is deprecated. Please use `'airflow.sdk.task'`.","category":"UserWarning","filename":"/opt/airflow/dags/reporting_dag.py","lineno":1,"logger":"py.warnings"}
{"timestamp":"2026-06-12T13:42:52.613503Z","level":"warning","event":"Import 'Dataset' directly from the airflow module is deprecated and will be removed in the future. Please import it from 'airflow.sdk.Asset'.","category":"UserWarning","filename":"/opt/airflow/dags/assets.py","lineno":1,"logger":"py.warnings"}
{"timestamp":"2026-06-12T13:43:25.516118Z","level":"info","event":"Filling up the DagBag from /opt/airflow/dags/reporting_dag.py","logger":"airflow.dag_processing.dagbag.BundleDagBag","filename":"dagbag.py","lineno":469}
{"timestamp":"2026-06-12T13:43:25.568729Z","level":"warning","event":"The `airflow.decorators.dag` attribute is deprecated. Please use `'airflow.sdk.dag'`.","category":"UserWarning","filename":"/opt/airflow/dags/reporting_dag.py","lineno":1,"logger":"py.warnings"}
{"timestamp":"2026-06-12T13:43:25.568853Z","level":"warning","event":"The `airflow.decorators.task` attribute is deprecated. Please use `'airflow.sdk.task'`.","category":"UserWarning","filename":"/opt/airflow/dags/reporting_dag.py","lineno":1,"logger":"py.warnings"}
{"timestamp":"2026-06-12T13:43:25.568923Z","level":"warning","event":"Import 'Dataset' directly from the airflow module is deprecated and will be removed in the future. Please import it from 'airflow.sdk.Asset'.","category":"UserWarning","filename":"/opt/airflow/dags/assets.py","lineno":1,"logger":"py.warnings"}
{"timestamp":"2026-06-12T13:43:58.285390Z","level":"info","event":"Filling up the DagBag from /opt/airflow/dags/reporting_dag.py","logger":"airflow.dag_processing.dagbag.BundleDagBag","filename":"dagbag.py","lineno":469}
{"timestamp":"2026-06-12T13:43:58.340167Z","level":"warning","event":"The `airflow.decorators.dag` attribute is deprecated. Please use `'airflow.sdk.dag'`.","category":"UserWarning","filename":"/opt/airflow/dags/reporting_dag.py","lineno":1,"logger":"py.warnings"}
{"timestamp":"2026-06-12T13:43:58.340311Z","level":"warning","event":"The `airflow.decorators.task` attribute is deprecated. Please use `'airflow.sdk.task'`.","category":"UserWarning","filename":"/opt/airflow/dags/reporting_dag.py","lineno":1,"logger":"py.warnings"}
{"timestamp":"2026-06-12T13:43:58.340388Z","level":"warning","event":"Import 'Dataset' directly from the airflow module is deprecated and will be removed in the future. Please import it from 'airflow.sdk.Asset'.","category":"UserWarning","filename":"/opt/airflow/dags/assets.py","lineno":1,"logger":"py.warnings"}
{"timestamp":"2026-06-12T13:44:30.863391Z","level":"info","event":"Filling up the DagBag from /opt/airflow/dags/reporting_dag.py","logger":"airflow.dag_processing.dagbag.BundleDagBag","filename":"dagbag.py","lineno":469}
{"timestamp":"2026-06-12T13:44:30.915014Z","level":"warning","event":"The `airflow.decorators.dag` attribute is deprecated. Please use `'airflow.sdk.dag'`.","category":"UserWarning","filename":"/opt/airflow/dags/reporting_dag.py","lineno":1,"logger":"py.warnings"}
{"timestamp":"2026-06-12T13:44:30.915139Z","level":"warning","event":"The `airflow.decorators.task` attribute is deprecated. Please use `'airflow.sdk.task'`.","category":"UserWarning","filename":"/opt/airflow/dags/reporting_dag.py","lineno":1,"logger":"py.warnings"}
{"timestamp":"2026-06-12T13:44:30.915209Z","level":"warning","event":"Import 'Dataset' directly from the airflow module is deprecated and will be removed in the future. Please import it from 'airflow.sdk.Asset'.","category":"UserWarning","filename":"/opt/airflow/dags/assets.py","lineno":1,"logger":"py.warnings"}
{"timestamp":"2026-06-12T13:45:03.495385Z","level":"info","event":"Filling up the DagBag from /opt/airflow/dags/reporting_dag.py","logger":"airflow.dag_processing.dagbag.BundleDagBag","filename":"dagbag.py","lineno":469}
{"timestamp":"2026-06-12T13:45:03.544260Z","level":"warning","event":"The `airflow.decorators.dag` attribute is deprecated. Please use `'airflow.sdk.dag'`.","category":"UserWarning","filename":"/opt/airflow/dags/reporting_dag.py","lineno":1,"logger":"py.warnings"}
{"timestamp":"2026-06-12T13:45:03.544385Z","level":"warning","event":"The `airflow.decorators.task` attribute is deprecated. Please use `'airflow.sdk.task'`.","category":"UserWarning","filename":"/opt/airflow/dags/reporting_dag.py","lineno":1,"logger":"py.warnings"}
{"timestamp":"2026-06-12T13:45:03.544454Z","level":"warning","event":"Import 'Dataset' directly from the airflow module is deprecated and will be removed in the future. Please import it from 'airflow.sdk.Asset'.","category":"UserWarning","filename":"/opt/airflow/dags/assets.py","lineno":1,"logger":"py.warnings"}
{"timestamp":"2026-06-12T13:46:16.887724Z","level":"info","event":"Filling up the DagBag from /opt/airflow/dags/reporting_dag.py","logger":"airflow.dag_processing.dagbag.BundleDagBag","filename":"dagbag.py","lineno":469}
{"timestamp":"2026-06-12T13:46:16.996552Z","level":"warning","event":"The `airflow.decorators.dag` attribute is deprecated. Please use `'airflow.sdk.dag'`.","category":"UserWarning","filename":"/opt/airflow/dags/reporting_dag.py","lineno":1,"logger":"py.warnings"}
{"timestamp":"2026-06-12T13:46:16.996711Z","level":"warning","event":"The `airflow.decorators.task` attribute is deprecated. Please use `'airflow.sdk.task'`.","category":"UserWarning","filename":"/opt/airflow/dags/reporting_dag.py","lineno":1,"logger":"py.warnings"}
{"timestamp":"2026-06-12T13:46:16.996786Z","level":"warning","event":"Import 'Dataset' directly from the airflow module is deprecated and will be removed in the future. Please import it from 'airflow.sdk.Asset'.","category":"UserWarning","filename":"/opt/airflow/dags/assets.py","lineno":1,"logger":"py.warnings"}
{"timestamp":"2026-06-12T13:46:47.631469Z","level":"info","event":"Filling up the DagBag from /opt/airflow/dags/reporting_dag.py","logger":"airflow.dag_processing.dagbag.BundleDagBag","filename":"dagbag.py","lineno":469}
{"timestamp":"2026-06-12T13:46:47.691451Z","level":"warning","event":"The `airflow.decorators.dag` attribute is deprecated. Please use `'airflow.sdk.dag'`.","category":"UserWarning","filename":"/opt/airflow/dags/reporting_dag.py","lineno":1,"logger":"py.warnings"}
{"timestamp":"2026-06-12T13:46:47.691613Z","level":"warning","event":"The `airflow.decorators.task` attribute is deprecated. Please use `'airflow.sdk.task'`.","category":"UserWarning","filename":"/opt/airflow/dags/reporting_dag.py","lineno":1,"logger":"py.warnings"}
{"timestamp":"2026-06-12T13:46:47.692898Z","level":"warning","event":"Import 'Dataset' directly from the airflow module is deprecated and will be removed in the future. Please import it from 'airflow.sdk.Asset'.","category":"UserWarning","filename":"/opt/airflow/dags/assets.py","lineno":1,"logger":"py.warnings"}
{"timestamp":"2026-06-12T13:47:18.119233Z","level":"info","event":"Filling up the DagBag from /opt/airflow/dags/reporting_dag.py","logger":"airflow.dag_processing.dagbag.BundleDagBag","filename":"dagbag.py","lineno":469}
{"timestamp":"2026-06-12T13:47:18.169363Z","level":"warning","event":"The `airflow.decorators.dag` attribute is deprecated. Please use `'airflow.sdk.dag'`.","category":"UserWarning","filename":"/opt/airflow/dags/reporting_dag.py","lineno":1,"logger":"py.warnings"}
{"timestamp":"2026-06-12T13:47:18.169513Z","level":"warning","event":"The `airflow.decorators.task` attribute is deprecated. Please use `'airflow.sdk.task'`.","category":"UserWarning","filename":"/opt/airflow/dags/reporting_dag.py","lineno":1,"logger":"py.warnings"}
{"timestamp":"2026-06-12T13:47:18.169588Z","level":"warning","event":"Import 'Dataset' directly from the airflow module is deprecated and will be removed in the future. Please import it from 'airflow.sdk.Asset'.","category":"UserWarning","filename":"/opt/airflow/dags/assets.py","lineno":1,"logger":"py.warnings"}
{"timestamp":"2026-06-12T13:47:48.728389Z","level":"info","event":"Filling up the DagBag from /opt/airflow/dags/reporting_dag.py","logger":"airflow.dag_processing.dagbag.BundleDagBag","filename":"dagbag.py","lineno":469}
{"timestamp":"2026-06-12T13:47:48.779511Z","level":"warning","event":"The `airflow.decorators.dag` attribute is deprecated. Please use `'airflow.sdk.dag'`.","category":"UserWarning","filename":"/opt/airflow/dags/reporting_dag.py","lineno":1,"logger":"py.warnings"}
{"timestamp":"2026-06-12T13:47:48.779654Z","level":"warning","event":"The `airflow.decorators.task` attribute is deprecated. Please use `'airflow.sdk.task'`.","category":"UserWarning","filename":"/opt/airflow/dags/reporting_dag.py","lineno":1,"logger":"py.warnings"}
{"timestamp":"2026-06-12T13:47:48.779728Z","level":"warning","event":"Import 'Dataset' directly from the airflow module is deprecated and will be removed in the future. Please import it from 'airflow.sdk.Asset'.","category":"UserWarning","filename":"/opt/airflow/dags/assets.py","lineno":1,"logger":"py.warnings"}
{"timestamp":"2026-06-12T13:48:20.486022Z","level":"info","event":"Filling up the DagBag from /opt/airflow/dags/reporting_dag.py","logger":"airflow.dag_processing.dagbag.BundleDagBag","filename":"dagbag.py","lineno":469}
{"timestamp":"2026-06-12T13:48:20.540008Z","level":"warning","event":"The `airflow.decorators.dag` attribute is deprecated. Please use `'airflow.sdk.dag'`.","category":"UserWarning","filename":"/opt/airflow/dags/reporting_dag.py","lineno":1,"logger":"py.warnings"}
{"timestamp":"2026-06-12T13:48:20.540145Z","level":"warning","event":"The `airflow.decorators.task` attribute is deprecated. Please use `'airflow.sdk.task'`.","category":"UserWarning","filename":"/opt/airflow/dags/reporting_dag.py","lineno":1,"logger":"py.warnings"}
{"timestamp":"2026-06-12T13:48:20.540237Z","level":"warning","event":"Import 'Dataset' directly from the airflow module is deprecated and will be removed in the future. Please import it from 'airflow.sdk.Asset'.","category":"UserWarning","filename":"/opt/airflow/dags/assets.py","lineno":1,"logger":"py.warnings"}
{"timestamp":"2026-06-12T13:48:52.964115Z","level":"info","event":"Filling up the DagBag from /opt/airflow/dags/reporting_dag.py","logger":"airflow.dag_processing.dagbag.BundleDagBag","filename":"dagbag.py","lineno":469}
{"timestamp":"2026-06-12T13:48:53.045955Z","level":"warning","event":"The `airflow.decorators.dag` attribute is deprecated. Please use `'airflow.sdk.dag'`.","category":"UserWarning","filename":"/opt/airflow/dags/reporting_dag.py","lineno":1,"logger":"py.warnings"}
{"timestamp":"2026-06-12T13:48:53.046090Z","level":"warning","event":"The `airflow.decorators.task` attribute is deprecated. Please use `'airflow.sdk.task'`.","category":"UserWarning","filename":"/opt/airflow/dags/reporting_dag.py","lineno":1,"logger":"py.warnings"}
{"timestamp":"2026-06-12T13:48:53.046163Z","level":"warning","event":"Import 'Dataset' directly from the airflow module is deprecated and will be removed in the future. Please import it from 'airflow.sdk.Asset'.","category":"UserWarning","filename":"/opt/airflow/dags/assets.py","lineno":1,"logger":"py.warnings"}
{"timestamp":"2026-06-12T13:49:25.467490Z","level":"info","event":"Filling up the DagBag from /opt/airflow/dags/reporting_dag.py","logger":"airflow.dag_processing.dagbag.BundleDagBag","filename":"dagbag.py","lineno":469}
{"timestamp":"2026-06-12T13:49:25.520846Z","level":"warning","event":"The `airflow.decorators.dag` attribute is deprecated. Please use `'airflow.sdk.dag'`.","category":"UserWarning","filename":"/opt/airflow/dags/reporting_dag.py","lineno":1,"logger":"py.warnings"}
{"timestamp":"2026-06-12T13:49:25.520980Z","level":"warning","event":"The `airflow.decorators.task` attribute is deprecated. Please use `'airflow.sdk.task'`.","category":"UserWarning","filename":"/opt/airflow/dags/reporting_dag.py","lineno":1,"logger":"py.warnings"}
{"timestamp":"2026-06-12T13:49:25.521065Z","level":"warning","event":"Import 'Dataset' directly from the airflow module is deprecated and will be removed in the future. Please import it from 'airflow.sdk.Asset'.","category":"UserWarning","filename":"/opt/airflow/dags/assets.py","lineno":1,"logger":"py.warnings"}
{"timestamp":"2026-06-12T13:49:59.090273Z","level":"info","event":"Filling up the DagBag from /opt/airflow/dags/reporting_dag.py","logger":"airflow.dag_processing.dagbag.BundleDagBag","filename":"dagbag.py","lineno":469}
{"timestamp":"2026-06-12T13:49:59.143832Z","level":"warning","event":"The `airflow.decorators.dag` attribute is deprecated. Please use `'airflow.sdk.dag'`.","category":"UserWarning","filename":"/opt/airflow/dags/reporting_dag.py","lineno":1,"logger":"py.warnings"}
{"timestamp":"2026-06-12T13:49:59.143985Z","level":"warning","event":"The `airflow.decorators.task` attribute is deprecated. Please use `'airflow.sdk.task'`.","category":"UserWarning","filename":"/opt/airflow/dags/reporting_dag.py","lineno":1,"logger":"py.warnings"}
{"timestamp":"2026-06-12T13:49:59.144064Z","level":"warning","event":"Import 'Dataset' directly from the airflow module is deprecated and will be removed in the future. Please import it from 'airflow.sdk.Asset'.","category":"UserWarning","filename":"/opt/airflow/dags/assets.py","lineno":1,"logger":"py.warnings"}
{"timestamp":"2026-06-12T13:50:30.169506Z","level":"info","event":"Filling up the DagBag from /opt/airflow/dags/reporting_dag.py","logger":"airflow.dag_processing.dagbag.BundleDagBag","filename":"dagbag.py","lineno":469}
{"timestamp":"2026-06-12T13:50:30.270908Z","level":"warning","event":"The `airflow.decorators.dag` attribute is deprecated. Please use `'airflow.sdk.dag'`.","category":"UserWarning","filename":"/opt/airflow/dags/reporting_dag.py","lineno":1,"logger":"py.warnings"}
{"timestamp":"2026-06-12T13:50:30.271669Z","level":"warning","event":"The `airflow.decorators.task` attribute is deprecated. Please use `'airflow.sdk.task'`.","category":"UserWarning","filename":"/opt/airflow/dags/reporting_dag.py","lineno":1,"logger":"py.warnings"}
{"timestamp":"2026-06-12T13:50:30.271783Z","level":"warning","event":"Import 'Dataset' directly from the airflow module is deprecated and will be removed in the future. Please import it from 'airflow.sdk.Asset'.","category":"UserWarning","filename":"/opt/airflow/dags/assets.py","lineno":1,"logger":"py.warnings"}
{"timestamp":"2026-06-12T13:51:01.928123Z","level":"info","event":"Filling up the DagBag from /opt/airflow/dags/reporting_dag.py","logger":"airflow.dag_processing.dagbag.BundleDagBag","filename":"dagbag.py","lineno":469}
{"timestamp":"2026-06-12T13:51:01.995187Z","level":"warning","event":"The `airflow.decorators.dag` attribute is deprecated. Please use `'airflow.sdk.dag'`.","category":"UserWarning","filename":"/opt/airflow/dags/reporting_dag.py","lineno":1,"logger":"py.warnings"}
{"timestamp":"2026-06-12T13:51:01.995351Z","level":"warning","event":"The `airflow.decorators.task` attribute is deprecated. Please use `'airflow.sdk.task'`.","category":"UserWarning","filename":"/opt/airflow/dags/reporting_dag.py","lineno":1,"logger":"py.warnings"}
{"timestamp":"2026-06-12T13:51:01.995451Z","level":"warning","event":"Import 'Dataset' directly from the airflow module is deprecated and will be removed in the future. Please import it from 'airflow.sdk.Asset'.","category":"UserWarning","filename":"/opt/airflow/dags/assets.py","lineno":1,"logger":"py.warnings"}
{"timestamp":"2026-06-12T13:51:35.519631Z","level":"info","event":"Filling up the DagBag from /opt/airflow/dags/reporting_dag.py","logger":"airflow.dag_processing.dagbag.BundleDagBag","filename":"dagbag.py","lineno":469}
{"timestamp":"2026-06-12T13:51:35.571640Z","level":"warning","event":"The `airflow.decorators.dag` attribute is deprecated. Please use `'airflow.sdk.dag'`.","category":"UserWarning","filename":"/opt/airflow/dags/reporting_dag.py","lineno":1,"logger":"py.warnings"}
{"timestamp":"2026-06-12T13:51:35.571790Z","level":"warning","event":"The `airflow.decorators.task` attribute is deprecated. Please use `'airflow.sdk.task'`.","category":"UserWarning","filename":"/opt/airflow/dags/reporting_dag.py","lineno":1,"logger":"py.warnings"}
{"timestamp":"2026-06-12T13:51:35.571890Z","level":"warning","event":"Import 'Dataset' directly from the airflow module is deprecated and will be removed in the future. Please import it from 'airflow.sdk.Asset'.","category":"UserWarning","filename":"/opt/airflow/dags/assets.py","lineno":1,"logger":"py.warnings"}
{"timestamp":"2026-06-12T13:52:08.053943Z","level":"info","event":"Filling up the DagBag from /opt/airflow/dags/reporting_dag.py","logger":"airflow.dag_processing.dagbag.BundleDagBag","filename":"dagbag.py","lineno":469}
{"timestamp":"2026-06-12T13:52:08.109808Z","level":"warning","event":"The `airflow.decorators.dag` attribute is deprecated. Please use `'airflow.sdk.dag'`.","category":"UserWarning","filename":"/opt/airflow/dags/reporting_dag.py","lineno":1,"logger":"py.warnings"}
{"timestamp":"2026-06-12T13:52:08.109942Z","level":"warning","event":"The `airflow.decorators.task` attribute is deprecated. Please use `'airflow.sdk.task'`.","category":"UserWarning","filename":"/opt/airflow/dags/reporting_dag.py","lineno":1,"logger":"py.warnings"}
{"timestamp":"2026-06-12T13:52:08.110027Z","level":"warning","event":"Import 'Dataset' directly from the airflow module is deprecated and will be removed in the future. Please import it from 'airflow.sdk.Asset'.","category":"UserWarning","filename":"/opt/airflow/dags/assets.py","lineno":1,"logger":"py.warnings"}
{"timestamp":"2026-06-12T13:52:40.647439Z","level":"info","event":"Filling up the DagBag from /opt/airflow/dags/reporting_dag.py","logger":"airflow.dag_processing.dagbag.BundleDagBag","filename":"dagbag.py","lineno":469}
{"timestamp":"2026-06-12T13:52:40.711436Z","level":"warning","event":"The `airflow.decorators.dag` attribute is deprecated. Please use `'airflow.sdk.dag'`.","category":"UserWarning","filename":"/opt/airflow/dags/reporting_dag.py","lineno":1,"logger":"py.warnings"}
{"timestamp":"2026-06-12T13:52:40.712007Z","level":"warning","event":"The `airflow.decorators.task` attribute is deprecated. Please use `'airflow.sdk.task'`.","category":"UserWarning","filename":"/opt/airflow/dags/reporting_dag.py","lineno":1,"logger":"py.warnings"}
{"timestamp":"2026-06-12T13:52:40.712312Z","level":"warning","event":"Import 'Dataset' directly from the airflow module is deprecated and will be removed in the future. Please import it from 'airflow.sdk.Asset'.","category":"UserWarning","filename":"/opt/airflow/dags/assets.py","lineno":1,"logger":"py.warnings"}
{"timestamp":"2026-06-12T13:53:13.135659Z","level":"info","event":"Filling up the DagBag from /opt/airflow/dags/reporting_dag.py","logger":"airflow.dag_processing.dagbag.BundleDagBag","filename":"dagbag.py","lineno":469}
{"timestamp":"2026-06-12T13:53:13.188921Z","level":"warning","event":"The `airflow.decorators.dag` attribute is deprecated. Please use `'airflow.sdk.dag'`.","category":"UserWarning","filename":"/opt/airflow/dags/reporting_dag.py","lineno":1,"logger":"py.warnings"}
{"timestamp":"2026-06-12T13:53:13.189066Z","level":"warning","event":"The `airflow.decorators.task` attribute is deprecated. Please use `'airflow.sdk.task'`.","category":"UserWarning","filename":"/opt/airflow/dags/reporting_dag.py","lineno":1,"logger":"py.warnings"}
{"timestamp":"2026-06-12T13:53:13.189164Z","level":"warning","event":"Import 'Dataset' directly from the airflow module is deprecated and will be removed in the future. Please import it from 'airflow.sdk.Asset'.","category":"UserWarning","filename":"/opt/airflow/dags/assets.py","lineno":1,"logger":"py.warnings"}
{"timestamp":"2026-06-12T14:04:28.123459Z","level":"info","event":"Filling up the DagBag from /opt/airflow/dags/reporting_dag.py","logger":"airflow.dag_processing.dagbag.BundleDagBag","filename":"dagbag.py","lineno":469}
{"timestamp":"2026-06-12T14:04:28.187039Z","level":"warning","event":"The `airflow.decorators.dag` attribute is deprecated. Please use `'airflow.sdk.dag'`.","category":"UserWarning","filename":"/opt/airflow/dags/reporting_dag.py","lineno":1,"logger":"py.warnings"}
{"timestamp":"2026-06-12T14:04:28.187215Z","level":"warning","event":"The `airflow.decorators.task` attribute is deprecated. Please use `'airflow.sdk.task'`.","category":"UserWarning","filename":"/opt/airflow/dags/reporting_dag.py","lineno":1,"logger":"py.warnings"}
{"timestamp":"2026-06-12T14:04:28.187308Z","level":"warning","event":"Import 'Dataset' directly from the airflow module is deprecated and will be removed in the future. Please import it from 'airflow.sdk.Asset'.","category":"UserWarning","filename":"/opt/airflow/dags/assets.py","lineno":1,"logger":"py.warnings"}
{"timestamp":"2026-06-12T14:04:58.416828Z","level":"info","event":"Filling up the DagBag from /opt/airflow/dags/reporting_dag.py","logger":"airflow.dag_processing.dagbag.BundleDagBag","filename":"dagbag.py","lineno":469}
{"timestamp":"2026-06-12T14:04:58.473042Z","level":"warning","event":"The `airflow.decorators.dag` attribute is deprecated. Please use `'airflow.sdk.dag'`.","category":"UserWarning","filename":"/opt/airflow/dags/reporting_dag.py","lineno":1,"logger":"py.warnings"}
{"timestamp":"2026-06-12T14:04:58.473210Z","level":"warning","event":"The `airflow.decorators.task` attribute is deprecated. Please use `'airflow.sdk.task'`.","category":"UserWarning","filename":"/opt/airflow/dags/reporting_dag.py","lineno":1,"logger":"py.warnings"}
{"timestamp":"2026-06-12T14:04:58.473317Z","level":"warning","event":"Import 'Dataset' directly from the airflow module is deprecated and will be removed in the future. Please import it from 'airflow.sdk.Asset'.","category":"UserWarning","filename":"/opt/airflow/dags/assets.py","lineno":1,"logger":"py.warnings"}
{"timestamp":"2026-06-12T14:05:29.058613Z","level":"info","event":"Filling up the DagBag from /opt/airflow/dags/reporting_dag.py","logger":"airflow.dag_processing.dagbag.BundleDagBag","filename":"dagbag.py","lineno":469}
{"timestamp":"2026-06-12T14:05:29.117847Z","level":"warning","event":"The `airflow.decorators.dag` attribute is deprecated. Please use `'airflow.sdk.dag'`.","category":"UserWarning","filename":"/opt/airflow/dags/reporting_dag.py","lineno":1,"logger":"py.warnings"}
{"timestamp":"2026-06-12T14:05:29.118079Z","level":"warning","event":"The `airflow.decorators.task` attribute is deprecated. Please use `'airflow.sdk.task'`.","category":"UserWarning","filename":"/opt/airflow/dags/reporting_dag.py","lineno":1,"logger":"py.warnings"}
{"timestamp":"2026-06-12T14:05:29.118236Z","level":"warning","event":"Import 'Dataset' directly from the airflow module is deprecated and will be removed in the future. Please import it from 'airflow.sdk.Asset'.","category":"UserWarning","filename":"/opt/airflow/dags/assets.py","lineno":1,"logger":"py.warnings"}
{"timestamp":"2026-06-12T14:06:46.055653Z","level":"info","event":"Filling up the DagBag from /opt/airflow/dags/reporting_dag.py","logger":"airflow.dag_processing.dagbag.BundleDagBag","filename":"dagbag.py","lineno":469}
{"timestamp":"2026-06-12T14:06:46.145537Z","level":"warning","event":"The `airflow.decorators.dag` attribute is deprecated. Please use `'airflow.sdk.dag'`.","category":"UserWarning","filename":"/opt/airflow/dags/reporting_dag.py","lineno":1,"logger":"py.warnings"}
{"timestamp":"2026-06-12T14:06:46.145665Z","level":"warning","event":"The `airflow.decorators.task` attribute is deprecated. Please use `'airflow.sdk.task'`.","category":"UserWarning","filename":"/opt/airflow/dags/reporting_dag.py","lineno":1,"logger":"py.warnings"}
{"timestamp":"2026-06-12T14:06:46.145774Z","level":"warning","event":"Import 'Dataset' directly from the airflow module is deprecated and will be removed in the future. Please import it from 'airflow.sdk.Asset'.","category":"UserWarning","filename":"/opt/airflow/dags/assets.py","lineno":1,"logger":"py.warnings"}
{"timestamp":"2026-06-12T14:07:17.725079Z","level":"info","event":"Filling up the DagBag from /opt/airflow/dags/reporting_dag.py","logger":"airflow.dag_processing.dagbag.BundleDagBag","filename":"dagbag.py","lineno":469}
{"timestamp":"2026-06-12T14:07:17.778599Z","level":"warning","event":"The `airflow.decorators.dag` attribute is deprecated. Please use `'airflow.sdk.dag'`.","category":"UserWarning","filename":"/opt/airflow/dags/reporting_dag.py","lineno":1,"logger":"py.warnings"}
{"timestamp":"2026-06-12T14:07:17.778733Z","level":"warning","event":"The `airflow.decorators.task` attribute is deprecated. Please use `'airflow.sdk.task'`.","category":"UserWarning","filename":"/opt/airflow/dags/reporting_dag.py","lineno":1,"logger":"py.warnings"}
{"timestamp":"2026-06-12T14:07:17.778806Z","level":"warning","event":"Import 'Dataset' directly from the airflow module is deprecated and will be removed in the future. Please import it from 'airflow.sdk.Asset'.","category":"UserWarning","filename":"/opt/airflow/dags/assets.py","lineno":1,"logger":"py.warnings"}
{"timestamp":"2026-06-12T14:07:50.235347Z","level":"info","event":"Filling up the DagBag from /opt/airflow/dags/reporting_dag.py","logger":"airflow.dag_processing.dagbag.BundleDagBag","filename":"dagbag.py","lineno":469}
{"timestamp":"2026-06-12T14:07:50.282674Z","level":"warning","event":"The `airflow.decorators.dag` attribute is deprecated. Please use `'airflow.sdk.dag'`.","category":"UserWarning","filename":"/opt/airflow/dags/reporting_dag.py","lineno":1,"logger":"py.warnings"}
{"timestamp":"2026-06-12T14:07:50.282798Z","level":"warning","event":"The `airflow.decorators.task` attribute is deprecated. Please use `'airflow.sdk.task'`.","category":"UserWarning","filename":"/opt/airflow/dags/reporting_dag.py","lineno":1,"logger":"py.warnings"}
{"timestamp":"2026-06-12T14:07:50.282869Z","level":"warning","event":"Import 'Dataset' directly from the airflow module is deprecated and will be removed in the future. Please import it from 'airflow.sdk.Asset'.","category":"UserWarning","filename":"/opt/airflow/dags/assets.py","lineno":1,"logger":"py.warnings"}
{"timestamp":"2026-06-12T14:08:21.109714Z","level":"info","event":"Filling up the DagBag from /opt/airflow/dags/reporting_dag.py","logger":"airflow.dag_processing.dagbag.BundleDagBag","filename":"dagbag.py","lineno":469}
{"timestamp":"2026-06-12T14:08:21.180992Z","level":"warning","event":"The `airflow.decorators.dag` attribute is deprecated. Please use `'airflow.sdk.dag'`.","category":"UserWarning","filename":"/opt/airflow/dags/reporting_dag.py","lineno":1,"logger":"py.warnings"}
{"timestamp":"2026-06-12T14:08:21.181124Z","level":"warning","event":"The `airflow.decorators.task` attribute is deprecated. Please use `'airflow.sdk.task'`.","category":"UserWarning","filename":"/opt/airflow/dags/reporting_dag.py","lineno":1,"logger":"py.warnings"}
{"timestamp":"2026-06-12T14:08:21.181198Z","level":"warning","event":"Import 'Dataset' directly from the airflow module is deprecated and will be removed in the future. Please import it from 'airflow.sdk.Asset'.","category":"UserWarning","filename":"/opt/airflow/dags/assets.py","lineno":1,"logger":"py.warnings"}
{"timestamp":"2026-06-12T14:08:53.805628Z","level":"info","event":"Filling up the DagBag from /opt/airflow/dags/reporting_dag.py","logger":"airflow.dag_processing.dagbag.BundleDagBag","filename":"dagbag.py","lineno":469}
{"timestamp":"2026-06-12T14:08:53.876706Z","level":"warning","event":"The `airflow.decorators.dag` attribute is deprecated. Please use `'airflow.sdk.dag'`.","category":"UserWarning","filename":"/opt/airflow/dags/reporting_dag.py","lineno":1,"logger":"py.warnings"}
{"timestamp":"2026-06-12T14:08:53.876883Z","level":"warning","event":"The `airflow.decorators.task` attribute is deprecated. Please use `'airflow.sdk.task'`.","category":"UserWarning","filename":"/opt/airflow/dags/reporting_dag.py","lineno":1,"logger":"py.warnings"}
{"timestamp":"2026-06-12T14:08:53.876977Z","level":"warning","event":"Import 'Dataset' directly from the airflow module is deprecated and will be removed in the future. Please import it from 'airflow.sdk.Asset'.","category":"UserWarning","filename":"/opt/airflow/dags/assets.py","lineno":1,"logger":"py.warnings"}
{"timestamp":"2026-06-12T14:09:27.405663Z","level":"info","event":"Filling up the DagBag from /opt/airflow/dags/reporting_dag.py","logger":"airflow.dag_processing.dagbag.BundleDagBag","filename":"dagbag.py","lineno":469}
{"timestamp":"2026-06-12T14:09:27.459584Z","level":"warning","event":"The `airflow.decorators.dag` attribute is deprecated. Please use `'airflow.sdk.dag'`.","category":"UserWarning","filename":"/opt/airflow/dags/reporting_dag.py","lineno":1,"logger":"py.warnings"}
{"timestamp":"2026-06-12T14:09:27.459788Z","level":"warning","event":"The `airflow.decorators.task` attribute is deprecated. Please use `'airflow.sdk.task'`.","category":"UserWarning","filename":"/opt/airflow/dags/reporting_dag.py","lineno":1,"logger":"py.warnings"}
{"timestamp":"2026-06-12T14:09:27.459867Z","level":"warning","event":"Import 'Dataset' directly from the airflow module is deprecated and will be removed in the future. Please import it from 'airflow.sdk.Asset'.","category":"UserWarning","filename":"/opt/airflow/dags/assets.py","lineno":1,"logger":"py.warnings"}
{"timestamp":"2026-06-12T14:09:59.982488Z","level":"info","event":"Filling up the DagBag from /opt/airflow/dags/reporting_dag.py","logger":"airflow.dag_processing.dagbag.BundleDagBag","filename":"dagbag.py","lineno":469}
{"timestamp":"2026-06-12T14:10:00.047089Z","level":"warning","event":"The `airflow.decorators.dag` attribute is deprecated. Please use `'airflow.sdk.dag'`.","category":"UserWarning","filename":"/opt/airflow/dags/reporting_dag.py","lineno":1,"logger":"py.warnings"}
{"timestamp":"2026-06-12T14:10:00.047229Z","level":"warning","event":"The `airflow.decorators.task` attribute is deprecated. Please use `'airflow.sdk.task'`.","category":"UserWarning","filename":"/opt/airflow/dags/reporting_dag.py","lineno":1,"logger":"py.warnings"}
{"timestamp":"2026-06-12T14:10:00.047487Z","level":"warning","event":"Import 'Dataset' directly from the airflow module is deprecated and will be removed in the future. Please import it from 'airflow.sdk.Asset'.","category":"UserWarning","filename":"/opt/airflow/dags/assets.py","lineno":1,"logger":"py.warnings"}
{"timestamp":"2026-06-12T14:10:32.473870Z","level":"info","event":"Filling up the DagBag from /opt/airflow/dags/reporting_dag.py","logger":"airflow.dag_processing.dagbag.BundleDagBag","filename":"dagbag.py","lineno":469}
{"timestamp":"2026-06-12T14:10:32.531238Z","level":"warning","event":"The `airflow.decorators.dag` attribute is deprecated. Please use `'airflow.sdk.dag'`.","category":"UserWarning","filename":"/opt/airflow/dags/reporting_dag.py","lineno":1,"logger":"py.warnings"}
{"timestamp":"2026-06-12T14:10:32.531386Z","level":"warning","event":"The `airflow.decorators.task` attribute is deprecated. Please use `'airflow.sdk.task'`.","category":"UserWarning","filename":"/opt/airflow/dags/reporting_dag.py","lineno":1,"logger":"py.warnings"}
{"timestamp":"2026-06-12T14:10:32.531465Z","level":"warning","event":"Import 'Dataset' directly from the airflow module is deprecated and will be removed in the future. Please import it from 'airflow.sdk.Asset'.","category":"UserWarning","filename":"/opt/airflow/dags/assets.py","lineno":1,"logger":"py.warnings"}
{"timestamp":"2026-06-12T14:11:05.145352Z","level":"info","event":"Filling up the DagBag from /opt/airflow/dags/reporting_dag.py","logger":"airflow.dag_processing.dagbag.BundleDagBag","filename":"dagbag.py","lineno":469}
{"timestamp":"2026-06-12T14:11:05.205750Z","level":"warning","event":"The `airflow.decorators.dag` attribute is deprecated. Please use `'airflow.sdk.dag'`.","category":"UserWarning","filename":"/opt/airflow/dags/reporting_dag.py","lineno":1,"logger":"py.warnings"}
{"timestamp":"2026-06-12T14:11:05.205878Z","level":"warning","event":"The `airflow.decorators.task` attribute is deprecated. Please use `'airflow.sdk.task'`.","category":"UserWarning","filename":"/opt/airflow/dags/reporting_dag.py","lineno":1,"logger":"py.warnings"}
{"timestamp":"2026-06-12T14:11:05.205950Z","level":"warning","event":"Import 'Dataset' directly from the airflow module is deprecated and will be removed in the future. Please import it from 'airflow.sdk.Asset'.","category":"UserWarning","filename":"/opt/airflow/dags/assets.py","lineno":1,"logger":"py.warnings"}
{"timestamp":"2026-06-12T14:11:37.707645Z","level":"info","event":"Filling up the DagBag from /opt/airflow/dags/reporting_dag.py","logger":"airflow.dag_processing.dagbag.BundleDagBag","filename":"dagbag.py","lineno":469}
{"timestamp":"2026-06-12T14:11:37.758789Z","level":"warning","event":"The `airflow.decorators.dag` attribute is deprecated. Please use `'airflow.sdk.dag'`.","category":"UserWarning","filename":"/opt/airflow/dags/reporting_dag.py","lineno":1,"logger":"py.warnings"}
{"timestamp":"2026-06-12T14:11:37.758958Z","level":"warning","event":"The `airflow.decorators.task` attribute is deprecated. Please use `'airflow.sdk.task'`.","category":"UserWarning","filename":"/opt/airflow/dags/reporting_dag.py","lineno":1,"logger":"py.warnings"}
{"timestamp":"2026-06-12T14:11:37.759038Z","level":"warning","event":"Import 'Dataset' directly from the airflow module is deprecated and will be removed in the future. Please import it from 'airflow.sdk.Asset'.","category":"UserWarning","filename":"/opt/airflow/dags/assets.py","lineno":1,"logger":"py.warnings"}
{"timestamp":"2026-06-12T14:12:10.150894Z","level":"info","event":"Filling up the DagBag from /opt/airflow/dags/reporting_dag.py","logger":"airflow.dag_processing.dagbag.BundleDagBag","filename":"dagbag.py","lineno":469}
{"timestamp":"2026-06-12T14:12:10.206010Z","level":"warning","event":"The `airflow.decorators.dag` attribute is deprecated. Please use `'airflow.sdk.dag'`.","category":"UserWarning","filename":"/opt/airflow/dags/reporting_dag.py","lineno":1,"logger":"py.warnings"}
{"timestamp":"2026-06-12T14:12:10.206173Z","level":"warning","event":"The `airflow.decorators.task` attribute is deprecated. Please use `'airflow.sdk.task'`.","category":"UserWarning","filename":"/opt/airflow/dags/reporting_dag.py","lineno":1,"logger":"py.warnings"}
{"timestamp":"2026-06-12T14:12:10.206268Z","level":"warning","event":"Import 'Dataset' directly from the airflow module is deprecated and will be removed in the future. Please import it from 'airflow.sdk.Asset'.","category":"UserWarning","filename":"/opt/airflow/dags/assets.py","lineno":1,"logger":"py.warnings"}
{"timestamp":"2026-06-12T14:12:43.710096Z","level":"info","event":"Filling up the DagBag from /opt/airflow/dags/reporting_dag.py","logger":"airflow.dag_processing.dagbag.BundleDagBag","filename":"dagbag.py","lineno":469}
{"timestamp":"2026-06-12T14:12:43.761180Z","level":"warning","event":"The `airflow.decorators.dag` attribute is deprecated. Please use `'airflow.sdk.dag'`.","category":"UserWarning","filename":"/opt/airflow/dags/reporting_dag.py","lineno":1,"logger":"py.warnings"}
{"timestamp":"2026-06-12T14:12:43.761330Z","level":"warning","event":"The `airflow.decorators.task` attribute is deprecated. Please use `'airflow.sdk.task'`.","category":"UserWarning","filename":"/opt/airflow/dags/reporting_dag.py","lineno":1,"logger":"py.warnings"}
{"timestamp":"2026-06-12T14:12:43.761404Z","level":"warning","event":"Import 'Dataset' directly from the airflow module is deprecated and will be removed in the future. Please import it from 'airflow.sdk.Asset'.","category":"UserWarning","filename":"/opt/airflow/dags/assets.py","lineno":1,"logger":"py.warnings"}
{"timestamp":"2026-06-12T14:13:15.681763Z","level":"info","event":"Filling up the DagBag from /opt/airflow/dags/reporting_dag.py","logger":"airflow.dag_processing.dagbag.BundleDagBag","filename":"dagbag.py","lineno":469}
{"timestamp":"2026-06-12T14:13:15.730570Z","level":"warning","event":"The `airflow.decorators.dag` attribute is deprecated. Please use `'airflow.sdk.dag'`.","category":"UserWarning","filename":"/opt/airflow/dags/reporting_dag.py","lineno":1,"logger":"py.warnings"}
{"timestamp":"2026-06-12T14:13:15.730691Z","level":"warning","event":"The `airflow.decorators.task` attribute is deprecated. Please use `'airflow.sdk.task'`.","category":"UserWarning","filename":"/opt/airflow/dags/reporting_dag.py","lineno":1,"logger":"py.warnings"}
{"timestamp":"2026-06-12T14:13:15.730811Z","level":"warning","event":"Import 'Dataset' directly from the airflow module is deprecated and will be removed in the future. Please import it from 'airflow.sdk.Asset'.","category":"UserWarning","filename":"/opt/airflow/dags/assets.py","lineno":1,"logger":"py.warnings"}
{"timestamp":"2026-06-12T14:13:46.402353Z","level":"info","event":"Filling up the DagBag from /opt/airflow/dags/reporting_dag.py","logger":"airflow.dag_processing.dagbag.BundleDagBag","filename":"dagbag.py","lineno":469}
{"timestamp":"2026-06-12T14:13:46.457655Z","level":"warning","event":"The `airflow.decorators.dag` attribute is deprecated. Please use `'airflow.sdk.dag'`.","category":"UserWarning","filename":"/opt/airflow/dags/reporting_dag.py","lineno":1,"logger":"py.warnings"}
{"timestamp":"2026-06-12T14:13:46.457796Z","level":"warning","event":"The `airflow.decorators.task` attribute is deprecated. Please use `'airflow.sdk.task'`.","category":"UserWarning","filename":"/opt/airflow/dags/reporting_dag.py","lineno":1,"logger":"py.warnings"}
{"timestamp":"2026-06-12T14:13:46.457887Z","level":"warning","event":"Import 'Dataset' directly from the airflow module is deprecated and will be removed in the future. Please import it from 'airflow.sdk.Asset'.","category":"UserWarning","filename":"/opt/airflow/dags/assets.py","lineno":1,"logger":"py.warnings"}
{"timestamp":"2026-06-12T14:14:19.033673Z","level":"info","event":"Filling up the DagBag from /opt/airflow/dags/reporting_dag.py","logger":"airflow.dag_processing.dagbag.BundleDagBag","filename":"dagbag.py","lineno":469}
{"timestamp":"2026-06-12T14:14:19.108942Z","level":"warning","event":"The `airflow.decorators.dag` attribute is deprecated. Please use `'airflow.sdk.dag'`.","category":"UserWarning","filename":"/opt/airflow/dags/reporting_dag.py","lineno":1,"logger":"py.warnings"}
{"timestamp":"2026-06-12T14:14:19.109075Z","level":"warning","event":"The `airflow.decorators.task` attribute is deprecated. Please use `'airflow.sdk.task'`.","category":"UserWarning","filename":"/opt/airflow/dags/reporting_dag.py","lineno":1,"logger":"py.warnings"}
{"timestamp":"2026-06-12T14:14:19.109157Z","level":"warning","event":"Import 'Dataset' directly from the airflow module is deprecated and will be removed in the future. Please import it from 'airflow.sdk.Asset'.","category":"UserWarning","filename":"/opt/airflow/dags/assets.py","lineno":1,"logger":"py.warnings"}
{"timestamp":"2026-06-12T14:14:51.841557Z","level":"info","event":"Filling up the DagBag from /opt/airflow/dags/reporting_dag.py","logger":"airflow.dag_processing.dagbag.BundleDagBag","filename":"dagbag.py","lineno":469}
{"timestamp":"2026-06-12T14:14:51.903461Z","level":"warning","event":"The `airflow.decorators.dag` attribute is deprecated. Please use `'airflow.sdk.dag'`.","category":"UserWarning","filename":"/opt/airflow/dags/reporting_dag.py","lineno":1,"logger":"py.warnings"}
{"timestamp":"2026-06-12T14:14:51.903595Z","level":"warning","event":"The `airflow.decorators.task` attribute is deprecated. Please use `'airflow.sdk.task'`.","category":"UserWarning","filename":"/opt/airflow/dags/reporting_dag.py","lineno":1,"logger":"py.warnings"}
{"timestamp":"2026-06-12T14:14:51.903672Z","level":"warning","event":"Import 'Dataset' directly from the airflow module is deprecated and will be removed in the future. Please import it from 'airflow.sdk.Asset'.","category":"UserWarning","filename":"/opt/airflow/dags/assets.py","lineno":1,"logger":"py.warnings"}
{"timestamp":"2026-06-12T14:15:23.681309Z","level":"info","event":"Filling up the DagBag from /opt/airflow/dags/reporting_dag.py","logger":"airflow.dag_processing.dagbag.BundleDagBag","filename":"dagbag.py","lineno":469}
{"timestamp":"2026-06-12T14:15:23.724078Z","level":"error","event":"Failed to import: /opt/airflow/dags/reporting_dag.py","logger":"airflow.dag_processing.importers.python_importer","filename":"python_importer.py","lineno":244,"error_detail":[{"exc_type":"ModuleNotFoundError","exc_value":"No module named 'airflow.sdk.asset'","exc_notes":[],"syntax_error":null,"is_cause":false,"frames":[{"filename":"/home/airflow/.local/lib/python3.13/site-packages/airflow/dag_processing/importers/python_importer.py","lineno":238,"name":"parse"},{"filename":"<frozen importlib._bootstrap_external>","lineno":1023,"name":"exec_module"},{"filename":"<frozen importlib._bootstrap>","lineno":488,"name":"_call_with_frames_removed"},{"filename":"/opt/airflow/dags/reporting_dag.py","lineno":5,"name":"<module>"},{"filename":"/opt/airflow/dags/assets.py","lineno":1,"name":"<module>"}],"is_group":false,"exceptions":[]}]}
{"timestamp":"2026-06-12T14:15:23.730169Z","level":"error","event":"Error loading DAG from reporting_dag.py: No module named 'airflow.sdk.asset'","logger":"airflow.dag_processing.dagbag.BundleDagBag","filename":"dagbag.py","lineno":327}
{"timestamp":"2026-06-12T14:15:23.730367Z","level":"warning","event":"The `airflow.decorators.dag` attribute is deprecated. Please use `'airflow.sdk.dag'`.","category":"UserWarning","filename":"/opt/airflow/dags/reporting_dag.py","lineno":1,"logger":"py.warnings"}
{"timestamp":"2026-06-12T14:15:23.730475Z","level":"warning","event":"The `airflow.decorators.task` attribute is deprecated. Please use `'airflow.sdk.task'`.","category":"UserWarning","filename":"/opt/airflow/dags/reporting_dag.py","lineno":1,"logger":"py.warnings"}
{"timestamp":"2026-06-12T14:15:54.431462Z","level":"info","event":"Filling up the DagBag from /opt/airflow/dags/reporting_dag.py","logger":"airflow.dag_processing.dagbag.BundleDagBag","filename":"dagbag.py","lineno":469}
{"timestamp":"2026-06-12T14:15:54.476827Z","level":"error","event":"Failed to import: /opt/airflow/dags/reporting_dag.py","logger":"airflow.dag_processing.importers.python_importer","filename":"python_importer.py","lineno":244,"error_detail":[{"exc_type":"ModuleNotFoundError","exc_value":"No module named 'airflow.sdk.asset'","exc_notes":[],"syntax_error":null,"is_cause":false,"frames":[{"filename":"/home/airflow/.local/lib/python3.13/site-packages/airflow/dag_processing/importers/python_importer.py","lineno":238,"name":"parse"},{"filename":"<frozen importlib._bootstrap_external>","lineno":1023,"name":"exec_module"},{"filename":"<frozen importlib._bootstrap>","lineno":488,"name":"_call_with_frames_removed"},{"filename":"/opt/airflow/dags/reporting_dag.py","lineno":5,"name":"<module>"},{"filename":"/opt/airflow/dags/assets.py","lineno":1,"name":"<module>"}],"is_group":false,"exceptions":[]}]}
{"timestamp":"2026-06-12T14:15:54.482411Z","level":"error","event":"Error loading DAG from reporting_dag.py: No module named 'airflow.sdk.asset'","logger":"airflow.dag_processing.dagbag.BundleDagBag","filename":"dagbag.py","lineno":327}
{"timestamp":"2026-06-12T14:15:54.482614Z","level":"warning","event":"The `airflow.decorators.dag` attribute is deprecated. Please use `'airflow.sdk.dag'`.","category":"UserWarning","filename":"/opt/airflow/dags/reporting_dag.py","lineno":1,"logger":"py.warnings"}
{"timestamp":"2026-06-12T14:15:54.482713Z","level":"warning","event":"The `airflow.decorators.task` attribute is deprecated. Please use `'airflow.sdk.task'`.","category":"UserWarning","filename":"/opt/airflow/dags/reporting_dag.py","lineno":1,"logger":"py.warnings"}
{"timestamp":"2026-06-12T14:16:25.045680Z","level":"info","event":"Filling up the DagBag from /opt/airflow/dags/reporting_dag.py","logger":"airflow.dag_processing.dagbag.BundleDagBag","filename":"dagbag.py","lineno":469}
{"timestamp":"2026-06-12T14:16:25.103488Z","level":"error","event":"Failed to import: /opt/airflow/dags/reporting_dag.py","logger":"airflow.dag_processing.importers.python_importer","filename":"python_importer.py","lineno":244,"error_detail":[{"exc_type":"ModuleNotFoundError","exc_value":"No module named 'airflow.sdk.asset'","exc_notes":[],"syntax_error":null,"is_cause":false,"frames":[{"filename":"/home/airflow/.local/lib/python3.13/site-packages/airflow/dag_processing/importers/python_importer.py","lineno":238,"name":"parse"},{"filename":"<frozen importlib._bootstrap_external>","lineno":1023,"name":"exec_module"},{"filename":"<frozen importlib._bootstrap>","lineno":488,"name":"_call_with_frames_removed"},{"filename":"/opt/airflow/dags/reporting_dag.py","lineno":5,"name":"<module>"},{"filename":"/opt/airflow/dags/assets.py","lineno":1,"name":"<module>"}],"is_group":false,"exceptions":[]}]}
{"timestamp":"2026-06-12T14:16:25.109854Z","level":"error","event":"Error loading DAG from reporting_dag.py: No module named 'airflow.sdk.asset'","logger":"airflow.dag_processing.dagbag.BundleDagBag","filename":"dagbag.py","lineno":327}
{"timestamp":"2026-06-12T14:16:25.110060Z","level":"warning","event":"The `airflow.decorators.dag` attribute is deprecated. Please use `'airflow.sdk.dag'`.","category":"UserWarning","filename":"/opt/airflow/dags/reporting_dag.py","lineno":1,"logger":"py.warnings"}
{"timestamp":"2026-06-12T14:16:25.110206Z","level":"warning","event":"The `airflow.decorators.task` attribute is deprecated. Please use `'airflow.sdk.task'`.","category":"UserWarning","filename":"/opt/airflow/dags/reporting_dag.py","lineno":1,"logger":"py.warnings"}
{"timestamp":"2026-06-12T14:16:55.720153Z","level":"info","event":"Filling up the DagBag from /opt/airflow/dags/reporting_dag.py","logger":"airflow.dag_processing.dagbag.BundleDagBag","filename":"dagbag.py","lineno":469}
{"timestamp":"2026-06-12T14:16:55.761660Z","level":"error","event":"Failed to import: /opt/airflow/dags/reporting_dag.py","logger":"airflow.dag_processing.importers.python_importer","filename":"python_importer.py","lineno":244,"error_detail":[{"exc_type":"ModuleNotFoundError","exc_value":"No module named 'airflow.sdk.asset'","exc_notes":[],"syntax_error":null,"is_cause":false,"frames":[{"filename":"/home/airflow/.local/lib/python3.13/site-packages/airflow/dag_processing/importers/python_importer.py","lineno":238,"name":"parse"},{"filename":"<frozen importlib._bootstrap_external>","lineno":1023,"name":"exec_module"},{"filename":"<frozen importlib._bootstrap>","lineno":488,"name":"_call_with_frames_removed"},{"filename":"/opt/airflow/dags/reporting_dag.py","lineno":5,"name":"<module>"},{"filename":"/opt/airflow/dags/assets.py","lineno":1,"name":"<module>"}],"is_group":false,"exceptions":[]}]}
{"timestamp":"2026-06-12T14:16:55.768746Z","level":"error","event":"Error loading DAG from reporting_dag.py: No module named 'airflow.sdk.asset'","logger":"airflow.dag_processing.dagbag.BundleDagBag","filename":"dagbag.py","lineno":327}
{"timestamp":"2026-06-12T14:16:55.768967Z","level":"warning","event":"The `airflow.decorators.dag` attribute is deprecated. Please use `'airflow.sdk.dag'`.","category":"UserWarning","filename":"/opt/airflow/dags/reporting_dag.py","lineno":1,"logger":"py.warnings"}
{"timestamp":"2026-06-12T14:16:55.769072Z","level":"warning","event":"The `airflow.decorators.task` attribute is deprecated. Please use `'airflow.sdk.task'`.","category":"UserWarning","filename":"/opt/airflow/dags/reporting_dag.py","lineno":1,"logger":"py.warnings"}
{"timestamp":"2026-06-12T14:17:25.867896Z","level":"info","event":"Filling up the DagBag from /opt/airflow/dags/reporting_dag.py","logger":"airflow.dag_processing.dagbag.BundleDagBag","filename":"dagbag.py","lineno":469}
{"timestamp":"2026-06-12T14:17:25.919982Z","level":"error","event":"Failed to import: /opt/airflow/dags/reporting_dag.py","logger":"airflow.dag_processing.importers.python_importer","filename":"python_importer.py","lineno":244,"error_detail":[{"exc_type":"ModuleNotFoundError","exc_value":"No module named 'airflow.sdk.asset'","exc_notes":[],"syntax_error":null,"is_cause":false,"frames":[{"filename":"/home/airflow/.local/lib/python3.13/site-packages/airflow/dag_processing/importers/python_importer.py","lineno":238,"name":"parse"},{"filename":"<frozen importlib._bootstrap_external>","lineno":1023,"name":"exec_module"},{"filename":"<frozen importlib._bootstrap>","lineno":488,"name":"_call_with_frames_removed"},{"filename":"/opt/airflow/dags/reporting_dag.py","lineno":5,"name":"<module>"},{"filename":"/opt/airflow/dags/assets.py","lineno":1,"name":"<module>"}],"is_group":false,"exceptions":[]}]}
{"timestamp":"2026-06-12T14:17:25.927709Z","level":"error","event":"Error loading DAG from reporting_dag.py: No module named 'airflow.sdk.asset'","logger":"airflow.dag_processing.dagbag.BundleDagBag","filename":"dagbag.py","lineno":327}
{"timestamp":"2026-06-12T14:17:25.927947Z","level":"warning","event":"The `airflow.decorators.dag` attribute is deprecated. Please use `'airflow.sdk.dag'`.","category":"UserWarning","filename":"/opt/airflow/dags/reporting_dag.py","lineno":1,"logger":"py.warnings"}
{"timestamp":"2026-06-12T14:17:25.928063Z","level":"warning","event":"The `airflow.decorators.task` attribute is deprecated. Please use `'airflow.sdk.task'`.","category":"UserWarning","filename":"/opt/airflow/dags/reporting_dag.py","lineno":1,"logger":"py.warnings"}
{"timestamp":"2026-06-12T14:17:56.320990Z","level":"info","event":"Filling up the DagBag from /opt/airflow/dags/reporting_dag.py","logger":"airflow.dag_processing.dagbag.BundleDagBag","filename":"dagbag.py","lineno":469}
{"timestamp":"2026-06-12T14:17:56.375768Z","level":"warning","event":"The `airflow.decorators.dag` attribute is deprecated. Please use `'airflow.sdk.dag'`.","category":"UserWarning","filename":"/opt/airflow/dags/reporting_dag.py","lineno":1,"logger":"py.warnings"}
{"timestamp":"2026-06-12T14:17:56.375916Z","level":"warning","event":"The `airflow.decorators.task` attribute is deprecated. Please use `'airflow.sdk.task'`.","category":"UserWarning","filename":"/opt/airflow/dags/reporting_dag.py","lineno":1,"logger":"py.warnings"}
{"timestamp":"2026-06-12T14:18:27.183777Z","level":"info","event":"Filling up the DagBag from /opt/airflow/dags/reporting_dag.py","logger":"airflow.dag_processing.dagbag.BundleDagBag","filename":"dagbag.py","lineno":469}
{"timestamp":"2026-06-12T14:18:27.233377Z","level":"warning","event":"The `airflow.decorators.dag` attribute is deprecated. Please use `'airflow.sdk.dag'`.","category":"UserWarning","filename":"/opt/airflow/dags/reporting_dag.py","lineno":1,"logger":"py.warnings"}
{"timestamp":"2026-06-12T14:18:27.233496Z","level":"warning","event":"The `airflow.decorators.task` attribute is deprecated. Please use `'airflow.sdk.task'`.","category":"UserWarning","filename":"/opt/airflow/dags/reporting_dag.py","lineno":1,"logger":"py.warnings"}
{"timestamp":"2026-06-12T14:18:57.636968Z","level":"info","event":"Filling up the DagBag from /opt/airflow/dags/reporting_dag.py","logger":"airflow.dag_processing.dagbag.BundleDagBag","filename":"dagbag.py","lineno":469}
{"timestamp":"2026-06-12T14:18:57.688815Z","level":"warning","event":"The `airflow.decorators.dag` attribute is deprecated. Please use `'airflow.sdk.dag'`.","category":"UserWarning","filename":"/opt/airflow/dags/reporting_dag.py","lineno":1,"logger":"py.warnings"}
{"timestamp":"2026-06-12T14:18:57.688955Z","level":"warning","event":"The `airflow.decorators.task` attribute is deprecated. Please use `'airflow.sdk.task'`.","category":"UserWarning","filename":"/opt/airflow/dags/reporting_dag.py","lineno":1,"logger":"py.warnings"}
{"timestamp":"2026-06-12T14:19:28.069851Z","level":"info","event":"Filling up the DagBag from /opt/airflow/dags/reporting_dag.py","logger":"airflow.dag_processing.dagbag.BundleDagBag","filename":"dagbag.py","lineno":469}
{"timestamp":"2026-06-12T14:19:28.116800Z","level":"warning","event":"The `airflow.decorators.dag` attribute is deprecated. Please use `'airflow.sdk.dag'`.","category":"UserWarning","filename":"/opt/airflow/dags/reporting_dag.py","lineno":1,"logger":"py.warnings"}
{"timestamp":"2026-06-12T14:19:28.116937Z","level":"warning","event":"The `airflow.decorators.task` attribute is deprecated. Please use `'airflow.sdk.task'`.","category":"UserWarning","filename":"/opt/airflow/dags/reporting_dag.py","lineno":1,"logger":"py.warnings"}
{"timestamp":"2026-06-12T14:19:58.802034Z","level":"info","event":"Filling up the DagBag from /opt/airflow/dags/reporting_dag.py","logger":"airflow.dag_processing.dagbag.BundleDagBag","filename":"dagbag.py","lineno":469}
{"timestamp":"2026-06-12T14:19:58.872733Z","level":"warning","event":"The `airflow.decorators.dag` attribute is deprecated. Please use `'airflow.sdk.dag'`.","category":"UserWarning","filename":"/opt/airflow/dags/reporting_dag.py","lineno":1,"logger":"py.warnings"}
{"timestamp":"2026-06-12T14:19:58.872901Z","level":"warning","event":"The `airflow.decorators.task` attribute is deprecated. Please use `'airflow.sdk.task'`.","category":"UserWarning","filename":"/opt/airflow/dags/reporting_dag.py","lineno":1,"logger":"py.warnings"}
{"timestamp":"2026-06-12T14:20:29.404010Z","level":"info","event":"Filling up the DagBag from /opt/airflow/dags/reporting_dag.py","logger":"airflow.dag_processing.dagbag.BundleDagBag","filename":"dagbag.py","lineno":469}
{"timestamp":"2026-06-12T14:20:29.514299Z","level":"warning","event":"The `airflow.decorators.dag` attribute is deprecated. Please use `'airflow.sdk.dag'`.","category":"UserWarning","filename":"/opt/airflow/dags/reporting_dag.py","lineno":1,"logger":"py.warnings"}
{"timestamp":"2026-06-12T14:20:29.514495Z","level":"warning","event":"The `airflow.decorators.task` attribute is deprecated. Please use `'airflow.sdk.task'`.","category":"UserWarning","filename":"/opt/airflow/dags/reporting_dag.py","lineno":1,"logger":"py.warnings"}
{"timestamp":"2026-06-12T14:21:00.059011Z","level":"info","event":"Filling up the DagBag from /opt/airflow/dags/reporting_dag.py","logger":"airflow.dag_processing.dagbag.BundleDagBag","filename":"dagbag.py","lineno":469}
{"timestamp":"2026-06-12T14:21:00.120028Z","level":"warning","event":"The `airflow.decorators.dag` attribute is deprecated. Please use `'airflow.sdk.dag'`.","category":"UserWarning","filename":"/opt/airflow/dags/reporting_dag.py","lineno":1,"logger":"py.warnings"}
{"timestamp":"2026-06-12T14:21:00.120175Z","level":"warning","event":"The `airflow.decorators.task` attribute is deprecated. Please use `'airflow.sdk.task'`.","category":"UserWarning","filename":"/opt/airflow/dags/reporting_dag.py","lineno":1,"logger":"py.warnings"}
{"timestamp":"2026-06-12T14:21:30.570580Z","level":"info","event":"Filling up the DagBag from /opt/airflow/dags/reporting_dag.py","logger":"airflow.dag_processing.dagbag.BundleDagBag","filename":"dagbag.py","lineno":469}
{"timestamp":"2026-06-12T14:21:30.618465Z","level":"warning","event":"The `airflow.decorators.dag` attribute is deprecated. Please use `'airflow.sdk.dag'`.","category":"UserWarning","filename":"/opt/airflow/dags/reporting_dag.py","lineno":1,"logger":"py.warnings"}
{"timestamp":"2026-06-12T14:21:30.618609Z","level":"warning","event":"The `airflow.decorators.task` attribute is deprecated. Please use `'airflow.sdk.task'`.","category":"UserWarning","filename":"/opt/airflow/dags/reporting_dag.py","lineno":1,"logger":"py.warnings"}
{"timestamp":"2026-06-12T14:22:01.191785Z","level":"info","event":"Filling up the DagBag from /opt/airflow/dags/reporting_dag.py","logger":"airflow.dag_processing.dagbag.BundleDagBag","filename":"dagbag.py","lineno":469}
{"timestamp":"2026-06-12T14:22:01.251601Z","level":"warning","event":"The `airflow.decorators.dag` attribute is deprecated. Please use `'airflow.sdk.dag'`.","category":"UserWarning","filename":"/opt/airflow/dags/reporting_dag.py","lineno":1,"logger":"py.warnings"}
{"timestamp":"2026-06-12T14:22:01.251748Z","level":"warning","event":"The `airflow.decorators.task` attribute is deprecated. Please use `'airflow.sdk.task'`.","category":"UserWarning","filename":"/opt/airflow/dags/reporting_dag.py","lineno":1,"logger":"py.warnings"}
{"timestamp":"2026-06-12T14:22:31.754710Z","level":"info","event":"Filling up the DagBag from /opt/airflow/dags/reporting_dag.py","logger":"airflow.dag_processing.dagbag.BundleDagBag","filename":"dagbag.py","lineno":469}
{"timestamp":"2026-06-12T14:22:31.803690Z","level":"warning","event":"The `airflow.decorators.dag` attribute is deprecated. Please use `'airflow.sdk.dag'`.","category":"UserWarning","filename":"/opt/airflow/dags/reporting_dag.py","lineno":1,"logger":"py.warnings"}
{"timestamp":"2026-06-12T14:22:31.803846Z","level":"warning","event":"The `airflow.decorators.task` attribute is deprecated. Please use `'airflow.sdk.task'`.","category":"UserWarning","filename":"/opt/airflow/dags/reporting_dag.py","lineno":1,"logger":"py.warnings"}
{"timestamp":"2026-06-12T14:23:02.415068Z","level":"info","event":"Filling up the DagBag from /opt/airflow/dags/reporting_dag.py","logger":"airflow.dag_processing.dagbag.BundleDagBag","filename":"dagbag.py","lineno":469}
{"timestamp":"2026-06-12T14:23:02.515266Z","level":"warning","event":"The `airflow.decorators.dag` attribute is deprecated. Please use `'airflow.sdk.dag'`.","category":"UserWarning","filename":"/opt/airflow/dags/reporting_dag.py","lineno":1,"logger":"py.warnings"}
{"timestamp":"2026-06-12T14:23:02.515440Z","level":"warning","event":"The `airflow.decorators.task` attribute is deprecated. Please use `'airflow.sdk.task'`.","category":"UserWarning","filename":"/opt/airflow/dags/reporting_dag.py","lineno":1,"logger":"py.warnings"}
{"timestamp":"2026-06-12T14:23:33.122083Z","level":"info","event":"Filling up the DagBag from /opt/airflow/dags/reporting_dag.py","logger":"airflow.dag_processing.dagbag.BundleDagBag","filename":"dagbag.py","lineno":469}
{"timestamp":"2026-06-12T14:23:33.178766Z","level":"warning","event":"The `airflow.decorators.dag` attribute is deprecated. Please use `'airflow.sdk.dag'`.","category":"UserWarning","filename":"/opt/airflow/dags/reporting_dag.py","lineno":1,"logger":"py.warnings"}
{"timestamp":"2026-06-12T14:23:33.178923Z","level":"warning","event":"The `airflow.decorators.task` attribute is deprecated. Please use `'airflow.sdk.task'`.","category":"UserWarning","filename":"/opt/airflow/dags/reporting_dag.py","lineno":1,"logger":"py.warnings"}
{"timestamp":"2026-06-12T14:24:03.702918Z","level":"info","event":"Filling up the DagBag from /opt/airflow/dags/reporting_dag.py","logger":"airflow.dag_processing.dagbag.BundleDagBag","filename":"dagbag.py","lineno":469}
{"timestamp":"2026-06-12T14:24:03.757803Z","level":"warning","event":"The `airflow.decorators.dag` attribute is deprecated. Please use `'airflow.sdk.dag'`.","category":"UserWarning","filename":"/opt/airflow/dags/reporting_dag.py","lineno":1,"logger":"py.warnings"}
{"timestamp":"2026-06-12T14:24:03.757959Z","level":"warning","event":"The `airflow.decorators.task` attribute is deprecated. Please use `'airflow.sdk.task'`.","category":"UserWarning","filename":"/opt/airflow/dags/reporting_dag.py","lineno":1,"logger":"py.warnings"}
{"timestamp":"2026-06-12T14:25:33.717398Z","level":"info","event":"Filling up the DagBag from /opt/airflow/dags/reporting_dag.py","logger":"airflow.dag_processing.dagbag.BundleDagBag","filename":"dagbag.py","lineno":469}
{"timestamp":"2026-06-12T14:25:33.885955Z","level":"warning","event":"The `airflow.decorators.dag` attribute is deprecated. Please use `'airflow.sdk.dag'`.","category":"UserWarning","filename":"/opt/airflow/dags/reporting_dag.py","lineno":1,"logger":"py.warnings"}
{"timestamp":"2026-06-12T14:25:33.886352Z","level":"warning","event":"The `airflow.decorators.task` attribute is deprecated. Please use `'airflow.sdk.task'`.","category":"UserWarning","filename":"/opt/airflow/dags/reporting_dag.py","lineno":1,"logger":"py.warnings"}
{"timestamp":"2026-06-12T14:26:05.204571Z","level":"info","event":"Filling up the DagBag from /opt/airflow/dags/reporting_dag.py","logger":"airflow.dag_processing.dagbag.BundleDagBag","filename":"dagbag.py","lineno":469}
{"timestamp":"2026-06-12T14:26:05.250414Z","level":"warning","event":"The `airflow.decorators.dag` attribute is deprecated. Please use `'airflow.sdk.dag'`.","category":"UserWarning","filename":"/opt/airflow/dags/reporting_dag.py","lineno":1,"logger":"py.warnings"}
{"timestamp":"2026-06-12T14:26:05.250522Z","level":"warning","event":"The `airflow.decorators.task` attribute is deprecated. Please use `'airflow.sdk.task'`.","category":"UserWarning","filename":"/opt/airflow/dags/reporting_dag.py","lineno":1,"logger":"py.warnings"}
{"timestamp":"2026-06-12T14:26:35.586255Z","level":"info","event":"Filling up the DagBag from /opt/airflow/dags/reporting_dag.py","logger":"airflow.dag_processing.dagbag.BundleDagBag","filename":"dagbag.py","lineno":469}
{"timestamp":"2026-06-12T14:26:35.677547Z","level":"warning","event":"The `airflow.decorators.dag` attribute is deprecated. Please use `'airflow.sdk.dag'`.","category":"UserWarning","filename":"/opt/airflow/dags/reporting_dag.py","lineno":1,"logger":"py.warnings"}
{"timestamp":"2026-06-12T14:26:35.677718Z","level":"warning","event":"The `airflow.decorators.task` attribute is deprecated. Please use `'airflow.sdk.task'`.","category":"UserWarning","filename":"/opt/airflow/dags/reporting_dag.py","lineno":1,"logger":"py.warnings"}
{"timestamp":"2026-06-12T14:27:48.819962Z","level":"info","event":"Filling up the DagBag from /opt/airflow/dags/reporting_dag.py","logger":"airflow.dag_processing.dagbag.BundleDagBag","filename":"dagbag.py","lineno":469}
{"timestamp":"2026-06-12T14:27:48.901690Z","level":"warning","event":"The `airflow.decorators.dag` attribute is deprecated. Please use `'airflow.sdk.dag'`.","category":"UserWarning","filename":"/opt/airflow/dags/reporting_dag.py","lineno":1,"logger":"py.warnings"}
{"timestamp":"2026-06-12T14:27:48.901873Z","level":"warning","event":"The `airflow.decorators.task` attribute is deprecated. Please use `'airflow.sdk.task'`.","category":"UserWarning","filename":"/opt/airflow/dags/reporting_dag.py","lineno":1,"logger":"py.warnings"}
{"timestamp":"2026-06-12T14:28:22.041895Z","level":"info","event":"Filling up the DagBag from /opt/airflow/dags/reporting_dag.py","logger":"airflow.dag_processing.dagbag.BundleDagBag","filename":"dagbag.py","lineno":469}
{"timestamp":"2026-06-12T14:28:22.104589Z","level":"warning","event":"The `airflow.decorators.dag` attribute is deprecated. Please use `'airflow.sdk.dag'`.","category":"UserWarning","filename":"/opt/airflow/dags/reporting_dag.py","lineno":1,"logger":"py.warnings"}
{"timestamp":"2026-06-12T14:28:22.104773Z","level":"warning","event":"The `airflow.decorators.task` attribute is deprecated. Please use `'airflow.sdk.task'`.","category":"UserWarning","filename":"/opt/airflow/dags/reporting_dag.py","lineno":1,"logger":"py.warnings"}
{"timestamp":"2026-06-12T14:28:54.703635Z","level":"info","event":"Filling up the DagBag from /opt/airflow/dags/reporting_dag.py","logger":"airflow.dag_processing.dagbag.BundleDagBag","filename":"dagbag.py","lineno":469}
{"timestamp":"2026-06-12T14:28:54.814841Z","level":"warning","event":"The `airflow.decorators.dag` attribute is deprecated. Please use `'airflow.sdk.dag'`.","category":"UserWarning","filename":"/opt/airflow/dags/reporting_dag.py","lineno":1,"logger":"py.warnings"}
{"timestamp":"2026-06-12T14:28:54.815350Z","level":"warning","event":"The `airflow.decorators.task` attribute is deprecated. Please use `'airflow.sdk.task'`.","category":"UserWarning","filename":"/opt/airflow/dags/reporting_dag.py","lineno":1,"logger":"py.warnings"}
{"timestamp":"2026-06-12T14:32:05.525114Z","level":"info","event":"Filling up the DagBag from /opt/airflow/dags/reporting_dag.py","logger":"airflow.dag_processing.dagbag.BundleDagBag","filename":"dagbag.py","lineno":469}
{"timestamp":"2026-06-12T14:32:05.680805Z","level":"warning","event":"The `airflow.decorators.dag` attribute is deprecated. Please use `'airflow.sdk.dag'`.","category":"UserWarning","filename":"/opt/airflow/dags/reporting_dag.py","lineno":1,"logger":"py.warnings"}
{"timestamp":"2026-06-12T14:32:05.680957Z","level":"warning","event":"The `airflow.decorators.task` attribute is deprecated. Please use `'airflow.sdk.task'`.","category":"UserWarning","filename":"/opt/airflow/dags/reporting_dag.py","lineno":1,"logger":"py.warnings"}
{"timestamp":"2026-06-12T14:32:38.333714Z","level":"info","event":"Filling up the DagBag from /opt/airflow/dags/reporting_dag.py","logger":"airflow.dag_processing.dagbag.BundleDagBag","filename":"dagbag.py","lineno":469}
{"timestamp":"2026-06-12T14:32:38.420966Z","level":"warning","event":"The `airflow.decorators.dag` attribute is deprecated. Please use `'airflow.sdk.dag'`.","category":"UserWarning","filename":"/opt/airflow/dags/reporting_dag.py","lineno":1,"logger":"py.warnings"}
{"timestamp":"2026-06-12T14:32:38.421199Z","level":"warning","event":"The `airflow.decorators.task` attribute is deprecated. Please use `'airflow.sdk.task'`.","category":"UserWarning","filename":"/opt/airflow/dags/reporting_dag.py","lineno":1,"logger":"py.warnings"}
{"timestamp":"2026-06-12T14:33:08.767958Z","level":"info","event":"Filling up the DagBag from /opt/airflow/dags/reporting_dag.py","logger":"airflow.dag_processing.dagbag.BundleDagBag","filename":"dagbag.py","lineno":469}
{"timestamp":"2026-06-12T14:33:08.819165Z","level":"warning","event":"The `airflow.decorators.dag` attribute is deprecated. Please use `'airflow.sdk.dag'`.","category":"UserWarning","filename":"/opt/airflow/dags/reporting_dag.py","lineno":1,"logger":"py.warnings"}
{"timestamp":"2026-06-12T14:33:08.819308Z","level":"warning","event":"The `airflow.decorators.task` attribute is deprecated. Please use `'airflow.sdk.task'`.","category":"UserWarning","filename":"/opt/airflow/dags/reporting_dag.py","lineno":1,"logger":"py.warnings"}
{"timestamp":"2026-06-12T14:34:21.748594Z","level":"info","event":"Filling up the DagBag from /opt/airflow/dags/reporting_dag.py","logger":"airflow.dag_processing.dagbag.BundleDagBag","filename":"dagbag.py","lineno":469}
{"timestamp":"2026-06-12T14:34:21.870971Z","level":"warning","event":"The `airflow.decorators.dag` attribute is deprecated. Please use `'airflow.sdk.dag'`.","category":"UserWarning","filename":"/opt/airflow/dags/reporting_dag.py","lineno":1,"logger":"py.warnings"}
{"timestamp":"2026-06-12T14:34:21.871100Z","level":"warning","event":"The `airflow.decorators.task` attribute is deprecated. Please use `'airflow.sdk.task'`.","category":"UserWarning","filename":"/opt/airflow/dags/reporting_dag.py","lineno":1,"logger":"py.warnings"}
{"timestamp":"2026-06-12T14:34:55.312219Z","level":"info","event":"Filling up the DagBag from /opt/airflow/dags/reporting_dag.py","logger":"airflow.dag_processing.dagbag.BundleDagBag","filename":"dagbag.py","lineno":469}
{"timestamp":"2026-06-12T14:34:55.386894Z","level":"warning","event":"The `airflow.decorators.dag` attribute is deprecated. Please use `'airflow.sdk.dag'`.","category":"UserWarning","filename":"/opt/airflow/dags/reporting_dag.py","lineno":1,"logger":"py.warnings"}
{"timestamp":"2026-06-12T14:34:55.387022Z","level":"warning","event":"The `airflow.decorators.task` attribute is deprecated. Please use `'airflow.sdk.task'`.","category":"UserWarning","filename":"/opt/airflow/dags/reporting_dag.py","lineno":1,"logger":"py.warnings"}
{"timestamp":"2026-06-12T14:35:27.825163Z","level":"info","event":"Filling up the DagBag from /opt/airflow/dags/reporting_dag.py","logger":"airflow.dag_processing.dagbag.BundleDagBag","filename":"dagbag.py","lineno":469}
{"timestamp":"2026-06-12T14:35:27.870688Z","level":"warning","event":"The `airflow.decorators.dag` attribute is deprecated. Please use `'airflow.sdk.dag'`.","category":"UserWarning","filename":"/opt/airflow/dags/reporting_dag.py","lineno":1,"logger":"py.warnings"}
{"timestamp":"2026-06-12T14:35:27.870832Z","level":"warning","event":"The `airflow.decorators.task` attribute is deprecated. Please use `'airflow.sdk.task'`.","category":"UserWarning","filename":"/opt/airflow/dags/reporting_dag.py","lineno":1,"logger":"py.warnings"}
{"timestamp":"2026-06-12T14:36:00.350702Z","level":"info","event":"Filling up the DagBag from /opt/airflow/dags/reporting_dag.py","logger":"airflow.dag_processing.dagbag.BundleDagBag","filename":"dagbag.py","lineno":469}
{"timestamp":"2026-06-12T14:36:00.414976Z","level":"warning","event":"The `airflow.decorators.dag` attribute is deprecated. Please use `'airflow.sdk.dag'`.","category":"UserWarning","filename":"/opt/airflow/dags/reporting_dag.py","lineno":1,"logger":"py.warnings"}
{"timestamp":"2026-06-12T14:36:00.415091Z","level":"warning","event":"The `airflow.decorators.task` attribute is deprecated. Please use `'airflow.sdk.task'`.","category":"UserWarning","filename":"/opt/airflow/dags/reporting_dag.py","lineno":1,"logger":"py.warnings"}
{"timestamp":"2026-06-12T14:36:21.916303Z","level":"info","event":"Filling up the DagBag from /opt/airflow/dags/reporting_dag.py","logger":"airflow.dag_processing.dagbag.BundleDagBag","filename":"dagbag.py","lineno":469}
{"timestamp":"2026-06-12T14:36:52.468016Z","level":"info","event":"Filling up the DagBag from /opt/airflow/dags/reporting_dag.py","logger":"airflow.dag_processing.dagbag.BundleDagBag","filename":"dagbag.py","lineno":469}
{"timestamp":"2026-06-12T14:37:23.003222Z","level":"info","event":"Filling up the DagBag from /opt/airflow/dags/reporting_dag.py","logger":"airflow.dag_processing.dagbag.BundleDagBag","filename":"dagbag.py","lineno":469}
{"timestamp":"2026-06-12T14:37:53.711679Z","level":"info","event":"Filling up the DagBag from /opt/airflow/dags/reporting_dag.py","logger":"airflow.dag_processing.dagbag.BundleDagBag","filename":"dagbag.py","lineno":469}
{"timestamp":"2026-06-12T14:38:24.576759Z","level":"info","event":"Filling up the DagBag from /opt/airflow/dags/reporting_dag.py","logger":"airflow.dag_processing.dagbag.BundleDagBag","filename":"dagbag.py","lineno":469}
{"timestamp":"2026-06-12T14:38:55.051288Z","level":"info","event":"Filling up the DagBag from /opt/airflow/dags/reporting_dag.py","logger":"airflow.dag_processing.dagbag.BundleDagBag","filename":"dagbag.py","lineno":469}
{"timestamp":"2026-06-12T14:39:25.674421Z","level":"info","event":"Filling up the DagBag from /opt/airflow/dags/reporting_dag.py","logger":"airflow.dag_processing.dagbag.BundleDagBag","filename":"dagbag.py","lineno":469}
{"timestamp":"2026-06-12T14:39:56.353671Z","level":"info","event":"Filling up the DagBag from /opt/airflow/dags/reporting_dag.py","logger":"airflow.dag_processing.dagbag.BundleDagBag","filename":"dagbag.py","lineno":469}
{"timestamp":"2026-06-12T14:40:26.820559Z","level":"info","event":"Filling up the DagBag from /opt/airflow/dags/reporting_dag.py","logger":"airflow.dag_processing.dagbag.BundleDagBag","filename":"dagbag.py","lineno":469}
{"timestamp":"2026-06-12T14:40:57.276661Z","level":"info","event":"Filling up the DagBag from /opt/airflow/dags/reporting_dag.py","logger":"airflow.dag_processing.dagbag.BundleDagBag","filename":"dagbag.py","lineno":469}
{"timestamp":"2026-06-12T14:41:27.649817Z","level":"info","event":"Filling up the DagBag from /opt/airflow/dags/reporting_dag.py","logger":"airflow.dag_processing.dagbag.BundleDagBag","filename":"dagbag.py","lineno":469}
{"timestamp":"2026-06-12T14:42:00.123687Z","level":"info","event":"Filling up the DagBag from /opt/airflow/dags/reporting_dag.py","logger":"airflow.dag_processing.dagbag.BundleDagBag","filename":"dagbag.py","lineno":469}
{"timestamp":"2026-06-12T14:42:32.636227Z","level":"info","event":"Filling up the DagBag from /opt/airflow/dags/reporting_dag.py","logger":"airflow.dag_processing.dagbag.BundleDagBag","filename":"dagbag.py","lineno":469}
{"timestamp":"2026-06-12T14:43:06.119392Z","level":"info","event":"Filling up the DagBag from /opt/airflow/dags/reporting_dag.py","logger":"airflow.dag_processing.dagbag.BundleDagBag","filename":"dagbag.py","lineno":469}
{"timestamp":"2026-06-12T14:43:38.814204Z","level":"info","event":"Filling up the DagBag from /opt/airflow/dags/reporting_dag.py","logger":"airflow.dag_processing.dagbag.BundleDagBag","filename":"dagbag.py","lineno":469}
{"timestamp":"2026-06-12T14:44:11.290163Z","level":"info","event":"Filling up the DagBag from /opt/airflow/dags/reporting_dag.py","logger":"airflow.dag_processing.dagbag.BundleDagBag","filename":"dagbag.py","lineno":469}
{"timestamp":"2026-06-12T14:44:43.789885Z","level":"info","event":"Filling up the DagBag from /opt/airflow/dags/reporting_dag.py","logger":"airflow.dag_processing.dagbag.BundleDagBag","filename":"dagbag.py","lineno":469}
{"timestamp":"2026-06-12T14:45:16.345846Z","level":"info","event":"Filling up the DagBag from /opt/airflow/dags/reporting_dag.py","logger":"airflow.dag_processing.dagbag.BundleDagBag","filename":"dagbag.py","lineno":469}
