{"timestamp":"2026-06-12T13:34:08.175409Z","level":"info","event":"Filling up the DagBag from /opt/airflow/dags/standardized_dag.py","logger":"airflow.dag_processing.dagbag.BundleDagBag","filename":"dagbag.py","lineno":469}
{"timestamp":"2026-06-12T13:34:08.535016Z","level":"warning","event":"The `airflow.decorators.dag` attribute is deprecated. Please use `'airflow.sdk.dag'`.","category":"UserWarning","filename":"/opt/airflow/dags/standardized_dag.py","lineno":1,"logger":"py.warnings"}
{"timestamp":"2026-06-12T13:34:08.535255Z","level":"warning","event":"The `airflow.decorators.task` attribute is deprecated. Please use `'airflow.sdk.task'`.","category":"UserWarning","filename":"/opt/airflow/dags/standardized_dag.py","lineno":1,"logger":"py.warnings"}
{"timestamp":"2026-06-12T13:34:08.535363Z","level":"warning","event":"Import 'Dataset' directly from the airflow module is deprecated and will be removed in the future. Please import it from 'airflow.sdk.Asset'.","category":"UserWarning","filename":"/opt/airflow/dags/assets.py","lineno":1,"logger":"py.warnings"}
{"timestamp":"2026-06-12T13:34:46.364273Z","level":"info","event":"Filling up the DagBag from /opt/airflow/dags/standardized_dag.py","logger":"airflow.dag_processing.dagbag.BundleDagBag","filename":"dagbag.py","lineno":469}
{"timestamp":"2026-06-12T13:34:46.416696Z","level":"warning","event":"The `airflow.decorators.dag` attribute is deprecated. Please use `'airflow.sdk.dag'`.","category":"UserWarning","filename":"/opt/airflow/dags/standardized_dag.py","lineno":1,"logger":"py.warnings"}
{"timestamp":"2026-06-12T13:34:46.416863Z","level":"warning","event":"The `airflow.decorators.task` attribute is deprecated. Please use `'airflow.sdk.task'`.","category":"UserWarning","filename":"/opt/airflow/dags/standardized_dag.py","lineno":1,"logger":"py.warnings"}
{"timestamp":"2026-06-12T13:34:46.416956Z","level":"warning","event":"Import 'Dataset' directly from the airflow module is deprecated and will be removed in the future. Please import it from 'airflow.sdk.Asset'.","category":"UserWarning","filename":"/opt/airflow/dags/assets.py","lineno":1,"logger":"py.warnings"}
{"timestamp":"2026-06-12T13:35:18.982967Z","level":"info","event":"Filling up the DagBag from /opt/airflow/dags/standardized_dag.py","logger":"airflow.dag_processing.dagbag.BundleDagBag","filename":"dagbag.py","lineno":469}
{"timestamp":"2026-06-12T13:35:19.035548Z","level":"warning","event":"The `airflow.decorators.dag` attribute is deprecated. Please use `'airflow.sdk.dag'`.","category":"UserWarning","filename":"/opt/airflow/dags/standardized_dag.py","lineno":1,"logger":"py.warnings"}
{"timestamp":"2026-06-12T13:35:19.035706Z","level":"warning","event":"The `airflow.decorators.task` attribute is deprecated. Please use `'airflow.sdk.task'`.","category":"UserWarning","filename":"/opt/airflow/dags/standardized_dag.py","lineno":1,"logger":"py.warnings"}
{"timestamp":"2026-06-12T13:35:19.035784Z","level":"warning","event":"Import 'Dataset' directly from the airflow module is deprecated and will be removed in the future. Please import it from 'airflow.sdk.Asset'.","category":"UserWarning","filename":"/opt/airflow/dags/assets.py","lineno":1,"logger":"py.warnings"}
{"timestamp":"2026-06-12T13:35:52.451031Z","level":"info","event":"Filling up the DagBag from /opt/airflow/dags/standardized_dag.py","logger":"airflow.dag_processing.dagbag.BundleDagBag","filename":"dagbag.py","lineno":469}
{"timestamp":"2026-06-12T13:35:52.501696Z","level":"warning","event":"The `airflow.decorators.dag` attribute is deprecated. Please use `'airflow.sdk.dag'`.","category":"UserWarning","filename":"/opt/airflow/dags/standardized_dag.py","lineno":1,"logger":"py.warnings"}
{"timestamp":"2026-06-12T13:35:52.501859Z","level":"warning","event":"The `airflow.decorators.task` attribute is deprecated. Please use `'airflow.sdk.task'`.","category":"UserWarning","filename":"/opt/airflow/dags/standardized_dag.py","lineno":1,"logger":"py.warnings"}
{"timestamp":"2026-06-12T13:35:52.501944Z","level":"warning","event":"Import 'Dataset' directly from the airflow module is deprecated and will be removed in the future. Please import it from 'airflow.sdk.Asset'.","category":"UserWarning","filename":"/opt/airflow/dags/assets.py","lineno":1,"logger":"py.warnings"}
{"timestamp":"2026-06-12T13:36:24.968045Z","level":"info","event":"Filling up the DagBag from /opt/airflow/dags/standardized_dag.py","logger":"airflow.dag_processing.dagbag.BundleDagBag","filename":"dagbag.py","lineno":469}
{"timestamp":"2026-06-12T13:36:25.019039Z","level":"warning","event":"The `airflow.decorators.dag` attribute is deprecated. Please use `'airflow.sdk.dag'`.","category":"UserWarning","filename":"/opt/airflow/dags/standardized_dag.py","lineno":1,"logger":"py.warnings"}
{"timestamp":"2026-06-12T13:36:25.019193Z","level":"warning","event":"The `airflow.decorators.task` attribute is deprecated. Please use `'airflow.sdk.task'`.","category":"UserWarning","filename":"/opt/airflow/dags/standardized_dag.py","lineno":1,"logger":"py.warnings"}
{"timestamp":"2026-06-12T13:36:25.019273Z","level":"warning","event":"Import 'Dataset' directly from the airflow module is deprecated and will be removed in the future. Please import it from 'airflow.sdk.Asset'.","category":"UserWarning","filename":"/opt/airflow/dags/assets.py","lineno":1,"logger":"py.warnings"}
{"timestamp":"2026-06-12T13:36:57.445330Z","level":"info","event":"Filling up the DagBag from /opt/airflow/dags/standardized_dag.py","logger":"airflow.dag_processing.dagbag.BundleDagBag","filename":"dagbag.py","lineno":469}
{"timestamp":"2026-06-12T13:36:57.511864Z","level":"warning","event":"The `airflow.decorators.dag` attribute is deprecated. Please use `'airflow.sdk.dag'`.","category":"UserWarning","filename":"/opt/airflow/dags/standardized_dag.py","lineno":1,"logger":"py.warnings"}
{"timestamp":"2026-06-12T13:36:57.512011Z","level":"warning","event":"The `airflow.decorators.task` attribute is deprecated. Please use `'airflow.sdk.task'`.","category":"UserWarning","filename":"/opt/airflow/dags/standardized_dag.py","lineno":1,"logger":"py.warnings"}
{"timestamp":"2026-06-12T13:36:57.512099Z","level":"warning","event":"Import 'Dataset' directly from the airflow module is deprecated and will be removed in the future. Please import it from 'airflow.sdk.Asset'.","category":"UserWarning","filename":"/opt/airflow/dags/assets.py","lineno":1,"logger":"py.warnings"}
{"timestamp":"2026-06-12T13:37:30.071024Z","level":"info","event":"Filling up the DagBag from /opt/airflow/dags/standardized_dag.py","logger":"airflow.dag_processing.dagbag.BundleDagBag","filename":"dagbag.py","lineno":469}
{"timestamp":"2026-06-12T13:37:30.173843Z","level":"warning","event":"The `airflow.decorators.dag` attribute is deprecated. Please use `'airflow.sdk.dag'`.","category":"UserWarning","filename":"/opt/airflow/dags/standardized_dag.py","lineno":1,"logger":"py.warnings"}
{"timestamp":"2026-06-12T13:37:30.174003Z","level":"warning","event":"The `airflow.decorators.task` attribute is deprecated. Please use `'airflow.sdk.task'`.","category":"UserWarning","filename":"/opt/airflow/dags/standardized_dag.py","lineno":1,"logger":"py.warnings"}
{"timestamp":"2026-06-12T13:37:30.174083Z","level":"warning","event":"Import 'Dataset' directly from the airflow module is deprecated and will be removed in the future. Please import it from 'airflow.sdk.Asset'.","category":"UserWarning","filename":"/opt/airflow/dags/assets.py","lineno":1,"logger":"py.warnings"}
{"timestamp":"2026-06-12T13:38:02.587241Z","level":"info","event":"Filling up the DagBag from /opt/airflow/dags/standardized_dag.py","logger":"airflow.dag_processing.dagbag.BundleDagBag","filename":"dagbag.py","lineno":469}
{"timestamp":"2026-06-12T13:38:02.639121Z","level":"warning","event":"The `airflow.decorators.dag` attribute is deprecated. Please use `'airflow.sdk.dag'`.","category":"UserWarning","filename":"/opt/airflow/dags/standardized_dag.py","lineno":1,"logger":"py.warnings"}
{"timestamp":"2026-06-12T13:38:02.639275Z","level":"warning","event":"The `airflow.decorators.task` attribute is deprecated. Please use `'airflow.sdk.task'`.","category":"UserWarning","filename":"/opt/airflow/dags/standardized_dag.py","lineno":1,"logger":"py.warnings"}
{"timestamp":"2026-06-12T13:38:02.639364Z","level":"warning","event":"Import 'Dataset' directly from the airflow module is deprecated and will be removed in the future. Please import it from 'airflow.sdk.Asset'.","category":"UserWarning","filename":"/opt/airflow/dags/assets.py","lineno":1,"logger":"py.warnings"}
{"timestamp":"2026-06-12T13:38:36.082487Z","level":"info","event":"Filling up the DagBag from /opt/airflow/dags/standardized_dag.py","logger":"airflow.dag_processing.dagbag.BundleDagBag","filename":"dagbag.py","lineno":469}
{"timestamp":"2026-06-12T13:38:36.130521Z","level":"warning","event":"The `airflow.decorators.dag` attribute is deprecated. Please use `'airflow.sdk.dag'`.","category":"UserWarning","filename":"/opt/airflow/dags/standardized_dag.py","lineno":1,"logger":"py.warnings"}
{"timestamp":"2026-06-12T13:38:36.130671Z","level":"warning","event":"The `airflow.decorators.task` attribute is deprecated. Please use `'airflow.sdk.task'`.","category":"UserWarning","filename":"/opt/airflow/dags/standardized_dag.py","lineno":1,"logger":"py.warnings"}
{"timestamp":"2026-06-12T13:38:36.130759Z","level":"warning","event":"Import 'Dataset' directly from the airflow module is deprecated and will be removed in the future. Please import it from 'airflow.sdk.Asset'.","category":"UserWarning","filename":"/opt/airflow/dags/assets.py","lineno":1,"logger":"py.warnings"}
{"timestamp":"2026-06-12T13:38:49.715179Z","level":"info","event":"Filling up the DagBag from /opt/airflow/dags/standardized_dag.py","logger":"airflow.dag_processing.dagbag.BundleDagBag","filename":"dagbag.py","lineno":469}
{"timestamp":"2026-06-12T13:38:49.782482Z","level":"warning","event":"The `airflow.decorators.dag` attribute is deprecated. Please use `'airflow.sdk.dag'`.","category":"UserWarning","filename":"/opt/airflow/dags/standardized_dag.py","lineno":1,"logger":"py.warnings"}
{"timestamp":"2026-06-12T13:38:49.782644Z","level":"warning","event":"The `airflow.decorators.task` attribute is deprecated. Please use `'airflow.sdk.task'`.","category":"UserWarning","filename":"/opt/airflow/dags/standardized_dag.py","lineno":1,"logger":"py.warnings"}
{"timestamp":"2026-06-12T13:38:49.782732Z","level":"warning","event":"Import 'Dataset' directly from the airflow module is deprecated and will be removed in the future. Please import it from 'airflow.sdk.Asset'.","category":"UserWarning","filename":"/opt/airflow/dags/assets.py","lineno":1,"logger":"py.warnings"}
{"timestamp":"2026-06-12T13:39:20.614114Z","level":"info","event":"Filling up the DagBag from /opt/airflow/dags/standardized_dag.py","logger":"airflow.dag_processing.dagbag.BundleDagBag","filename":"dagbag.py","lineno":469}
{"timestamp":"2026-06-12T13:39:20.679351Z","level":"warning","event":"The `airflow.decorators.dag` attribute is deprecated. Please use `'airflow.sdk.dag'`.","category":"UserWarning","filename":"/opt/airflow/dags/standardized_dag.py","lineno":1,"logger":"py.warnings"}
{"timestamp":"2026-06-12T13:39:20.679553Z","level":"warning","event":"The `airflow.decorators.task` attribute is deprecated. Please use `'airflow.sdk.task'`.","category":"UserWarning","filename":"/opt/airflow/dags/standardized_dag.py","lineno":1,"logger":"py.warnings"}
{"timestamp":"2026-06-12T13:39:20.679665Z","level":"warning","event":"Import 'Dataset' directly from the airflow module is deprecated and will be removed in the future. Please import it from 'airflow.sdk.Asset'.","category":"UserWarning","filename":"/opt/airflow/dags/assets.py","lineno":1,"logger":"py.warnings"}
{"timestamp":"2026-06-12T13:39:50.785546Z","level":"info","event":"Filling up the DagBag from /opt/airflow/dags/standardized_dag.py","logger":"airflow.dag_processing.dagbag.BundleDagBag","filename":"dagbag.py","lineno":469}
{"timestamp":"2026-06-12T13:39:50.832988Z","level":"warning","event":"The `airflow.decorators.dag` attribute is deprecated. Please use `'airflow.sdk.dag'`.","category":"UserWarning","filename":"/opt/airflow/dags/standardized_dag.py","lineno":1,"logger":"py.warnings"}
{"timestamp":"2026-06-12T13:39:50.833161Z","level":"warning","event":"The `airflow.decorators.task` attribute is deprecated. Please use `'airflow.sdk.task'`.","category":"UserWarning","filename":"/opt/airflow/dags/standardized_dag.py","lineno":1,"logger":"py.warnings"}
{"timestamp":"2026-06-12T13:39:50.833252Z","level":"warning","event":"Import 'Dataset' directly from the airflow module is deprecated and will be removed in the future. Please import it from 'airflow.sdk.Asset'.","category":"UserWarning","filename":"/opt/airflow/dags/assets.py","lineno":1,"logger":"py.warnings"}
{"timestamp":"2026-06-12T13:40:21.380016Z","level":"info","event":"Filling up the DagBag from /opt/airflow/dags/standardized_dag.py","logger":"airflow.dag_processing.dagbag.BundleDagBag","filename":"dagbag.py","lineno":469}
{"timestamp":"2026-06-12T13:40:21.434962Z","level":"warning","event":"The `airflow.decorators.dag` attribute is deprecated. Please use `'airflow.sdk.dag'`.","category":"UserWarning","filename":"/opt/airflow/dags/standardized_dag.py","lineno":1,"logger":"py.warnings"}
{"timestamp":"2026-06-12T13:40:21.435115Z","level":"warning","event":"The `airflow.decorators.task` attribute is deprecated. Please use `'airflow.sdk.task'`.","category":"UserWarning","filename":"/opt/airflow/dags/standardized_dag.py","lineno":1,"logger":"py.warnings"}
{"timestamp":"2026-06-12T13:40:21.435204Z","level":"warning","event":"Import 'Dataset' directly from the airflow module is deprecated and will be removed in the future. Please import it from 'airflow.sdk.Asset'.","category":"UserWarning","filename":"/opt/airflow/dags/assets.py","lineno":1,"logger":"py.warnings"}
{"timestamp":"2026-06-12T13:40:51.964920Z","level":"info","event":"Filling up the DagBag from /opt/airflow/dags/standardized_dag.py","logger":"airflow.dag_processing.dagbag.BundleDagBag","filename":"dagbag.py","lineno":469}
{"timestamp":"2026-06-12T13:40:52.017366Z","level":"warning","event":"The `airflow.decorators.dag` attribute is deprecated. Please use `'airflow.sdk.dag'`.","category":"UserWarning","filename":"/opt/airflow/dags/standardized_dag.py","lineno":1,"logger":"py.warnings"}
{"timestamp":"2026-06-12T13:40:52.017515Z","level":"warning","event":"The `airflow.decorators.task` attribute is deprecated. Please use `'airflow.sdk.task'`.","category":"UserWarning","filename":"/opt/airflow/dags/standardized_dag.py","lineno":1,"logger":"py.warnings"}
{"timestamp":"2026-06-12T13:40:52.017619Z","level":"warning","event":"Import 'Dataset' directly from the airflow module is deprecated and will be removed in the future. Please import it from 'airflow.sdk.Asset'.","category":"UserWarning","filename":"/opt/airflow/dags/assets.py","lineno":1,"logger":"py.warnings"}
{"timestamp":"2026-06-12T13:41:22.451642Z","level":"info","event":"Filling up the DagBag from /opt/airflow/dags/standardized_dag.py","logger":"airflow.dag_processing.dagbag.BundleDagBag","filename":"dagbag.py","lineno":469}
{"timestamp":"2026-06-12T13:41:22.504276Z","level":"warning","event":"The `airflow.decorators.dag` attribute is deprecated. Please use `'airflow.sdk.dag'`.","category":"UserWarning","filename":"/opt/airflow/dags/standardized_dag.py","lineno":1,"logger":"py.warnings"}
{"timestamp":"2026-06-12T13:41:22.504434Z","level":"warning","event":"The `airflow.decorators.task` attribute is deprecated. Please use `'airflow.sdk.task'`.","category":"UserWarning","filename":"/opt/airflow/dags/standardized_dag.py","lineno":1,"logger":"py.warnings"}
{"timestamp":"2026-06-12T13:41:22.504523Z","level":"warning","event":"Import 'Dataset' directly from the airflow module is deprecated and will be removed in the future. Please import it from 'airflow.sdk.Asset'.","category":"UserWarning","filename":"/opt/airflow/dags/assets.py","lineno":1,"logger":"py.warnings"}
{"timestamp":"2026-06-12T13:41:53.000204Z","level":"info","event":"Filling up the DagBag from /opt/airflow/dags/standardized_dag.py","logger":"airflow.dag_processing.dagbag.BundleDagBag","filename":"dagbag.py","lineno":469}
{"timestamp":"2026-06-12T13:41:53.062775Z","level":"warning","event":"The `airflow.decorators.dag` attribute is deprecated. Please use `'airflow.sdk.dag'`.","category":"UserWarning","filename":"/opt/airflow/dags/standardized_dag.py","lineno":1,"logger":"py.warnings"}
{"timestamp":"2026-06-12T13:41:53.062948Z","level":"warning","event":"The `airflow.decorators.task` attribute is deprecated. Please use `'airflow.sdk.task'`.","category":"UserWarning","filename":"/opt/airflow/dags/standardized_dag.py","lineno":1,"logger":"py.warnings"}
{"timestamp":"2026-06-12T13:41:53.063040Z","level":"warning","event":"Import 'Dataset' directly from the airflow module is deprecated and will be removed in the future. Please import it from 'airflow.sdk.Asset'.","category":"UserWarning","filename":"/opt/airflow/dags/assets.py","lineno":1,"logger":"py.warnings"}
{"timestamp":"2026-06-12T13:42:23.378499Z","level":"info","event":"Filling up the DagBag from /opt/airflow/dags/standardized_dag.py","logger":"airflow.dag_processing.dagbag.BundleDagBag","filename":"dagbag.py","lineno":469}
{"timestamp":"2026-06-12T13:42:23.436472Z","level":"warning","event":"The `airflow.decorators.dag` attribute is deprecated. Please use `'airflow.sdk.dag'`.","category":"UserWarning","filename":"/opt/airflow/dags/standardized_dag.py","lineno":1,"logger":"py.warnings"}
{"timestamp":"2026-06-12T13:42:23.436672Z","level":"warning","event":"The `airflow.decorators.task` attribute is deprecated. Please use `'airflow.sdk.task'`.","category":"UserWarning","filename":"/opt/airflow/dags/standardized_dag.py","lineno":1,"logger":"py.warnings"}
{"timestamp":"2026-06-12T13:42:23.436947Z","level":"warning","event":"Import 'Dataset' directly from the airflow module is deprecated and will be removed in the future. Please import it from 'airflow.sdk.Asset'.","category":"UserWarning","filename":"/opt/airflow/dags/assets.py","lineno":1,"logger":"py.warnings"}
{"timestamp":"2026-06-12T13:42:53.830699Z","level":"info","event":"Filling up the DagBag from /opt/airflow/dags/standardized_dag.py","logger":"airflow.dag_processing.dagbag.BundleDagBag","filename":"dagbag.py","lineno":469}
{"timestamp":"2026-06-12T13:42:53.883159Z","level":"warning","event":"The `airflow.decorators.dag` attribute is deprecated. Please use `'airflow.sdk.dag'`.","category":"UserWarning","filename":"/opt/airflow/dags/standardized_dag.py","lineno":1,"logger":"py.warnings"}
{"timestamp":"2026-06-12T13:42:53.883322Z","level":"warning","event":"The `airflow.decorators.task` attribute is deprecated. Please use `'airflow.sdk.task'`.","category":"UserWarning","filename":"/opt/airflow/dags/standardized_dag.py","lineno":1,"logger":"py.warnings"}
{"timestamp":"2026-06-12T13:42:53.883412Z","level":"warning","event":"Import 'Dataset' directly from the airflow module is deprecated and will be removed in the future. Please import it from 'airflow.sdk.Asset'.","category":"UserWarning","filename":"/opt/airflow/dags/assets.py","lineno":1,"logger":"py.warnings"}
{"timestamp":"2026-06-12T13:43:25.495178Z","level":"info","event":"Filling up the DagBag from /opt/airflow/dags/standardized_dag.py","logger":"airflow.dag_processing.dagbag.BundleDagBag","filename":"dagbag.py","lineno":469}
{"timestamp":"2026-06-12T13:43:25.548952Z","level":"warning","event":"The `airflow.decorators.dag` attribute is deprecated. Please use `'airflow.sdk.dag'`.","category":"UserWarning","filename":"/opt/airflow/dags/standardized_dag.py","lineno":1,"logger":"py.warnings"}
{"timestamp":"2026-06-12T13:43:25.549117Z","level":"warning","event":"The `airflow.decorators.task` attribute is deprecated. Please use `'airflow.sdk.task'`.","category":"UserWarning","filename":"/opt/airflow/dags/standardized_dag.py","lineno":1,"logger":"py.warnings"}
{"timestamp":"2026-06-12T13:43:25.549196Z","level":"warning","event":"Import 'Dataset' directly from the airflow module is deprecated and will be removed in the future. Please import it from 'airflow.sdk.Asset'.","category":"UserWarning","filename":"/opt/airflow/dags/assets.py","lineno":1,"logger":"py.warnings"}
{"timestamp":"2026-06-12T13:43:58.266018Z","level":"info","event":"Filling up the DagBag from /opt/airflow/dags/standardized_dag.py","logger":"airflow.dag_processing.dagbag.BundleDagBag","filename":"dagbag.py","lineno":469}
{"timestamp":"2026-06-12T13:43:58.323661Z","level":"warning","event":"The `airflow.decorators.dag` attribute is deprecated. Please use `'airflow.sdk.dag'`.","category":"UserWarning","filename":"/opt/airflow/dags/standardized_dag.py","lineno":1,"logger":"py.warnings"}
{"timestamp":"2026-06-12T13:43:58.323810Z","level":"warning","event":"The `airflow.decorators.task` attribute is deprecated. Please use `'airflow.sdk.task'`.","category":"UserWarning","filename":"/opt/airflow/dags/standardized_dag.py","lineno":1,"logger":"py.warnings"}
{"timestamp":"2026-06-12T13:43:58.323897Z","level":"warning","event":"Import 'Dataset' directly from the airflow module is deprecated and will be removed in the future. Please import it from 'airflow.sdk.Asset'.","category":"UserWarning","filename":"/opt/airflow/dags/assets.py","lineno":1,"logger":"py.warnings"}
{"timestamp":"2026-06-12T13:44:30.841408Z","level":"info","event":"Filling up the DagBag from /opt/airflow/dags/standardized_dag.py","logger":"airflow.dag_processing.dagbag.BundleDagBag","filename":"dagbag.py","lineno":469}
{"timestamp":"2026-06-12T13:44:30.900622Z","level":"warning","event":"The `airflow.decorators.dag` attribute is deprecated. Please use `'airflow.sdk.dag'`.","category":"UserWarning","filename":"/opt/airflow/dags/standardized_dag.py","lineno":1,"logger":"py.warnings"}
{"timestamp":"2026-06-12T13:44:30.900784Z","level":"warning","event":"The `airflow.decorators.task` attribute is deprecated. Please use `'airflow.sdk.task'`.","category":"UserWarning","filename":"/opt/airflow/dags/standardized_dag.py","lineno":1,"logger":"py.warnings"}
{"timestamp":"2026-06-12T13:44:30.900886Z","level":"warning","event":"Import 'Dataset' directly from the airflow module is deprecated and will be removed in the future. Please import it from 'airflow.sdk.Asset'.","category":"UserWarning","filename":"/opt/airflow/dags/assets.py","lineno":1,"logger":"py.warnings"}
{"timestamp":"2026-06-12T13:45:03.474592Z","level":"info","event":"Filling up the DagBag from /opt/airflow/dags/standardized_dag.py","logger":"airflow.dag_processing.dagbag.BundleDagBag","filename":"dagbag.py","lineno":469}
{"timestamp":"2026-06-12T13:45:03.524887Z","level":"warning","event":"The `airflow.decorators.dag` attribute is deprecated. Please use `'airflow.sdk.dag'`.","category":"UserWarning","filename":"/opt/airflow/dags/standardized_dag.py","lineno":1,"logger":"py.warnings"}
{"timestamp":"2026-06-12T13:45:03.525036Z","level":"warning","event":"The `airflow.decorators.task` attribute is deprecated. Please use `'airflow.sdk.task'`.","category":"UserWarning","filename":"/opt/airflow/dags/standardized_dag.py","lineno":1,"logger":"py.warnings"}
{"timestamp":"2026-06-12T13:45:03.525122Z","level":"warning","event":"Import 'Dataset' directly from the airflow module is deprecated and will be removed in the future. Please import it from 'airflow.sdk.Asset'.","category":"UserWarning","filename":"/opt/airflow/dags/assets.py","lineno":1,"logger":"py.warnings"}
{"timestamp":"2026-06-12T13:46:18.029518Z","level":"info","event":"Filling up the DagBag from /opt/airflow/dags/standardized_dag.py","logger":"airflow.dag_processing.dagbag.BundleDagBag","filename":"dagbag.py","lineno":469}
{"timestamp":"2026-06-12T13:46:18.098769Z","level":"warning","event":"The `airflow.decorators.dag` attribute is deprecated. Please use `'airflow.sdk.dag'`.","category":"UserWarning","filename":"/opt/airflow/dags/standardized_dag.py","lineno":1,"logger":"py.warnings"}
{"timestamp":"2026-06-12T13:46:18.098940Z","level":"warning","event":"The `airflow.decorators.task` attribute is deprecated. Please use `'airflow.sdk.task'`.","category":"UserWarning","filename":"/opt/airflow/dags/standardized_dag.py","lineno":1,"logger":"py.warnings"}
{"timestamp":"2026-06-12T13:46:18.099026Z","level":"warning","event":"Import 'Dataset' directly from the airflow module is deprecated and will be removed in the future. Please import it from 'airflow.sdk.Asset'.","category":"UserWarning","filename":"/opt/airflow/dags/assets.py","lineno":1,"logger":"py.warnings"}
{"timestamp":"2026-06-12T13:46:48.802284Z","level":"info","event":"Filling up the DagBag from /opt/airflow/dags/standardized_dag.py","logger":"airflow.dag_processing.dagbag.BundleDagBag","filename":"dagbag.py","lineno":469}
{"timestamp":"2026-06-12T13:46:48.854962Z","level":"warning","event":"The `airflow.decorators.dag` attribute is deprecated. Please use `'airflow.sdk.dag'`.","category":"UserWarning","filename":"/opt/airflow/dags/standardized_dag.py","lineno":1,"logger":"py.warnings"}
{"timestamp":"2026-06-12T13:46:48.855165Z","level":"warning","event":"The `airflow.decorators.task` attribute is deprecated. Please use `'airflow.sdk.task'`.","category":"UserWarning","filename":"/opt/airflow/dags/standardized_dag.py","lineno":1,"logger":"py.warnings"}
{"timestamp":"2026-06-12T13:46:48.855257Z","level":"warning","event":"Import 'Dataset' directly from the airflow module is deprecated and will be removed in the future. Please import it from 'airflow.sdk.Asset'.","category":"UserWarning","filename":"/opt/airflow/dags/assets.py","lineno":1,"logger":"py.warnings"}
{"timestamp":"2026-06-12T13:47:19.266207Z","level":"info","event":"Filling up the DagBag from /opt/airflow/dags/standardized_dag.py","logger":"airflow.dag_processing.dagbag.BundleDagBag","filename":"dagbag.py","lineno":469}
{"timestamp":"2026-06-12T13:47:19.327920Z","level":"warning","event":"The `airflow.decorators.dag` attribute is deprecated. Please use `'airflow.sdk.dag'`.","category":"UserWarning","filename":"/opt/airflow/dags/standardized_dag.py","lineno":1,"logger":"py.warnings"}
{"timestamp":"2026-06-12T13:47:19.328065Z","level":"warning","event":"The `airflow.decorators.task` attribute is deprecated. Please use `'airflow.sdk.task'`.","category":"UserWarning","filename":"/opt/airflow/dags/standardized_dag.py","lineno":1,"logger":"py.warnings"}
{"timestamp":"2026-06-12T13:47:19.328141Z","level":"warning","event":"Import 'Dataset' directly from the airflow module is deprecated and will be removed in the future. Please import it from 'airflow.sdk.Asset'.","category":"UserWarning","filename":"/opt/airflow/dags/assets.py","lineno":1,"logger":"py.warnings"}
{"timestamp":"2026-06-12T13:47:49.972117Z","level":"info","event":"Filling up the DagBag from /opt/airflow/dags/standardized_dag.py","logger":"airflow.dag_processing.dagbag.BundleDagBag","filename":"dagbag.py","lineno":469}
{"timestamp":"2026-06-12T13:47:50.036970Z","level":"warning","event":"The `airflow.decorators.dag` attribute is deprecated. Please use `'airflow.sdk.dag'`.","category":"UserWarning","filename":"/opt/airflow/dags/standardized_dag.py","lineno":1,"logger":"py.warnings"}
{"timestamp":"2026-06-12T13:47:50.037163Z","level":"warning","event":"The `airflow.decorators.task` attribute is deprecated. Please use `'airflow.sdk.task'`.","category":"UserWarning","filename":"/opt/airflow/dags/standardized_dag.py","lineno":1,"logger":"py.warnings"}
{"timestamp":"2026-06-12T13:47:50.037250Z","level":"warning","event":"Import 'Dataset' directly from the airflow module is deprecated and will be removed in the future. Please import it from 'airflow.sdk.Asset'.","category":"UserWarning","filename":"/opt/airflow/dags/assets.py","lineno":1,"logger":"py.warnings"}
{"timestamp":"2026-06-12T13:48:20.316648Z","level":"info","event":"Filling up the DagBag from /opt/airflow/dags/standardized_dag.py","logger":"airflow.dag_processing.dagbag.BundleDagBag","filename":"dagbag.py","lineno":469}
{"timestamp":"2026-06-12T13:48:20.364582Z","level":"warning","event":"The `airflow.decorators.dag` attribute is deprecated. Please use `'airflow.sdk.dag'`.","category":"UserWarning","filename":"/opt/airflow/dags/standardized_dag.py","lineno":1,"logger":"py.warnings"}
{"timestamp":"2026-06-12T13:48:20.364735Z","level":"warning","event":"The `airflow.decorators.task` attribute is deprecated. Please use `'airflow.sdk.task'`.","category":"UserWarning","filename":"/opt/airflow/dags/standardized_dag.py","lineno":1,"logger":"py.warnings"}
{"timestamp":"2026-06-12T13:48:20.364810Z","level":"warning","event":"Import 'Dataset' directly from the airflow module is deprecated and will be removed in the future. Please import it from 'airflow.sdk.Asset'.","category":"UserWarning","filename":"/opt/airflow/dags/assets.py","lineno":1,"logger":"py.warnings"}
{"timestamp":"2026-06-12T13:48:52.782846Z","level":"info","event":"Filling up the DagBag from /opt/airflow/dags/standardized_dag.py","logger":"airflow.dag_processing.dagbag.BundleDagBag","filename":"dagbag.py","lineno":469}
{"timestamp":"2026-06-12T13:48:52.835693Z","level":"warning","event":"The `airflow.decorators.dag` attribute is deprecated. Please use `'airflow.sdk.dag'`.","category":"UserWarning","filename":"/opt/airflow/dags/standardized_dag.py","lineno":1,"logger":"py.warnings"}
{"timestamp":"2026-06-12T13:48:52.835863Z","level":"warning","event":"The `airflow.decorators.task` attribute is deprecated. Please use `'airflow.sdk.task'`.","category":"UserWarning","filename":"/opt/airflow/dags/standardized_dag.py","lineno":1,"logger":"py.warnings"}
{"timestamp":"2026-06-12T13:48:52.835948Z","level":"warning","event":"Import 'Dataset' directly from the airflow module is deprecated and will be removed in the future. Please import it from 'airflow.sdk.Asset'.","category":"UserWarning","filename":"/opt/airflow/dags/assets.py","lineno":1,"logger":"py.warnings"}
{"timestamp":"2026-06-12T13:49:25.278256Z","level":"info","event":"Filling up the DagBag from /opt/airflow/dags/standardized_dag.py","logger":"airflow.dag_processing.dagbag.BundleDagBag","filename":"dagbag.py","lineno":469}
{"timestamp":"2026-06-12T13:49:25.328489Z","level":"warning","event":"The `airflow.decorators.dag` attribute is deprecated. Please use `'airflow.sdk.dag'`.","category":"UserWarning","filename":"/opt/airflow/dags/standardized_dag.py","lineno":1,"logger":"py.warnings"}
{"timestamp":"2026-06-12T13:49:25.328654Z","level":"warning","event":"The `airflow.decorators.task` attribute is deprecated. Please use `'airflow.sdk.task'`.","category":"UserWarning","filename":"/opt/airflow/dags/standardized_dag.py","lineno":1,"logger":"py.warnings"}
{"timestamp":"2026-06-12T13:49:25.328728Z","level":"warning","event":"Import 'Dataset' directly from the airflow module is deprecated and will be removed in the future. Please import it from 'airflow.sdk.Asset'.","category":"UserWarning","filename":"/opt/airflow/dags/assets.py","lineno":1,"logger":"py.warnings"}
{"timestamp":"2026-06-12T13:49:58.876481Z","level":"info","event":"Filling up the DagBag from /opt/airflow/dags/standardized_dag.py","logger":"airflow.dag_processing.dagbag.BundleDagBag","filename":"dagbag.py","lineno":469}
{"timestamp":"2026-06-12T13:49:58.936189Z","level":"warning","event":"The `airflow.decorators.dag` attribute is deprecated. Please use `'airflow.sdk.dag'`.","category":"UserWarning","filename":"/opt/airflow/dags/standardized_dag.py","lineno":1,"logger":"py.warnings"}
{"timestamp":"2026-06-12T13:49:58.936406Z","level":"warning","event":"The `airflow.decorators.task` attribute is deprecated. Please use `'airflow.sdk.task'`.","category":"UserWarning","filename":"/opt/airflow/dags/standardized_dag.py","lineno":1,"logger":"py.warnings"}
{"timestamp":"2026-06-12T13:49:58.936506Z","level":"warning","event":"Import 'Dataset' directly from the airflow module is deprecated and will be removed in the future. Please import it from 'airflow.sdk.Asset'.","category":"UserWarning","filename":"/opt/airflow/dags/assets.py","lineno":1,"logger":"py.warnings"}
{"timestamp":"2026-06-12T13:50:29.780549Z","level":"info","event":"Filling up the DagBag from /opt/airflow/dags/standardized_dag.py","logger":"airflow.dag_processing.dagbag.BundleDagBag","filename":"dagbag.py","lineno":469}
{"timestamp":"2026-06-12T13:50:29.837162Z","level":"warning","event":"The `airflow.decorators.dag` attribute is deprecated. Please use `'airflow.sdk.dag'`.","category":"UserWarning","filename":"/opt/airflow/dags/standardized_dag.py","lineno":1,"logger":"py.warnings"}
{"timestamp":"2026-06-12T13:50:29.837332Z","level":"warning","event":"The `airflow.decorators.task` attribute is deprecated. Please use `'airflow.sdk.task'`.","category":"UserWarning","filename":"/opt/airflow/dags/standardized_dag.py","lineno":1,"logger":"py.warnings"}
{"timestamp":"2026-06-12T13:50:29.837416Z","level":"warning","event":"Import 'Dataset' directly from the airflow module is deprecated and will be removed in the future. Please import it from 'airflow.sdk.Asset'.","category":"UserWarning","filename":"/opt/airflow/dags/assets.py","lineno":1,"logger":"py.warnings"}
{"timestamp":"2026-06-12T13:51:01.744390Z","level":"info","event":"Filling up the DagBag from /opt/airflow/dags/standardized_dag.py","logger":"airflow.dag_processing.dagbag.BundleDagBag","filename":"dagbag.py","lineno":469}
{"timestamp":"2026-06-12T13:51:01.800626Z","level":"warning","event":"The `airflow.decorators.dag` attribute is deprecated. Please use `'airflow.sdk.dag'`.","category":"UserWarning","filename":"/opt/airflow/dags/standardized_dag.py","lineno":1,"logger":"py.warnings"}
{"timestamp":"2026-06-12T13:51:01.800775Z","level":"warning","event":"The `airflow.decorators.task` attribute is deprecated. Please use `'airflow.sdk.task'`.","category":"UserWarning","filename":"/opt/airflow/dags/standardized_dag.py","lineno":1,"logger":"py.warnings"}
{"timestamp":"2026-06-12T13:51:01.800857Z","level":"warning","event":"Import 'Dataset' directly from the airflow module is deprecated and will be removed in the future. Please import it from 'airflow.sdk.Asset'.","category":"UserWarning","filename":"/opt/airflow/dags/assets.py","lineno":1,"logger":"py.warnings"}
{"timestamp":"2026-06-12T13:51:35.329085Z","level":"info","event":"Filling up the DagBag from /opt/airflow/dags/standardized_dag.py","logger":"airflow.dag_processing.dagbag.BundleDagBag","filename":"dagbag.py","lineno":469}
{"timestamp":"2026-06-12T13:51:35.381878Z","level":"warning","event":"The `airflow.decorators.dag` attribute is deprecated. Please use `'airflow.sdk.dag'`.","category":"UserWarning","filename":"/opt/airflow/dags/standardized_dag.py","lineno":1,"logger":"py.warnings"}
{"timestamp":"2026-06-12T13:51:35.382027Z","level":"warning","event":"The `airflow.decorators.task` attribute is deprecated. Please use `'airflow.sdk.task'`.","category":"UserWarning","filename":"/opt/airflow/dags/standardized_dag.py","lineno":1,"logger":"py.warnings"}
{"timestamp":"2026-06-12T13:51:35.382125Z","level":"warning","event":"Import 'Dataset' directly from the airflow module is deprecated and will be removed in the future. Please import it from 'airflow.sdk.Asset'.","category":"UserWarning","filename":"/opt/airflow/dags/assets.py","lineno":1,"logger":"py.warnings"}
{"timestamp":"2026-06-12T13:52:07.873228Z","level":"info","event":"Filling up the DagBag from /opt/airflow/dags/standardized_dag.py","logger":"airflow.dag_processing.dagbag.BundleDagBag","filename":"dagbag.py","lineno":469}
{"timestamp":"2026-06-12T13:52:07.922409Z","level":"warning","event":"The `airflow.decorators.dag` attribute is deprecated. Please use `'airflow.sdk.dag'`.","category":"UserWarning","filename":"/opt/airflow/dags/standardized_dag.py","lineno":1,"logger":"py.warnings"}
{"timestamp":"2026-06-12T13:52:07.922559Z","level":"warning","event":"The `airflow.decorators.task` attribute is deprecated. Please use `'airflow.sdk.task'`.","category":"UserWarning","filename":"/opt/airflow/dags/standardized_dag.py","lineno":1,"logger":"py.warnings"}
{"timestamp":"2026-06-12T13:52:07.922632Z","level":"warning","event":"Import 'Dataset' directly from the airflow module is deprecated and will be removed in the future. Please import it from 'airflow.sdk.Asset'.","category":"UserWarning","filename":"/opt/airflow/dags/assets.py","lineno":1,"logger":"py.warnings"}
{"timestamp":"2026-06-12T13:52:40.465284Z","level":"info","event":"Filling up the DagBag from /opt/airflow/dags/standardized_dag.py","logger":"airflow.dag_processing.dagbag.BundleDagBag","filename":"dagbag.py","lineno":469}
{"timestamp":"2026-06-12T13:52:40.522116Z","level":"warning","event":"The `airflow.decorators.dag` attribute is deprecated. Please use `'airflow.sdk.dag'`.","category":"UserWarning","filename":"/opt/airflow/dags/standardized_dag.py","lineno":1,"logger":"py.warnings"}
{"timestamp":"2026-06-12T13:52:40.522271Z","level":"warning","event":"The `airflow.decorators.task` attribute is deprecated. Please use `'airflow.sdk.task'`.","category":"UserWarning","filename":"/opt/airflow/dags/standardized_dag.py","lineno":1,"logger":"py.warnings"}
{"timestamp":"2026-06-12T13:52:40.522347Z","level":"warning","event":"Import 'Dataset' directly from the airflow module is deprecated and will be removed in the future. Please import it from 'airflow.sdk.Asset'.","category":"UserWarning","filename":"/opt/airflow/dags/assets.py","lineno":1,"logger":"py.warnings"}
{"timestamp":"2026-06-12T13:53:12.962350Z","level":"info","event":"Filling up the DagBag from /opt/airflow/dags/standardized_dag.py","logger":"airflow.dag_processing.dagbag.BundleDagBag","filename":"dagbag.py","lineno":469}
{"timestamp":"2026-06-12T13:53:13.017777Z","level":"warning","event":"The `airflow.decorators.dag` attribute is deprecated. Please use `'airflow.sdk.dag'`.","category":"UserWarning","filename":"/opt/airflow/dags/standardized_dag.py","lineno":1,"logger":"py.warnings"}
{"timestamp":"2026-06-12T13:53:13.017930Z","level":"warning","event":"The `airflow.decorators.task` attribute is deprecated. Please use `'airflow.sdk.task'`.","category":"UserWarning","filename":"/opt/airflow/dags/standardized_dag.py","lineno":1,"logger":"py.warnings"}
{"timestamp":"2026-06-12T13:53:13.018005Z","level":"warning","event":"Import 'Dataset' directly from the airflow module is deprecated and will be removed in the future. Please import it from 'airflow.sdk.Asset'.","category":"UserWarning","filename":"/opt/airflow/dags/assets.py","lineno":1,"logger":"py.warnings"}
{"timestamp":"2026-06-12T14:04:29.199855Z","level":"info","event":"Filling up the DagBag from /opt/airflow/dags/standardized_dag.py","logger":"airflow.dag_processing.dagbag.BundleDagBag","filename":"dagbag.py","lineno":469}
{"timestamp":"2026-06-12T14:04:29.245159Z","level":"warning","event":"The `airflow.decorators.dag` attribute is deprecated. Please use `'airflow.sdk.dag'`.","category":"UserWarning","filename":"/opt/airflow/dags/standardized_dag.py","lineno":1,"logger":"py.warnings"}
{"timestamp":"2026-06-12T14:04:29.245318Z","level":"warning","event":"The `airflow.decorators.task` attribute is deprecated. Please use `'airflow.sdk.task'`.","category":"UserWarning","filename":"/opt/airflow/dags/standardized_dag.py","lineno":1,"logger":"py.warnings"}
{"timestamp":"2026-06-12T14:04:29.245404Z","level":"warning","event":"Import 'Dataset' directly from the airflow module is deprecated and will be removed in the future. Please import it from 'airflow.sdk.Asset'.","category":"UserWarning","filename":"/opt/airflow/dags/assets.py","lineno":1,"logger":"py.warnings"}
{"timestamp":"2026-06-12T14:04:59.587874Z","level":"info","event":"Filling up the DagBag from /opt/airflow/dags/standardized_dag.py","logger":"airflow.dag_processing.dagbag.BundleDagBag","filename":"dagbag.py","lineno":469}
{"timestamp":"2026-06-12T14:04:59.638963Z","level":"warning","event":"The `airflow.decorators.dag` attribute is deprecated. Please use `'airflow.sdk.dag'`.","category":"UserWarning","filename":"/opt/airflow/dags/standardized_dag.py","lineno":1,"logger":"py.warnings"}
{"timestamp":"2026-06-12T14:04:59.639091Z","level":"warning","event":"The `airflow.decorators.task` attribute is deprecated. Please use `'airflow.sdk.task'`.","category":"UserWarning","filename":"/opt/airflow/dags/standardized_dag.py","lineno":1,"logger":"py.warnings"}
{"timestamp":"2026-06-12T14:04:59.639188Z","level":"warning","event":"Import 'Dataset' directly from the airflow module is deprecated and will be removed in the future. Please import it from 'airflow.sdk.Asset'.","category":"UserWarning","filename":"/opt/airflow/dags/assets.py","lineno":1,"logger":"py.warnings"}
{"timestamp":"2026-06-12T14:05:30.293185Z","level":"info","event":"Filling up the DagBag from /opt/airflow/dags/standardized_dag.py","logger":"airflow.dag_processing.dagbag.BundleDagBag","filename":"dagbag.py","lineno":469}
{"timestamp":"2026-06-12T14:05:30.388664Z","level":"warning","event":"The `airflow.decorators.dag` attribute is deprecated. Please use `'airflow.sdk.dag'`.","category":"UserWarning","filename":"/opt/airflow/dags/standardized_dag.py","lineno":1,"logger":"py.warnings"}
{"timestamp":"2026-06-12T14:05:30.388802Z","level":"warning","event":"The `airflow.decorators.task` attribute is deprecated. Please use `'airflow.sdk.task'`.","category":"UserWarning","filename":"/opt/airflow/dags/standardized_dag.py","lineno":1,"logger":"py.warnings"}
{"timestamp":"2026-06-12T14:05:30.388878Z","level":"warning","event":"Import 'Dataset' directly from the airflow module is deprecated and will be removed in the future. Please import it from 'airflow.sdk.Asset'.","category":"UserWarning","filename":"/opt/airflow/dags/assets.py","lineno":1,"logger":"py.warnings"}
{"timestamp":"2026-06-12T14:06:47.168434Z","level":"info","event":"Filling up the DagBag from /opt/airflow/dags/standardized_dag.py","logger":"airflow.dag_processing.dagbag.BundleDagBag","filename":"dagbag.py","lineno":469}
{"timestamp":"2026-06-12T14:06:47.315551Z","level":"warning","event":"The `airflow.decorators.dag` attribute is deprecated. Please use `'airflow.sdk.dag'`.","category":"UserWarning","filename":"/opt/airflow/dags/standardized_dag.py","lineno":1,"logger":"py.warnings"}
{"timestamp":"2026-06-12T14:06:47.315680Z","level":"warning","event":"The `airflow.decorators.task` attribute is deprecated. Please use `'airflow.sdk.task'`.","category":"UserWarning","filename":"/opt/airflow/dags/standardized_dag.py","lineno":1,"logger":"py.warnings"}
{"timestamp":"2026-06-12T14:06:47.315774Z","level":"warning","event":"Import 'Dataset' directly from the airflow module is deprecated and will be removed in the future. Please import it from 'airflow.sdk.Asset'.","category":"UserWarning","filename":"/opt/airflow/dags/assets.py","lineno":1,"logger":"py.warnings"}
{"timestamp":"2026-06-12T14:07:17.517672Z","level":"info","event":"Filling up the DagBag from /opt/airflow/dags/standardized_dag.py","logger":"airflow.dag_processing.dagbag.BundleDagBag","filename":"dagbag.py","lineno":469}
{"timestamp":"2026-06-12T14:07:17.580850Z","level":"warning","event":"The `airflow.decorators.dag` attribute is deprecated. Please use `'airflow.sdk.dag'`.","category":"UserWarning","filename":"/opt/airflow/dags/standardized_dag.py","lineno":1,"logger":"py.warnings"}
{"timestamp":"2026-06-12T14:07:17.580990Z","level":"warning","event":"The `airflow.decorators.task` attribute is deprecated. Please use `'airflow.sdk.task'`.","category":"UserWarning","filename":"/opt/airflow/dags/standardized_dag.py","lineno":1,"logger":"py.warnings"}
{"timestamp":"2026-06-12T14:07:17.581067Z","level":"warning","event":"Import 'Dataset' directly from the airflow module is deprecated and will be removed in the future. Please import it from 'airflow.sdk.Asset'.","category":"UserWarning","filename":"/opt/airflow/dags/assets.py","lineno":1,"logger":"py.warnings"}
{"timestamp":"2026-06-12T14:07:50.028180Z","level":"info","event":"Filling up the DagBag from /opt/airflow/dags/standardized_dag.py","logger":"airflow.dag_processing.dagbag.BundleDagBag","filename":"dagbag.py","lineno":469}
{"timestamp":"2026-06-12T14:07:50.095261Z","level":"warning","event":"The `airflow.decorators.dag` attribute is deprecated. Please use `'airflow.sdk.dag'`.","category":"UserWarning","filename":"/opt/airflow/dags/standardized_dag.py","lineno":1,"logger":"py.warnings"}
{"timestamp":"2026-06-12T14:07:50.095443Z","level":"warning","event":"The `airflow.decorators.task` attribute is deprecated. Please use `'airflow.sdk.task'`.","category":"UserWarning","filename":"/opt/airflow/dags/standardized_dag.py","lineno":1,"logger":"py.warnings"}
{"timestamp":"2026-06-12T14:07:50.095546Z","level":"warning","event":"Import 'Dataset' directly from the airflow module is deprecated and will be removed in the future. Please import it from 'airflow.sdk.Asset'.","category":"UserWarning","filename":"/opt/airflow/dags/assets.py","lineno":1,"logger":"py.warnings"}
{"timestamp":"2026-06-12T14:08:20.913358Z","level":"info","event":"Filling up the DagBag from /opt/airflow/dags/standardized_dag.py","logger":"airflow.dag_processing.dagbag.BundleDagBag","filename":"dagbag.py","lineno":469}
{"timestamp":"2026-06-12T14:08:20.969112Z","level":"warning","event":"The `airflow.decorators.dag` attribute is deprecated. Please use `'airflow.sdk.dag'`.","category":"UserWarning","filename":"/opt/airflow/dags/standardized_dag.py","lineno":1,"logger":"py.warnings"}
{"timestamp":"2026-06-12T14:08:20.969294Z","level":"warning","event":"The `airflow.decorators.task` attribute is deprecated. Please use `'airflow.sdk.task'`.","category":"UserWarning","filename":"/opt/airflow/dags/standardized_dag.py","lineno":1,"logger":"py.warnings"}
{"timestamp":"2026-06-12T14:08:20.969383Z","level":"warning","event":"Import 'Dataset' directly from the airflow module is deprecated and will be removed in the future. Please import it from 'airflow.sdk.Asset'.","category":"UserWarning","filename":"/opt/airflow/dags/assets.py","lineno":1,"logger":"py.warnings"}
{"timestamp":"2026-06-12T14:08:53.618009Z","level":"info","event":"Filling up the DagBag from /opt/airflow/dags/standardized_dag.py","logger":"airflow.dag_processing.dagbag.BundleDagBag","filename":"dagbag.py","lineno":469}
{"timestamp":"2026-06-12T14:08:53.673862Z","level":"warning","event":"The `airflow.decorators.dag` attribute is deprecated. Please use `'airflow.sdk.dag'`.","category":"UserWarning","filename":"/opt/airflow/dags/standardized_dag.py","lineno":1,"logger":"py.warnings"}
{"timestamp":"2026-06-12T14:08:53.673994Z","level":"warning","event":"The `airflow.decorators.task` attribute is deprecated. Please use `'airflow.sdk.task'`.","category":"UserWarning","filename":"/opt/airflow/dags/standardized_dag.py","lineno":1,"logger":"py.warnings"}
{"timestamp":"2026-06-12T14:08:53.674066Z","level":"warning","event":"Import 'Dataset' directly from the airflow module is deprecated and will be removed in the future. Please import it from 'airflow.sdk.Asset'.","category":"UserWarning","filename":"/opt/airflow/dags/assets.py","lineno":1,"logger":"py.warnings"}
{"timestamp":"2026-06-12T14:09:27.191229Z","level":"info","event":"Filling up the DagBag from /opt/airflow/dags/standardized_dag.py","logger":"airflow.dag_processing.dagbag.BundleDagBag","filename":"dagbag.py","lineno":469}
{"timestamp":"2026-06-12T14:09:27.254029Z","level":"warning","event":"The `airflow.decorators.dag` attribute is deprecated. Please use `'airflow.sdk.dag'`.","category":"UserWarning","filename":"/opt/airflow/dags/standardized_dag.py","lineno":1,"logger":"py.warnings"}
{"timestamp":"2026-06-12T14:09:27.254172Z","level":"warning","event":"The `airflow.decorators.task` attribute is deprecated. Please use `'airflow.sdk.task'`.","category":"UserWarning","filename":"/opt/airflow/dags/standardized_dag.py","lineno":1,"logger":"py.warnings"}
{"timestamp":"2026-06-12T14:09:27.254246Z","level":"warning","event":"Import 'Dataset' directly from the airflow module is deprecated and will be removed in the future. Please import it from 'airflow.sdk.Asset'.","category":"UserWarning","filename":"/opt/airflow/dags/assets.py","lineno":1,"logger":"py.warnings"}
{"timestamp":"2026-06-12T14:09:59.767124Z","level":"info","event":"Filling up the DagBag from /opt/airflow/dags/standardized_dag.py","logger":"airflow.dag_processing.dagbag.BundleDagBag","filename":"dagbag.py","lineno":469}
{"timestamp":"2026-06-12T14:09:59.818633Z","level":"warning","event":"The `airflow.decorators.dag` attribute is deprecated. Please use `'airflow.sdk.dag'`.","category":"UserWarning","filename":"/opt/airflow/dags/standardized_dag.py","lineno":1,"logger":"py.warnings"}
{"timestamp":"2026-06-12T14:09:59.818793Z","level":"warning","event":"The `airflow.decorators.task` attribute is deprecated. Please use `'airflow.sdk.task'`.","category":"UserWarning","filename":"/opt/airflow/dags/standardized_dag.py","lineno":1,"logger":"py.warnings"}
{"timestamp":"2026-06-12T14:09:59.818873Z","level":"warning","event":"Import 'Dataset' directly from the airflow module is deprecated and will be removed in the future. Please import it from 'airflow.sdk.Asset'.","category":"UserWarning","filename":"/opt/airflow/dags/assets.py","lineno":1,"logger":"py.warnings"}
{"timestamp":"2026-06-12T14:10:32.260005Z","level":"info","event":"Filling up the DagBag from /opt/airflow/dags/standardized_dag.py","logger":"airflow.dag_processing.dagbag.BundleDagBag","filename":"dagbag.py","lineno":469}
{"timestamp":"2026-06-12T14:10:32.330919Z","level":"warning","event":"The `airflow.decorators.dag` attribute is deprecated. Please use `'airflow.sdk.dag'`.","category":"UserWarning","filename":"/opt/airflow/dags/standardized_dag.py","lineno":1,"logger":"py.warnings"}
{"timestamp":"2026-06-12T14:10:32.331103Z","level":"warning","event":"The `airflow.decorators.task` attribute is deprecated. Please use `'airflow.sdk.task'`.","category":"UserWarning","filename":"/opt/airflow/dags/standardized_dag.py","lineno":1,"logger":"py.warnings"}
{"timestamp":"2026-06-12T14:10:32.331187Z","level":"warning","event":"Import 'Dataset' directly from the airflow module is deprecated and will be removed in the future. Please import it from 'airflow.sdk.Asset'.","category":"UserWarning","filename":"/opt/airflow/dags/assets.py","lineno":1,"logger":"py.warnings"}
{"timestamp":"2026-06-12T14:11:04.867464Z","level":"info","event":"Filling up the DagBag from /opt/airflow/dags/standardized_dag.py","logger":"airflow.dag_processing.dagbag.BundleDagBag","filename":"dagbag.py","lineno":469}
{"timestamp":"2026-06-12T14:11:04.966958Z","level":"warning","event":"The `airflow.decorators.dag` attribute is deprecated. Please use `'airflow.sdk.dag'`.","category":"UserWarning","filename":"/opt/airflow/dags/standardized_dag.py","lineno":1,"logger":"py.warnings"}
{"timestamp":"2026-06-12T14:11:04.967264Z","level":"warning","event":"The `airflow.decorators.task` attribute is deprecated. Please use `'airflow.sdk.task'`.","category":"UserWarning","filename":"/opt/airflow/dags/standardized_dag.py","lineno":1,"logger":"py.warnings"}
{"timestamp":"2026-06-12T14:11:04.967388Z","level":"warning","event":"Import 'Dataset' directly from the airflow module is deprecated and will be removed in the future. Please import it from 'airflow.sdk.Asset'.","category":"UserWarning","filename":"/opt/airflow/dags/assets.py","lineno":1,"logger":"py.warnings"}
{"timestamp":"2026-06-12T14:11:37.522090Z","level":"info","event":"Filling up the DagBag from /opt/airflow/dags/standardized_dag.py","logger":"airflow.dag_processing.dagbag.BundleDagBag","filename":"dagbag.py","lineno":469}
{"timestamp":"2026-06-12T14:11:37.580545Z","level":"warning","event":"The `airflow.decorators.dag` attribute is deprecated. Please use `'airflow.sdk.dag'`.","category":"UserWarning","filename":"/opt/airflow/dags/standardized_dag.py","lineno":1,"logger":"py.warnings"}
{"timestamp":"2026-06-12T14:11:37.580713Z","level":"warning","event":"The `airflow.decorators.task` attribute is deprecated. Please use `'airflow.sdk.task'`.","category":"UserWarning","filename":"/opt/airflow/dags/standardized_dag.py","lineno":1,"logger":"py.warnings"}
{"timestamp":"2026-06-12T14:11:37.580797Z","level":"warning","event":"Import 'Dataset' directly from the airflow module is deprecated and will be removed in the future. Please import it from 'airflow.sdk.Asset'.","category":"UserWarning","filename":"/opt/airflow/dags/assets.py","lineno":1,"logger":"py.warnings"}
{"timestamp":"2026-06-12T14:12:09.980890Z","level":"info","event":"Filling up the DagBag from /opt/airflow/dags/standardized_dag.py","logger":"airflow.dag_processing.dagbag.BundleDagBag","filename":"dagbag.py","lineno":469}
{"timestamp":"2026-06-12T14:12:10.034298Z","level":"warning","event":"The `airflow.decorators.dag` attribute is deprecated. Please use `'airflow.sdk.dag'`.","category":"UserWarning","filename":"/opt/airflow/dags/standardized_dag.py","lineno":1,"logger":"py.warnings"}
{"timestamp":"2026-06-12T14:12:10.034461Z","level":"warning","event":"The `airflow.decorators.task` attribute is deprecated. Please use `'airflow.sdk.task'`.","category":"UserWarning","filename":"/opt/airflow/dags/standardized_dag.py","lineno":1,"logger":"py.warnings"}
{"timestamp":"2026-06-12T14:12:10.034535Z","level":"warning","event":"Import 'Dataset' directly from the airflow module is deprecated and will be removed in the future. Please import it from 'airflow.sdk.Asset'.","category":"UserWarning","filename":"/opt/airflow/dags/assets.py","lineno":1,"logger":"py.warnings"}
{"timestamp":"2026-06-12T14:12:43.531196Z","level":"info","event":"Filling up the DagBag from /opt/airflow/dags/standardized_dag.py","logger":"airflow.dag_processing.dagbag.BundleDagBag","filename":"dagbag.py","lineno":469}
{"timestamp":"2026-06-12T14:12:43.582099Z","level":"warning","event":"The `airflow.decorators.dag` attribute is deprecated. Please use `'airflow.sdk.dag'`.","category":"UserWarning","filename":"/opt/airflow/dags/standardized_dag.py","lineno":1,"logger":"py.warnings"}
{"timestamp":"2026-06-12T14:12:43.582240Z","level":"warning","event":"The `airflow.decorators.task` attribute is deprecated. Please use `'airflow.sdk.task'`.","category":"UserWarning","filename":"/opt/airflow/dags/standardized_dag.py","lineno":1,"logger":"py.warnings"}
{"timestamp":"2026-06-12T14:12:43.582313Z","level":"warning","event":"Import 'Dataset' directly from the airflow module is deprecated and will be removed in the future. Please import it from 'airflow.sdk.Asset'.","category":"UserWarning","filename":"/opt/airflow/dags/assets.py","lineno":1,"logger":"py.warnings"}
{"timestamp":"2026-06-12T14:13:15.454589Z","level":"info","event":"Filling up the DagBag from /opt/airflow/dags/standardized_dag.py","logger":"airflow.dag_processing.dagbag.BundleDagBag","filename":"dagbag.py","lineno":469}
{"timestamp":"2026-06-12T14:13:15.538859Z","level":"warning","event":"The `airflow.decorators.dag` attribute is deprecated. Please use `'airflow.sdk.dag'`.","category":"UserWarning","filename":"/opt/airflow/dags/standardized_dag.py","lineno":1,"logger":"py.warnings"}
{"timestamp":"2026-06-12T14:13:15.539018Z","level":"warning","event":"The `airflow.decorators.task` attribute is deprecated. Please use `'airflow.sdk.task'`.","category":"UserWarning","filename":"/opt/airflow/dags/standardized_dag.py","lineno":1,"logger":"py.warnings"}
{"timestamp":"2026-06-12T14:13:15.539121Z","level":"warning","event":"Import 'Dataset' directly from the airflow module is deprecated and will be removed in the future. Please import it from 'airflow.sdk.Asset'.","category":"UserWarning","filename":"/opt/airflow/dags/assets.py","lineno":1,"logger":"py.warnings"}
{"timestamp":"2026-06-12T14:13:46.209717Z","level":"info","event":"Filling up the DagBag from /opt/airflow/dags/standardized_dag.py","logger":"airflow.dag_processing.dagbag.BundleDagBag","filename":"dagbag.py","lineno":469}
{"timestamp":"2026-06-12T14:13:46.265516Z","level":"warning","event":"The `airflow.decorators.dag` attribute is deprecated. Please use `'airflow.sdk.dag'`.","category":"UserWarning","filename":"/opt/airflow/dags/standardized_dag.py","lineno":1,"logger":"py.warnings"}
{"timestamp":"2026-06-12T14:13:46.265682Z","level":"warning","event":"The `airflow.decorators.task` attribute is deprecated. Please use `'airflow.sdk.task'`.","category":"UserWarning","filename":"/opt/airflow/dags/standardized_dag.py","lineno":1,"logger":"py.warnings"}
{"timestamp":"2026-06-12T14:13:46.265775Z","level":"warning","event":"Import 'Dataset' directly from the airflow module is deprecated and will be removed in the future. Please import it from 'airflow.sdk.Asset'.","category":"UserWarning","filename":"/opt/airflow/dags/assets.py","lineno":1,"logger":"py.warnings"}
{"timestamp":"2026-06-12T14:14:18.848574Z","level":"info","event":"Filling up the DagBag from /opt/airflow/dags/standardized_dag.py","logger":"airflow.dag_processing.dagbag.BundleDagBag","filename":"dagbag.py","lineno":469}
{"timestamp":"2026-06-12T14:14:18.904327Z","level":"warning","event":"The `airflow.decorators.dag` attribute is deprecated. Please use `'airflow.sdk.dag'`.","category":"UserWarning","filename":"/opt/airflow/dags/standardized_dag.py","lineno":1,"logger":"py.warnings"}
{"timestamp":"2026-06-12T14:14:18.904457Z","level":"warning","event":"The `airflow.decorators.task` attribute is deprecated. Please use `'airflow.sdk.task'`.","category":"UserWarning","filename":"/opt/airflow/dags/standardized_dag.py","lineno":1,"logger":"py.warnings"}
{"timestamp":"2026-06-12T14:14:18.904535Z","level":"warning","event":"Import 'Dataset' directly from the airflow module is deprecated and will be removed in the future. Please import it from 'airflow.sdk.Asset'.","category":"UserWarning","filename":"/opt/airflow/dags/assets.py","lineno":1,"logger":"py.warnings"}
{"timestamp":"2026-06-12T14:14:51.476701Z","level":"info","event":"Filling up the DagBag from /opt/airflow/dags/standardized_dag.py","logger":"airflow.dag_processing.dagbag.BundleDagBag","filename":"dagbag.py","lineno":469}
{"timestamp":"2026-06-12T14:14:51.602486Z","level":"warning","event":"The `airflow.decorators.dag` attribute is deprecated. Please use `'airflow.sdk.dag'`.","category":"UserWarning","filename":"/opt/airflow/dags/standardized_dag.py","lineno":1,"logger":"py.warnings"}
{"timestamp":"2026-06-12T14:14:51.603022Z","level":"warning","event":"The `airflow.decorators.task` attribute is deprecated. Please use `'airflow.sdk.task'`.","category":"UserWarning","filename":"/opt/airflow/dags/standardized_dag.py","lineno":1,"logger":"py.warnings"}
{"timestamp":"2026-06-12T14:14:51.603150Z","level":"warning","event":"Import 'Dataset' directly from the airflow module is deprecated and will be removed in the future. Please import it from 'airflow.sdk.Asset'.","category":"UserWarning","filename":"/opt/airflow/dags/assets.py","lineno":1,"logger":"py.warnings"}
{"timestamp":"2026-06-12T14:15:23.625433Z","level":"info","event":"Filling up the DagBag from /opt/airflow/dags/standardized_dag.py","logger":"airflow.dag_processing.dagbag.BundleDagBag","filename":"dagbag.py","lineno":469}
{"timestamp":"2026-06-12T14:15:23.670790Z","level":"error","event":"Failed to import: /opt/airflow/dags/standardized_dag.py","logger":"airflow.dag_processing.importers.python_importer","filename":"python_importer.py","lineno":244,"error_detail":[{"exc_type":"ModuleNotFoundError","exc_value":"No module named 'airflow.sdk.asset'","exc_notes":[],"syntax_error":null,"is_cause":false,"frames":[{"filename":"/home/airflow/.local/lib/python3.13/site-packages/airflow/dag_processing/importers/python_importer.py","lineno":238,"name":"parse"},{"filename":"<frozen importlib._bootstrap_external>","lineno":1023,"name":"exec_module"},{"filename":"<frozen importlib._bootstrap>","lineno":488,"name":"_call_with_frames_removed"},{"filename":"/opt/airflow/dags/standardized_dag.py","lineno":5,"name":"<module>"},{"filename":"/opt/airflow/dags/assets.py","lineno":1,"name":"<module>"}],"is_group":false,"exceptions":[]}]}
{"timestamp":"2026-06-12T14:15:23.678604Z","level":"error","event":"Error loading DAG from standardized_dag.py: No module named 'airflow.sdk.asset'","logger":"airflow.dag_processing.dagbag.BundleDagBag","filename":"dagbag.py","lineno":327}
{"timestamp":"2026-06-12T14:15:23.678821Z","level":"warning","event":"The `airflow.decorators.dag` attribute is deprecated. Please use `'airflow.sdk.dag'`.","category":"UserWarning","filename":"/opt/airflow/dags/standardized_dag.py","lineno":1,"logger":"py.warnings"}
{"timestamp":"2026-06-12T14:15:23.678924Z","level":"warning","event":"The `airflow.decorators.task` attribute is deprecated. Please use `'airflow.sdk.task'`.","category":"UserWarning","filename":"/opt/airflow/dags/standardized_dag.py","lineno":1,"logger":"py.warnings"}
{"timestamp":"2026-06-12T14:15:54.373070Z","level":"info","event":"Filling up the DagBag from /opt/airflow/dags/standardized_dag.py","logger":"airflow.dag_processing.dagbag.BundleDagBag","filename":"dagbag.py","lineno":469}
{"timestamp":"2026-06-12T14:15:54.430924Z","level":"error","event":"Failed to import: /opt/airflow/dags/standardized_dag.py","logger":"airflow.dag_processing.importers.python_importer","filename":"python_importer.py","lineno":244,"error_detail":[{"exc_type":"ModuleNotFoundError","exc_value":"No module named 'airflow.sdk.asset'","exc_notes":[],"syntax_error":null,"is_cause":false,"frames":[{"filename":"/home/airflow/.local/lib/python3.13/site-packages/airflow/dag_processing/importers/python_importer.py","lineno":238,"name":"parse"},{"filename":"<frozen importlib._bootstrap_external>","lineno":1023,"name":"exec_module"},{"filename":"<frozen importlib._bootstrap>","lineno":488,"name":"_call_with_frames_removed"},{"filename":"/opt/airflow/dags/standardized_dag.py","lineno":5,"name":"<module>"},{"filename":"/opt/airflow/dags/assets.py","lineno":1,"name":"<module>"}],"is_group":false,"exceptions":[]}]}
{"timestamp":"2026-06-12T14:15:54.437453Z","level":"error","event":"Error loading DAG from standardized_dag.py: No module named 'airflow.sdk.asset'","logger":"airflow.dag_processing.dagbag.BundleDagBag","filename":"dagbag.py","lineno":327}
{"timestamp":"2026-06-12T14:15:54.437645Z","level":"warning","event":"The `airflow.decorators.dag` attribute is deprecated. Please use `'airflow.sdk.dag'`.","category":"UserWarning","filename":"/opt/airflow/dags/standardized_dag.py","lineno":1,"logger":"py.warnings"}
{"timestamp":"2026-06-12T14:15:54.437748Z","level":"warning","event":"The `airflow.decorators.task` attribute is deprecated. Please use `'airflow.sdk.task'`.","category":"UserWarning","filename":"/opt/airflow/dags/standardized_dag.py","lineno":1,"logger":"py.warnings"}
{"timestamp":"2026-06-12T14:16:24.991365Z","level":"info","event":"Filling up the DagBag from /opt/airflow/dags/standardized_dag.py","logger":"airflow.dag_processing.dagbag.BundleDagBag","filename":"dagbag.py","lineno":469}
{"timestamp":"2026-06-12T14:16:25.050614Z","level":"error","event":"Failed to import: /opt/airflow/dags/standardized_dag.py","logger":"airflow.dag_processing.importers.python_importer","filename":"python_importer.py","lineno":244,"error_detail":[{"exc_type":"ModuleNotFoundError","exc_value":"No module named 'airflow.sdk.asset'","exc_notes":[],"syntax_error":null,"is_cause":false,"frames":[{"filename":"/home/airflow/.local/lib/python3.13/site-packages/airflow/dag_processing/importers/python_importer.py","lineno":238,"name":"parse"},{"filename":"<frozen importlib._bootstrap_external>","lineno":1023,"name":"exec_module"},{"filename":"<frozen importlib._bootstrap>","lineno":488,"name":"_call_with_frames_removed"},{"filename":"/opt/airflow/dags/standardized_dag.py","lineno":5,"name":"<module>"},{"filename":"/opt/airflow/dags/assets.py","lineno":1,"name":"<module>"}],"is_group":false,"exceptions":[]}]}
{"timestamp":"2026-06-12T14:16:25.058947Z","level":"error","event":"Error loading DAG from standardized_dag.py: No module named 'airflow.sdk.asset'","logger":"airflow.dag_processing.dagbag.BundleDagBag","filename":"dagbag.py","lineno":327}
{"timestamp":"2026-06-12T14:16:25.059219Z","level":"warning","event":"The `airflow.decorators.dag` attribute is deprecated. Please use `'airflow.sdk.dag'`.","category":"UserWarning","filename":"/opt/airflow/dags/standardized_dag.py","lineno":1,"logger":"py.warnings"}
{"timestamp":"2026-06-12T14:16:25.059382Z","level":"warning","event":"The `airflow.decorators.task` attribute is deprecated. Please use `'airflow.sdk.task'`.","category":"UserWarning","filename":"/opt/airflow/dags/standardized_dag.py","lineno":1,"logger":"py.warnings"}
{"timestamp":"2026-06-12T14:16:55.533817Z","level":"info","event":"Filling up the DagBag from /opt/airflow/dags/standardized_dag.py","logger":"airflow.dag_processing.dagbag.BundleDagBag","filename":"dagbag.py","lineno":469}
{"timestamp":"2026-06-12T14:16:55.595284Z","level":"error","event":"Failed to import: /opt/airflow/dags/standardized_dag.py","logger":"airflow.dag_processing.importers.python_importer","filename":"python_importer.py","lineno":244,"error_detail":[{"exc_type":"ModuleNotFoundError","exc_value":"No module named 'airflow.sdk.asset'","exc_notes":[],"syntax_error":null,"is_cause":false,"frames":[{"filename":"/home/airflow/.local/lib/python3.13/site-packages/airflow/dag_processing/importers/python_importer.py","lineno":238,"name":"parse"},{"filename":"<frozen importlib._bootstrap_external>","lineno":1023,"name":"exec_module"},{"filename":"<frozen importlib._bootstrap>","lineno":488,"name":"_call_with_frames_removed"},{"filename":"/opt/airflow/dags/standardized_dag.py","lineno":6,"name":"<module>"},{"filename":"/opt/airflow/dags/assets.py","lineno":1,"name":"<module>"}],"is_group":false,"exceptions":[]}]}
{"timestamp":"2026-06-12T14:16:55.601944Z","level":"error","event":"Error loading DAG from standardized_dag.py: No module named 'airflow.sdk.asset'","logger":"airflow.dag_processing.dagbag.BundleDagBag","filename":"dagbag.py","lineno":327}
{"timestamp":"2026-06-12T14:16:55.602215Z","level":"warning","event":"The `airflow.decorators.dag` attribute is deprecated. Please use `'airflow.sdk.dag'`.","category":"UserWarning","filename":"/opt/airflow/dags/standardized_dag.py","lineno":1,"logger":"py.warnings"}
{"timestamp":"2026-06-12T14:16:55.602322Z","level":"warning","event":"The `airflow.decorators.task` attribute is deprecated. Please use `'airflow.sdk.task'`.","category":"UserWarning","filename":"/opt/airflow/dags/standardized_dag.py","lineno":1,"logger":"py.warnings"}
{"timestamp":"2026-06-12T14:17:23.360831Z","level":"info","event":"Filling up the DagBag from /opt/airflow/dags/standardized_dag.py","logger":"airflow.dag_processing.dagbag.BundleDagBag","filename":"dagbag.py","lineno":469}
{"timestamp":"2026-06-12T14:17:23.560042Z","level":"error","event":"Failed to import: /opt/airflow/dags/standardized_dag.py","logger":"airflow.dag_processing.importers.python_importer","filename":"python_importer.py","lineno":244,"error_detail":[{"exc_type":"ModuleNotFoundError","exc_value":"No module named 'airflow.sdk.asset'","exc_notes":[],"syntax_error":null,"is_cause":false,"frames":[{"filename":"/home/airflow/.local/lib/python3.13/site-packages/airflow/dag_processing/importers/python_importer.py","lineno":238,"name":"parse"},{"filename":"<frozen importlib._bootstrap_external>","lineno":1023,"name":"exec_module"},{"filename":"<frozen importlib._bootstrap>","lineno":488,"name":"_call_with_frames_removed"},{"filename":"/opt/airflow/dags/standardized_dag.py","lineno":5,"name":"<module>"},{"filename":"/opt/airflow/dags/assets.py","lineno":1,"name":"<module>"}],"is_group":false,"exceptions":[]}]}
{"timestamp":"2026-06-12T14:17:23.582608Z","level":"error","event":"Error loading DAG from standardized_dag.py: No module named 'airflow.sdk.asset'","logger":"airflow.dag_processing.dagbag.BundleDagBag","filename":"dagbag.py","lineno":327}
{"timestamp":"2026-06-12T14:17:54.123415Z","level":"info","event":"Filling up the DagBag from /opt/airflow/dags/standardized_dag.py","logger":"airflow.dag_processing.dagbag.BundleDagBag","filename":"dagbag.py","lineno":469}
{"timestamp":"2026-06-12T14:18:25.019045Z","level":"info","event":"Filling up the DagBag from /opt/airflow/dags/standardized_dag.py","logger":"airflow.dag_processing.dagbag.BundleDagBag","filename":"dagbag.py","lineno":469}
{"timestamp":"2026-06-12T14:18:55.460680Z","level":"info","event":"Filling up the DagBag from /opt/airflow/dags/standardized_dag.py","logger":"airflow.dag_processing.dagbag.BundleDagBag","filename":"dagbag.py","lineno":469}
{"timestamp":"2026-06-12T14:19:25.904878Z","level":"info","event":"Filling up the DagBag from /opt/airflow/dags/standardized_dag.py","logger":"airflow.dag_processing.dagbag.BundleDagBag","filename":"dagbag.py","lineno":469}
{"timestamp":"2026-06-12T14:19:56.641182Z","level":"info","event":"Filling up the DagBag from /opt/airflow/dags/standardized_dag.py","logger":"airflow.dag_processing.dagbag.BundleDagBag","filename":"dagbag.py","lineno":469}
{"timestamp":"2026-06-12T14:20:27.221037Z","level":"info","event":"Filling up the DagBag from /opt/airflow/dags/standardized_dag.py","logger":"airflow.dag_processing.dagbag.BundleDagBag","filename":"dagbag.py","lineno":469}
{"timestamp":"2026-06-12T14:20:57.877579Z","level":"info","event":"Filling up the DagBag from /opt/airflow/dags/standardized_dag.py","logger":"airflow.dag_processing.dagbag.BundleDagBag","filename":"dagbag.py","lineno":469}
{"timestamp":"2026-06-12T14:21:28.420183Z","level":"info","event":"Filling up the DagBag from /opt/airflow/dags/standardized_dag.py","logger":"airflow.dag_processing.dagbag.BundleDagBag","filename":"dagbag.py","lineno":469}
{"timestamp":"2026-06-12T14:21:59.012901Z","level":"info","event":"Filling up the DagBag from /opt/airflow/dags/standardized_dag.py","logger":"airflow.dag_processing.dagbag.BundleDagBag","filename":"dagbag.py","lineno":469}
{"timestamp":"2026-06-12T14:22:29.605164Z","level":"info","event":"Filling up the DagBag from /opt/airflow/dags/standardized_dag.py","logger":"airflow.dag_processing.dagbag.BundleDagBag","filename":"dagbag.py","lineno":469}
{"timestamp":"2026-06-12T14:23:00.220602Z","level":"info","event":"Filling up the DagBag from /opt/airflow/dags/standardized_dag.py","logger":"airflow.dag_processing.dagbag.BundleDagBag","filename":"dagbag.py","lineno":469}
{"timestamp":"2026-06-12T14:23:30.960997Z","level":"info","event":"Filling up the DagBag from /opt/airflow/dags/standardized_dag.py","logger":"airflow.dag_processing.dagbag.BundleDagBag","filename":"dagbag.py","lineno":469}
{"timestamp":"2026-06-12T14:24:02.559186Z","level":"info","event":"Filling up the DagBag from /opt/airflow/dags/standardized_dag.py","logger":"airflow.dag_processing.dagbag.BundleDagBag","filename":"dagbag.py","lineno":469}
{"timestamp":"2026-06-12T14:25:33.823417Z","level":"info","event":"Filling up the DagBag from /opt/airflow/dags/standardized_dag.py","logger":"airflow.dag_processing.dagbag.BundleDagBag","filename":"dagbag.py","lineno":469}
{"timestamp":"2026-06-12T14:26:04.031680Z","level":"info","event":"Filling up the DagBag from /opt/airflow/dags/standardized_dag.py","logger":"airflow.dag_processing.dagbag.BundleDagBag","filename":"dagbag.py","lineno":469}
{"timestamp":"2026-06-12T14:26:34.401926Z","level":"info","event":"Filling up the DagBag from /opt/airflow/dags/standardized_dag.py","logger":"airflow.dag_processing.dagbag.BundleDagBag","filename":"dagbag.py","lineno":469}
{"timestamp":"2026-06-12T14:27:44.647738Z","level":"info","event":"Filling up the DagBag from /opt/airflow/dags/standardized_dag.py","logger":"airflow.dag_processing.dagbag.BundleDagBag","filename":"dagbag.py","lineno":469}
{"timestamp":"2026-06-12T14:28:15.467273Z","level":"info","event":"Filling up the DagBag from /opt/airflow/dags/standardized_dag.py","logger":"airflow.dag_processing.dagbag.BundleDagBag","filename":"dagbag.py","lineno":469}
{"timestamp":"2026-06-12T14:28:46.468293Z","level":"info","event":"Filling up the DagBag from /opt/airflow/dags/standardized_dag.py","logger":"airflow.dag_processing.dagbag.BundleDagBag","filename":"dagbag.py","lineno":469}
{"timestamp":"2026-06-12T14:32:07.758239Z","level":"info","event":"Filling up the DagBag from /opt/airflow/dags/standardized_dag.py","logger":"airflow.dag_processing.dagbag.BundleDagBag","filename":"dagbag.py","lineno":469}
{"timestamp":"2026-06-12T14:32:44.275511Z","level":"info","event":"Filling up the DagBag from /opt/airflow/dags/standardized_dag.py","logger":"airflow.dag_processing.dagbag.BundleDagBag","filename":"dagbag.py","lineno":469}
{"timestamp":"2026-06-12T14:33:16.676268Z","level":"info","event":"Filling up the DagBag from /opt/airflow/dags/standardized_dag.py","logger":"airflow.dag_processing.dagbag.BundleDagBag","filename":"dagbag.py","lineno":469}
{"timestamp":"2026-06-12T14:34:17.573732Z","level":"info","event":"Filling up the DagBag from /opt/airflow/dags/standardized_dag.py","logger":"airflow.dag_processing.dagbag.BundleDagBag","filename":"dagbag.py","lineno":469}
{"timestamp":"2026-06-12T14:34:48.278124Z","level":"info","event":"Filling up the DagBag from /opt/airflow/dags/standardized_dag.py","logger":"airflow.dag_processing.dagbag.BundleDagBag","filename":"dagbag.py","lineno":469}
{"timestamp":"2026-06-12T14:35:18.851024Z","level":"info","event":"Filling up the DagBag from /opt/airflow/dags/standardized_dag.py","logger":"airflow.dag_processing.dagbag.BundleDagBag","filename":"dagbag.py","lineno":469}
{"timestamp":"2026-06-12T14:35:49.320466Z","level":"info","event":"Filling up the DagBag from /opt/airflow/dags/standardized_dag.py","logger":"airflow.dag_processing.dagbag.BundleDagBag","filename":"dagbag.py","lineno":469}
{"timestamp":"2026-06-12T14:36:19.758691Z","level":"info","event":"Filling up the DagBag from /opt/airflow/dags/standardized_dag.py","logger":"airflow.dag_processing.dagbag.BundleDagBag","filename":"dagbag.py","lineno":469}
{"timestamp":"2026-06-12T14:36:43.159007Z","level":"info","event":"Filling up the DagBag from /opt/airflow/dags/standardized_dag.py","logger":"airflow.dag_processing.dagbag.BundleDagBag","filename":"dagbag.py","lineno":469}
{"timestamp":"2026-06-12T14:36:53.671093Z","level":"info","event":"Filling up the DagBag from /opt/airflow/dags/standardized_dag.py","logger":"airflow.dag_processing.dagbag.BundleDagBag","filename":"dagbag.py","lineno":469}
{"timestamp":"2026-06-12T14:37:24.136049Z","level":"info","event":"Filling up the DagBag from /opt/airflow/dags/standardized_dag.py","logger":"airflow.dag_processing.dagbag.BundleDagBag","filename":"dagbag.py","lineno":469}
{"timestamp":"2026-06-12T14:37:55.058631Z","level":"info","event":"Filling up the DagBag from /opt/airflow/dags/standardized_dag.py","logger":"airflow.dag_processing.dagbag.BundleDagBag","filename":"dagbag.py","lineno":469}
{"timestamp":"2026-06-12T14:38:25.706846Z","level":"info","event":"Filling up the DagBag from /opt/airflow/dags/standardized_dag.py","logger":"airflow.dag_processing.dagbag.BundleDagBag","filename":"dagbag.py","lineno":469}
{"timestamp":"2026-06-12T14:38:56.199430Z","level":"info","event":"Filling up the DagBag from /opt/airflow/dags/standardized_dag.py","logger":"airflow.dag_processing.dagbag.BundleDagBag","filename":"dagbag.py","lineno":469}
{"timestamp":"2026-06-12T14:39:26.800179Z","level":"info","event":"Filling up the DagBag from /opt/airflow/dags/standardized_dag.py","logger":"airflow.dag_processing.dagbag.BundleDagBag","filename":"dagbag.py","lineno":469}
{"timestamp":"2026-06-12T14:39:57.482299Z","level":"info","event":"Filling up the DagBag from /opt/airflow/dags/standardized_dag.py","logger":"airflow.dag_processing.dagbag.BundleDagBag","filename":"dagbag.py","lineno":469}
{"timestamp":"2026-06-12T14:40:27.962510Z","level":"info","event":"Filling up the DagBag from /opt/airflow/dags/standardized_dag.py","logger":"airflow.dag_processing.dagbag.BundleDagBag","filename":"dagbag.py","lineno":469}
{"timestamp":"2026-06-12T14:40:58.464065Z","level":"info","event":"Filling up the DagBag from /opt/airflow/dags/standardized_dag.py","logger":"airflow.dag_processing.dagbag.BundleDagBag","filename":"dagbag.py","lineno":469}
{"timestamp":"2026-06-12T14:41:28.986480Z","level":"info","event":"Filling up the DagBag from /opt/airflow/dags/standardized_dag.py","logger":"airflow.dag_processing.dagbag.BundleDagBag","filename":"dagbag.py","lineno":469}
{"timestamp":"2026-06-12T14:42:00.147634Z","level":"info","event":"Filling up the DagBag from /opt/airflow/dags/standardized_dag.py","logger":"airflow.dag_processing.dagbag.BundleDagBag","filename":"dagbag.py","lineno":469}
{"timestamp":"2026-06-12T14:42:32.656397Z","level":"info","event":"Filling up the DagBag from /opt/airflow/dags/standardized_dag.py","logger":"airflow.dag_processing.dagbag.BundleDagBag","filename":"dagbag.py","lineno":469}
{"timestamp":"2026-06-12T14:43:06.139763Z","level":"info","event":"Filling up the DagBag from /opt/airflow/dags/standardized_dag.py","logger":"airflow.dag_processing.dagbag.BundleDagBag","filename":"dagbag.py","lineno":469}
{"timestamp":"2026-06-12T14:43:38.832271Z","level":"info","event":"Filling up the DagBag from /opt/airflow/dags/standardized_dag.py","logger":"airflow.dag_processing.dagbag.BundleDagBag","filename":"dagbag.py","lineno":469}
{"timestamp":"2026-06-12T14:44:11.311246Z","level":"info","event":"Filling up the DagBag from /opt/airflow/dags/standardized_dag.py","logger":"airflow.dag_processing.dagbag.BundleDagBag","filename":"dagbag.py","lineno":469}
{"timestamp":"2026-06-12T14:44:43.810736Z","level":"info","event":"Filling up the DagBag from /opt/airflow/dags/standardized_dag.py","logger":"airflow.dag_processing.dagbag.BundleDagBag","filename":"dagbag.py","lineno":469}
{"timestamp":"2026-06-12T14:45:16.371328Z","level":"info","event":"Filling up the DagBag from /opt/airflow/dags/standardized_dag.py","logger":"airflow.dag_processing.dagbag.BundleDagBag","filename":"dagbag.py","lineno":469}
