{"timestamp":"2026-06-14T16:48:10.447559Z","level":"info","event":"DAG bundles loaded: dags-folder","logger":"airflow.dag_processing.bundles.manager.DagBundlesManager","filename":"manager.py","lineno":209}
{"timestamp":"2026-06-14T16:48:10.449457Z","level":"info","event":"Filling up the DagBag from /opt/airflow/dags/standardized_dag.py","logger":"airflow.dag_processing.dagbag.BundleDagBag","filename":"dagbag.py","lineno":469}
{"timestamp":"2026-06-14T16:48:12.278290Z","level":"info","event":"\u001b[0m16:48:12  Running with dbt=1.11.11","logger":"task.stdout"}
{"timestamp":"2026-06-14T16:48:14.123960Z","level":"info","event":"\u001b[0m16:48:14  Registered adapter: databricks=1.12.1","logger":"task.stdout"}
{"timestamp":"2026-06-14T16:48:14.505671Z","level":"info","event":"\u001b[0m16:48:14  Unable to do partial parsing because of a version mismatch","logger":"task.stdout"}
{"timestamp":"2026-06-14T16:48:19.353485Z","level":"info","event":"\u001b[0m16:48:19  [\u001b[33mWARNING\u001b[0m][MissingArgumentsPropertyInGenericTestDeprecation]: Deprecated","logger":"task.stdout"}
{"timestamp":"2026-06-14T16:48:19.354439Z","level":"info","event":"functionality","logger":"task.stdout"}
{"timestamp":"2026-06-14T16:48:19.355316Z","level":"info","event":"Found top-level arguments to test `dbt_utils.accepted_range` defined on","logger":"task.stdout"}
{"timestamp":"2026-06-14T16:48:19.356189Z","level":"info","event":"'agg_ritten_per_bureau' in package 'ov_pipeline' (models/reporting/schema.yml).","logger":"task.stdout"}
{"timestamp":"2026-06-14T16:48:19.357019Z","level":"info","event":"Arguments to generic tests should be nested under the `arguments` property.","logger":"task.stdout"}
{"timestamp":"2026-06-14T16:48:20.137647Z","level":"info","event":"\u001b[0m16:48:20  Found 9 models, 41 data tests, 6 sources, 1145 macros","logger":"task.stdout"}
{"timestamp":"2026-06-14T16:48:20.144437Z","level":"info","event":"\u001b[0m16:48:20","logger":"task.stdout"}
{"timestamp":"2026-06-14T16:48:20.145643Z","level":"info","event":"\u001b[0m16:48:20  Concurrency: 1 threads (target='dev')","logger":"task.stdout"}
{"timestamp":"2026-06-14T16:48:20.146759Z","level":"info","event":"\u001b[0m16:48:20","logger":"task.stdout"}
{"timestamp":"2026-06-14T16:48:26.531400Z","level":"info","event":"\u001b[0m16:48:26  1 of 6 START sql table model standardized.dim_bureau ........................... [RUN]","logger":"task.stdout"}
{"timestamp":"2026-06-14T16:48:31.138183Z","level":"info","event":"\u001b[0m16:48:31  1 of 6 OK created sql table model standardized.dim_bureau ...................... [\u001b[32mOK\u001b[0m in 4.60s]","logger":"task.stdout"}
{"timestamp":"2026-06-14T16:48:31.152659Z","level":"info","event":"\u001b[0m16:48:31  2 of 6 START sql table model standardized.dim_feestdagen ....................... [RUN]","logger":"task.stdout"}
{"timestamp":"2026-06-14T16:48:35.096276Z","level":"info","event":"\u001b[0m16:48:35  2 of 6 OK created sql table model standardized.dim_feestdagen .................. [\u001b[32mOK\u001b[0m in 3.94s]","logger":"task.stdout"}
{"timestamp":"2026-06-14T16:48:35.104468Z","level":"info","event":"\u001b[0m16:48:35  3 of 6 START sql table model standardized.dim_haltes ........................... [RUN]","logger":"task.stdout"}
{"timestamp":"2026-06-14T16:48:39.336053Z","level":"info","event":"\u001b[0m16:48:39  3 of 6 OK created sql table model standardized.dim_haltes ...................... [\u001b[32mOK\u001b[0m in 4.23s]","logger":"task.stdout"}
{"timestamp":"2026-06-14T16:48:39.353325Z","level":"info","event":"\u001b[0m16:48:39  4 of 6 START sql table model standardized.dim_routes ........................... [RUN]","logger":"task.stdout"}
{"timestamp":"2026-06-14T16:48:43.361434Z","level":"info","event":"\u001b[0m16:48:43  4 of 6 OK created sql table model standardized.dim_routes ...................... [\u001b[32mOK\u001b[0m in 4.01s]","logger":"task.stdout"}
{"timestamp":"2026-06-14T16:48:43.365640Z","level":"info","event":"\u001b[0m16:48:43  5 of 6 START sql table model standardized.dim_kalender ......................... [RUN]","logger":"task.stdout"}
{"timestamp":"2026-06-14T16:48:48.971734Z","level":"info","event":"\u001b[0m16:48:48  5 of 6 OK created sql table model standardized.dim_kalender .................... [\u001b[32mOK\u001b[0m in 5.60s]","logger":"task.stdout"}
{"timestamp":"2026-06-14T16:48:48.975943Z","level":"info","event":"\u001b[0m16:48:48  6 of 6 START sql table model standardized.fct_ritten ........................... [RUN]","logger":"task.stdout"}
{"timestamp":"2026-06-14T16:49:10.344760Z","level":"info","event":"\u001b[0m16:49:10  6 of 6 OK created sql table model standardized.fct_ritten ...................... [\u001b[32mOK\u001b[0m in 21.37s]","logger":"task.stdout"}
{"timestamp":"2026-06-14T16:49:10.351986Z","level":"info","event":"\u001b[0m16:49:10","logger":"task.stdout"}
{"timestamp":"2026-06-14T16:49:10.353197Z","level":"info","event":"\u001b[0m16:49:10  Finished running 6 table models in 0 hours 0 minutes and 50.20 seconds (50.20s).","logger":"task.stdout"}
{"timestamp":"2026-06-14T16:49:10.784611Z","level":"info","event":"\u001b[0m16:49:10","logger":"task.stdout"}
{"timestamp":"2026-06-14T16:49:10.785992Z","level":"info","event":"\u001b[0m16:49:10  \u001b[32mCompleted successfully\u001b[0m","logger":"task.stdout"}
{"timestamp":"2026-06-14T16:49:10.786825Z","level":"info","event":"\u001b[0m16:49:10","logger":"task.stdout"}
{"timestamp":"2026-06-14T16:49:10.787828Z","level":"info","event":"\u001b[0m16:49:10  Done. PASS=6 WARN=0 ERROR=0 SKIP=0 NO-OP=0 TOTAL=6","logger":"task.stdout"}
{"timestamp":"2026-06-14T16:49:10.789144Z","level":"info","event":"\u001b[0m16:49:10  [\u001b[33mWARNING\u001b[0m][DeprecationsSummary]: Deprecated functionality","logger":"task.stdout"}
{"timestamp":"2026-06-14T16:49:10.789756Z","level":"info","event":"Summary of encountered deprecations:","logger":"task.stdout"}
{"timestamp":"2026-06-14T16:49:10.790293Z","level":"info","event":"- MissingArgumentsPropertyInGenericTestDeprecation: 9 occurrences","logger":"task.stdout"}
{"timestamp":"2026-06-14T16:49:10.791037Z","level":"info","event":"To see all deprecation instances instead of just the first occurrence of each,","logger":"task.stdout"}
{"timestamp":"2026-06-14T16:49:10.791962Z","level":"info","event":"run command again with the `--show-all-deprecations` flag. You may also need to","logger":"task.stdout"}
{"timestamp":"2026-06-14T16:49:10.793634Z","level":"info","event":"run with `--no-partial-parse` as some deprecations are only encountered during","logger":"task.stdout"}
{"timestamp":"2026-06-14T16:49:10.794825Z","level":"info","event":"parsing.","logger":"task.stdout"}
{"timestamp":"2026-06-14T16:49:12.204700Z","level":"info","event":"Done. Returned value was: None","logger":"airflow.task.operators.airflow.providers.standard.decorators.python._PythonDecoratedOperator","filename":"python.py","lineno":229}
